Ligand_name	1aju_model1.pdb#How_many_HB	1aju_model1.pdb#HB_Strong	1aju_model1.pdb#HB_Moderate	1aju_model1.pdb#HB_Weak	1aju_model1.pdb#How_many_HAL	1aju_model1.pdb#How_many_CA	1aju_model1.pdb#Pi_Cation	1aju_model1.pdb#Pi_Anion	1aju_model1.pdb#Pi_Stacking
molecule_00001^1	0	0	0	0	0	2	0	0	0
molecule_00001^2	0	0	0	0	0	3	0	0	1
molecule_00002^1	4	0	3	1	0	0	1	0	1
molecule_00006^1	0	0	0	0	0	0	0	0	1
