Ligand_name	1aju_model1.pdb#P	1aju_model1.pdb#B	1aju_model1.pdb#S
molecule_00001^1	1	3	2
molecule_00001^2	1	3	1
molecule_00002^1	0	3	2
molecule_00006^1	0	3	2
