Ligand_name	1aju_model1.pdb#Purines#SIMPLE	1aju_model1.pdb#Pyrimidynes#SIMPLE
molecule_00001^1	1	1
molecule_00001^2	1	1
molecule_00002^1	1	1
molecule_00006^1	1	1
