Ligand_name	1aju_model1.pdb#Purines#P	1aju_model1.pdb#Purines#B	1aju_model1.pdb#Purines#S	1aju_model1.pdb#Pyrimidynes#P	1aju_model1.pdb#Pyrimidynes#B	1aju_model1.pdb#Pyrimidynes#S
molecule_00001^1	1	1	1	0	1	1
molecule_00001^2	1	1	1	0	1	0
molecule_00002^1	0	1	1	0	1	1
molecule_00006^1	0	1	1	0	1	1
