Ligand_name	1aju_model1.pdb#A#P	1aju_model1.pdb#A#B	1aju_model1.pdb#A#S	1aju_model1.pdb#C#P	1aju_model1.pdb#C#B	1aju_model1.pdb#C#S	1aju_model1.pdb#U#P	1aju_model1.pdb#U#B	1aju_model1.pdb#U#S	1aju_model1.pdb#G#P	1aju_model1.pdb#G#B	1aju_model1.pdb#G#S
molecule_00001^1	1	1	1	0	0	0	0	1	1	0	1	0
molecule_00001^2	1	1	1	0	0	0	0	1	0	0	1	0
molecule_00002^1	0	1	1	0	0	0	0	1	1	0	1	0
molecule_00006^1	0	1	1	0	0	0	0	1	1	0	1	0
