Ligand_name	1aju_model1.pdb#A#How_many_HB	1aju_model1.pdb#A#HB_Strong	1aju_model1.pdb#A#HB_Moderate	1aju_model1.pdb#A#HB_Weak	1aju_model1.pdb#A#How_many_HAL	1aju_model1.pdb#A#How_many_CA	1aju_model1.pdb#A#Pi_Cation	1aju_model1.pdb#A#Pi_Anion	1aju_model1.pdb#A#Pi_Stacking	1aju_model1.pdb#C#How_many_HB	1aju_model1.pdb#C#HB_Strong	1aju_model1.pdb#C#HB_Moderate	1aju_model1.pdb#C#HB_Weak	1aju_model1.pdb#C#How_many_HAL	1aju_model1.pdb#C#How_many_CA	1aju_model1.pdb#C#Pi_Cation	1aju_model1.pdb#C#Pi_Anion	1aju_model1.pdb#C#Pi_Stacking	1aju_model1.pdb#U#How_many_HB	1aju_model1.pdb#U#HB_Strong	1aju_model1.pdb#U#HB_Moderate	1aju_model1.pdb#U#HB_Weak	1aju_model1.pdb#U#How_many_HAL	1aju_model1.pdb#U#How_many_CA	1aju_model1.pdb#U#Pi_Cation	1aju_model1.pdb#U#Pi_Anion	1aju_model1.pdb#U#Pi_Stacking	1aju_model1.pdb#G#How_many_HB	1aju_model1.pdb#G#HB_Strong	1aju_model1.pdb#G#HB_Moderate	1aju_model1.pdb#G#HB_Weak	1aju_model1.pdb#G#How_many_HAL	1aju_model1.pdb#G#How_many_CA	1aju_model1.pdb#G#Pi_Cation	1aju_model1.pdb#G#Pi_Anion	1aju_model1.pdb#G#Pi_Stacking
molecule_00001^1	0	0	0	0	0	2	0	0	0	0	0	0	0	0	0	0	0	0	0	0	0	0	0	0	0	0	0	0	0	0	0	0	0	0	0	0
molecule_00001^2	0	0	0	0	0	2	0	0	1	0	0	0	0	0	0	0	0	0	0	0	0	0	0	1	0	0	0	0	0	0	0	0	0	0	0	0
molecule_00002^1	1	0	1	0	0	0	1	0	1	0	0	0	0	0	0	0	0	0	1	0	0	1	0	0	0	0	0	2	0	2	0	0	0	0	0	0
molecule_00006^1	0	0	0	0	0	0	0	0	1	0	0	0	0	0	0	0	0	0	0	0	0	0	0	0	0	0	0	0	0	0	0	0	0	0	0	0
