Ligand_name	1aju_model1.pdb#SIMPLE
molecule_00001^1	3
molecule_00001^2	3
molecule_00002^1	3
molecule_00006^1	3
