Ligand_name	1aju_model1.pdb#Purines#How_many_HB	1aju_model1.pdb#Purines#HB_Strong	1aju_model1.pdb#Purines#HB_Moderate	1aju_model1.pdb#Purines#HB_Weak	1aju_model1.pdb#Purines#How_many_HAL	1aju_model1.pdb#Purines#How_many_CA	1aju_model1.pdb#Purines#Pi_Cation	1aju_model1.pdb#Purines#Pi_Anion	1aju_model1.pdb#Purines#Pi_Stacking	1aju_model1.pdb#Pyrimidynes#How_many_HB	1aju_model1.pdb#Pyrimidynes#HB_Strong	1aju_model1.pdb#Pyrimidynes#HB_Moderate	1aju_model1.pdb#Pyrimidynes#HB_Weak	1aju_model1.pdb#Pyrimidynes#How_many_HAL	1aju_model1.pdb#Pyrimidynes#How_many_CA	1aju_model1.pdb#Pyrimidynes#Pi_Cation	1aju_model1.pdb#Pyrimidynes#Pi_Anion	1aju_model1.pdb#Pyrimidynes#Pi_Stacking
molecule_00001^1	0	0	0	0	0	2	0	0	0	0	0	0	0	0	0	0	0	0
molecule_00001^2	0	0	0	0	0	2	0	0	1	0	0	0	0	0	1	0	0	0
molecule_00002^1	3	0	3	0	0	0	1	0	1	1	0	0	1	0	0	0	0	0
molecule_00006^1	0	0	0	0	0	0	0	0	1	0	0	0	0	0	0	0	0	0
