Ligand_name	1aju_model1.pdb#16:A#P	1aju_model1.pdb#16:A#B	1aju_model1.pdb#16:A#S	1aju_model1.pdb#17:A#P	1aju_model1.pdb#17:A#B	1aju_model1.pdb#17:A#S	1aju_model1.pdb#18:A#P	1aju_model1.pdb#18:A#B	1aju_model1.pdb#18:A#S	1aju_model1.pdb#19:A#P	1aju_model1.pdb#19:A#B	1aju_model1.pdb#19:A#S	1aju_model1.pdb#20:A#P	1aju_model1.pdb#20:A#B	1aju_model1.pdb#20:A#S	1aju_model1.pdb#21:A#P	1aju_model1.pdb#21:A#B	1aju_model1.pdb#21:A#S	1aju_model1.pdb#22:A#P	1aju_model1.pdb#22:A#B	1aju_model1.pdb#22:A#S	1aju_model1.pdb#23:A#P	1aju_model1.pdb#23:A#B	1aju_model1.pdb#23:A#S	1aju_model1.pdb#25:A#P	1aju_model1.pdb#25:A#B	1aju_model1.pdb#25:A#S	1aju_model1.pdb#26:A#P	1aju_model1.pdb#26:A#B	1aju_model1.pdb#26:A#S	1aju_model1.pdb#27:A#P	1aju_model1.pdb#27:A#B	1aju_model1.pdb#27:A#S	1aju_model1.pdb#28:A#P	1aju_model1.pdb#28:A#B	1aju_model1.pdb#28:A#S	1aju_model1.pdb#29:A#P	1aju_model1.pdb#29:A#B	1aju_model1.pdb#29:A#S	1aju_model1.pdb#30:A#P	1aju_model1.pdb#30:A#B	1aju_model1.pdb#30:A#S	1aju_model1.pdb#31:A#P	1aju_model1.pdb#31:A#B	1aju_model1.pdb#31:A#S	1aju_model1.pdb#32:A#P	1aju_model1.pdb#32:A#B	1aju_model1.pdb#32:A#S	1aju_model1.pdb#33:A#P	1aju_model1.pdb#33:A#B	1aju_model1.pdb#33:A#S	1aju_model1.pdb#34:A#P	1aju_model1.pdb#34:A#B	1aju_model1.pdb#34:A#S	1aju_model1.pdb#35:A#P	1aju_model1.pdb#35:A#B	1aju_model1.pdb#35:A#S	1aju_model1.pdb#36:A#P	1aju_model1.pdb#36:A#B	1aju_model1.pdb#36:A#S	1aju_model1.pdb#37:A#P	1aju_model1.pdb#37:A#B	1aju_model1.pdb#37:A#S	1aju_model1.pdb#38:A#P	1aju_model1.pdb#38:A#B	1aju_model1.pdb#38:A#S	1aju_model1.pdb#39:A#P	1aju_model1.pdb#39:A#B	1aju_model1.pdb#39:A#S	1aju_model1.pdb#40:A#P	1aju_model1.pdb#40:A#B	1aju_model1.pdb#40:A#S	1aju_model1.pdb#41:A#P	1aju_model1.pdb#41:A#B	1aju_model1.pdb#41:A#S	1aju_model1.pdb#42:A#P	1aju_model1.pdb#42:A#B	1aju_model1.pdb#42:A#S	1aju_model1.pdb#43:A#P	1aju_model1.pdb#43:A#B	1aju_model1.pdb#43:A#S	1aju_model1.pdb#44:A#P	1aju_model1.pdb#44:A#B	1aju_model1.pdb#44:A#S	1aju_model1.pdb#45:A#P	1aju_model1.pdb#45:A#B	1aju_model1.pdb#45:A#S	1aju_model1.pdb#46:A#P	1aju_model1.pdb#46:A#B	1aju_model1.pdb#46:A#S
molecule_00001^1	0	0	0	0	0	0	0	0	0	0	0	0	0	0	0	0	0	0	1	1	1	0	1	1	0	0	0	0	1	0	0	0	0	0	0	0	0	0	0	0	0	0	0	0	0	0	0	0	0	0	0	0	0	0	0	0	0	0	0	0	0	0	0	0	0	0	0	0	0	0	0	0	0	0	0	0	0	0	0	0	0	0	0	0	0	0	0	0	0	0
molecule_00001^2	0	0	0	0	0	0	0	0	0	0	0	0	0	0	0	0	0	0	1	1	1	0	1	0	0	0	0	0	1	0	0	0	0	0	0	0	0	0	0	0	0	0	0	0	0	0	0	0	0	0	0	0	0	0	0	0	0	0	0	0	0	0	0	0	0	0	0	0	0	0	0	0	0	0	0	0	0	0	0	0	0	0	0	0	0	0	0	0	0	0
molecule_00002^1	0	0	0	0	0	0	0	0	0	0	0	0	0	0	0	0	0	0	0	1	1	0	1	1	0	0	0	0	1	0	0	0	0	0	0	0	0	0	0	0	0	0	0	0	0	0	0	0	0	0	0	0	0	0	0	0	0	0	0	0	0	0	0	0	0	0	0	0	0	0	0	0	0	0	0	0	0	0	0	0	0	0	0	0	0	0	0	0	0	0
molecule_00006^1	0	0	0	0	0	0	0	0	0	0	0	0	0	0	0	0	0	0	0	1	1	0	1	1	0	0	0	0	1	0	0	0	0	0	0	0	0	0	0	0	0	0	0	0	0	0	0	0	0	0	0	0	0	0	0	0	0	0	0	0	0	0	0	0	0	0	0	0	0	0	0	0	0	0	0	0	0	0	0	0	0	0	0	0	0	0	0	0	0	0
