Ligand_name	3d2v.pdb#A#HB	3d2v.pdb#A#HAL	3d2v.pdb#A#CA	3d2v.pdb#A#Pi_Cation	3d2v.pdb#A#Pi_Anion	3d2v.pdb#A#Pi_Stacking	3d2v.pdb#A#Mg_mediated	3d2v.pdb#A#K_mediated	3d2v.pdb#A#Na_mediated	3d2v.pdb#A#Other_mediated	3d2v.pdb#A#Water_mediated	3d2v.pdb#A#Lipophilic	3d2v.pdb#C#HB	3d2v.pdb#C#HAL	3d2v.pdb#C#CA	3d2v.pdb#C#Pi_Cation	3d2v.pdb#C#Pi_Anion	3d2v.pdb#C#Pi_Stacking	3d2v.pdb#C#Mg_mediated	3d2v.pdb#C#K_mediated	3d2v.pdb#C#Na_mediated	3d2v.pdb#C#Other_mediated	3d2v.pdb#C#Water_mediated	3d2v.pdb#C#Lipophilic	3d2v.pdb#U#HB	3d2v.pdb#U#HAL	3d2v.pdb#U#CA	3d2v.pdb#U#Pi_Cation	3d2v.pdb#U#Pi_Anion	3d2v.pdb#U#Pi_Stacking	3d2v.pdb#U#Mg_mediated	3d2v.pdb#U#K_mediated	3d2v.pdb#U#Na_mediated	3d2v.pdb#U#Other_mediated	3d2v.pdb#U#Water_mediated	3d2v.pdb#U#Lipophilic	3d2v.pdb#G#HB	3d2v.pdb#G#HAL	3d2v.pdb#G#CA	3d2v.pdb#G#Pi_Cation	3d2v.pdb#G#Pi_Anion	3d2v.pdb#G#Pi_Stacking	3d2v.pdb#G#Mg_mediated	3d2v.pdb#G#K_mediated	3d2v.pdb#G#Na_mediated	3d2v.pdb#G#Other_mediated	3d2v.pdb#G#Water_mediated	3d2v.pdb#G#Lipophilic
3D2V-native-protonated^1	1	0	0	0	0	1	0	0	0	0	0	1	0	0	1	0	1	0	0	0	0	0	1	0	0	0	0	0	0	0	0	0	0	0	0	1	1	0	0	0	0	1	0	0	0	0	1	1
3D2V-native-protonated^2	1	0	0	0	0	1	0	0	0	0	0	1	0	0	1	0	1	0	0	0	0	0	1	0	0	0	0	0	0	0	0	0	0	0	0	1	1	0	0	0	0	1	1	0	0	0	1	1
3D2V-native-protonated^3	1	0	0	0	0	1	0	0	0	0	0	1	0	0	1	0	1	0	0	0	0	0	1	0	0	0	0	0	0	0	0	0	0	0	0	1	1	0	0	0	0	1	1	0	0	0	1	1
3D2V-native-protonated^4	1	0	0	0	0	1	0	0	0	0	0	1	0	0	1	0	1	0	0	0	0	0	1	0	0	0	0	0	0	0	0	0	0	0	0	1	1	0	0	0	0	1	1	0	0	0	1	1
3D2V-native-protonated^5	1	0	0	0	0	1	0	0	0	0	0	1	1	0	1	0	1	0	0	0	0	0	1	0	0	0	0	0	0	0	0	0	0	0	0	1	1	0	0	0	0	1	1	0	0	0	1	1
3D2V-native-protonated^6	1	0	0	0	0	1	0	0	0	0	0	1	1	0	1	0	1	0	0	0	0	0	1	1	0	0	0	0	0	0	0	0	0	0	0	0	1	0	0	0	0	1	1	0	0	0	0	1
3D2V-native-protonated^7	1	0	0	0	0	1	0	0	0	0	0	1	1	0	1	0	1	0	0	0	0	0	1	0	0	0	0	0	0	0	0	0	0	0	0	0	1	0	0	0	1	1	1	0	0	0	1	1
3D2V-native-protonated^8	1	0	0	0	0	1	0	0	0	0	0	1	1	0	1	0	1	0	0	0	0	0	1	0	0	0	0	0	0	0	0	0	0	0	0	1	1	0	0	0	0	1	0	0	0	0	1	1
3D2V-native-protonated^9	1	0	0	0	0	1	0	0	0	0	0	1	0	0	1	0	1	0	0	0	0	0	1	0	0	0	0	0	0	0	0	0	0	0	0	0	1	0	0	0	0	1	1	0	0	0	0	1
3D2V-native-protonated^10	1	0	0	0	0	1	0	0	0	0	0	1	1	0	1	0	1	0	0	0	0	0	1	0	0	0	0	0	0	0	0	0	0	0	0	0	1	0	0	0	0	1	1	0	0	0	1	1
