Ligand_name	3d2v.pdb#Purines#SIMPLE	3d2v.pdb#Pyrimidynes#SIMPLE
3D2V-native-protonated^1	1	1
3D2V-native-protonated^2	1	1
3D2V-native-protonated^3	1	1
3D2V-native-protonated^4	1	1
3D2V-native-protonated^5	1	1
3D2V-native-protonated^6	1	1
3D2V-native-protonated^7	1	1
3D2V-native-protonated^8	1	1
3D2V-native-protonated^9	1	1
3D2V-native-protonated^10	1	1
