Ligand_name	3d2v.pdb#1:A#SIMPLE	3d2v.pdb#2:A#SIMPLE	3d2v.pdb#3:A#SIMPLE	3d2v.pdb#4:A#SIMPLE	3d2v.pdb#5:A#SIMPLE	3d2v.pdb#6:A#SIMPLE	3d2v.pdb#7:A#SIMPLE	3d2v.pdb#8:A#SIMPLE	3d2v.pdb#9:A#SIMPLE	3d2v.pdb#10:A#SIMPLE	3d2v.pdb#11:A#SIMPLE	3d2v.pdb#12:A#SIMPLE	3d2v.pdb#13:A#SIMPLE	3d2v.pdb#14:A#SIMPLE	3d2v.pdb#15:A#SIMPLE	3d2v.pdb#16:A#SIMPLE	3d2v.pdb#17:A#SIMPLE	3d2v.pdb#18:A#SIMPLE	3d2v.pdb#19:A#SIMPLE	3d2v.pdb#20:A#SIMPLE	3d2v.pdb#21:A#SIMPLE	3d2v.pdb#22:A#SIMPLE	3d2v.pdb#23:A#SIMPLE	3d2v.pdb#24:A#SIMPLE	3d2v.pdb#25:A#SIMPLE	3d2v.pdb#26:A#SIMPLE	3d2v.pdb#27:A#SIMPLE	3d2v.pdb#28:A#SIMPLE	3d2v.pdb#29:A#SIMPLE	3d2v.pdb#30:A#SIMPLE	3d2v.pdb#31:A#SIMPLE	3d2v.pdb#32:A#SIMPLE	3d2v.pdb#33:A#SIMPLE	3d2v.pdb#34:A#SIMPLE	3d2v.pdb#35:A#SIMPLE	3d2v.pdb#36:A#SIMPLE	3d2v.pdb#37:A#SIMPLE	3d2v.pdb#38:A#SIMPLE	3d2v.pdb#39:A#SIMPLE	3d2v.pdb#40:A#SIMPLE	3d2v.pdb#41:A#SIMPLE	3d2v.pdb#42:A#SIMPLE	3d2v.pdb#43:A#SIMPLE	3d2v.pdb#44:A#SIMPLE	3d2v.pdb#45:A#SIMPLE	3d2v.pdb#46:A#SIMPLE	3d2v.pdb#47:A#SIMPLE	3d2v.pdb#48:A#SIMPLE	3d2v.pdb#49:A#SIMPLE	3d2v.pdb#50:A#SIMPLE	3d2v.pdb#51:A#SIMPLE	3d2v.pdb#52:A#SIMPLE	3d2v.pdb#53:A#SIMPLE	3d2v.pdb#54:A#SIMPLE	3d2v.pdb#55:A#SIMPLE	3d2v.pdb#56:A#SIMPLE	3d2v.pdb#57:A#SIMPLE	3d2v.pdb#58:A#SIMPLE	3d2v.pdb#59:A#SIMPLE	3d2v.pdb#60:A#SIMPLE	3d2v.pdb#61:A#SIMPLE	3d2v.pdb#62:A#SIMPLE	3d2v.pdb#63:A#SIMPLE	3d2v.pdb#64:A#SIMPLE	3d2v.pdb#65:A#SIMPLE	3d2v.pdb#66:A#SIMPLE	3d2v.pdb#67:A#SIMPLE	3d2v.pdb#68:A#SIMPLE	3d2v.pdb#69:A#SIMPLE	3d2v.pdb#70:A#SIMPLE	3d2v.pdb#71:A#SIMPLE	3d2v.pdb#72:A#SIMPLE	3d2v.pdb#73:A#SIMPLE	3d2v.pdb#74:A#SIMPLE	3d2v.pdb#75:A#SIMPLE	3d2v.pdb#76:A#SIMPLE	3d2v.pdb#77:A#SIMPLE	3d2v.pdb#1:B#SIMPLE	3d2v.pdb#2:B#SIMPLE	3d2v.pdb#3:B#SIMPLE	3d2v.pdb#4:B#SIMPLE	3d2v.pdb#5:B#SIMPLE	3d2v.pdb#6:B#SIMPLE	3d2v.pdb#7:B#SIMPLE	3d2v.pdb#8:B#SIMPLE	3d2v.pdb#9:B#SIMPLE	3d2v.pdb#10:B#SIMPLE	3d2v.pdb#11:B#SIMPLE	3d2v.pdb#12:B#SIMPLE	3d2v.pdb#13:B#SIMPLE	3d2v.pdb#14:B#SIMPLE	3d2v.pdb#15:B#SIMPLE	3d2v.pdb#16:B#SIMPLE	3d2v.pdb#17:B#SIMPLE	3d2v.pdb#18:B#SIMPLE	3d2v.pdb#19:B#SIMPLE	3d2v.pdb#20:B#SIMPLE	3d2v.pdb#21:B#SIMPLE	3d2v.pdb#22:B#SIMPLE	3d2v.pdb#23:B#SIMPLE	3d2v.pdb#24:B#SIMPLE	3d2v.pdb#25:B#SIMPLE	3d2v.pdb#26:B#SIMPLE	3d2v.pdb#27:B#SIMPLE	3d2v.pdb#28:B#SIMPLE	3d2v.pdb#29:B#SIMPLE	3d2v.pdb#30:B#SIMPLE	3d2v.pdb#31:B#SIMPLE	3d2v.pdb#32:B#SIMPLE	3d2v.pdb#33:B#SIMPLE	3d2v.pdb#34:B#SIMPLE	3d2v.pdb#35:B#SIMPLE	3d2v.pdb#36:B#SIMPLE	3d2v.pdb#37:B#SIMPLE	3d2v.pdb#38:B#SIMPLE	3d2v.pdb#39:B#SIMPLE	3d2v.pdb#40:B#SIMPLE	3d2v.pdb#41:B#SIMPLE	3d2v.pdb#42:B#SIMPLE	3d2v.pdb#43:B#SIMPLE	3d2v.pdb#44:B#SIMPLE	3d2v.pdb#45:B#SIMPLE	3d2v.pdb#46:B#SIMPLE	3d2v.pdb#47:B#SIMPLE	3d2v.pdb#48:B#SIMPLE	3d2v.pdb#49:B#SIMPLE	3d2v.pdb#50:B#SIMPLE	3d2v.pdb#51:B#SIMPLE	3d2v.pdb#52:B#SIMPLE	3d2v.pdb#53:B#SIMPLE	3d2v.pdb#54:B#SIMPLE	3d2v.pdb#55:B#SIMPLE	3d2v.pdb#56:B#SIMPLE	3d2v.pdb#57:B#SIMPLE	3d2v.pdb#58:B#SIMPLE	3d2v.pdb#59:B#SIMPLE	3d2v.pdb#60:B#SIMPLE	3d2v.pdb#61:B#SIMPLE	3d2v.pdb#62:B#SIMPLE	3d2v.pdb#63:B#SIMPLE	3d2v.pdb#64:B#SIMPLE	3d2v.pdb#65:B#SIMPLE	3d2v.pdb#66:B#SIMPLE	3d2v.pdb#67:B#SIMPLE	3d2v.pdb#68:B#SIMPLE	3d2v.pdb#69:B#SIMPLE	3d2v.pdb#70:B#SIMPLE	3d2v.pdb#71:B#SIMPLE	3d2v.pdb#72:B#SIMPLE	3d2v.pdb#73:B#SIMPLE	3d2v.pdb#74:B#SIMPLE	3d2v.pdb#75:B#SIMPLE	3d2v.pdb#76:B#SIMPLE	3d2v.pdb#77:B#SIMPLE
3D2V-native-protonated^1	0	0	0	0	0	0	0	0	0	0	0	0	0	0	0	0	0	0	0	0	0	0	0	0	0	0	0	0	0	0	0	0	0	0	0	0	0	0	0	0	0	0	0	0	0	0	0	0	0	0	0	0	0	0	0	0	0	0	0	0	0	0	0	0	0	0	0	0	0	0	0	0	0	0	0	0	0	0	0	0	0	0	0	0	0	0	0	1	1	0	0	0	0	0	0	0	0	0	0	0	0	0	0	0	1	0	1	1	0	0	0	0	0	0	0	0	0	0	0	0	0	1	0	0	0	0	0	0	0	0	0	0	0	0	0	0	1	1	0	0	0	1	0	0	0	0	0	0	0	0	0	0	0	0
3D2V-native-protonated^2	0	0	0	0	0	0	0	0	0	0	0	0	0	0	0	0	0	0	0	0	0	0	0	0	0	0	0	0	0	0	0	0	0	0	0	0	0	0	0	0	0	0	0	0	0	0	0	0	0	0	0	0	0	0	0	0	0	0	0	0	0	0	0	0	0	0	0	0	0	0	0	0	0	0	0	0	0	0	0	0	0	0	0	0	0	0	0	1	1	0	0	0	0	0	0	0	0	0	0	0	0	0	0	0	1	0	1	1	0	0	0	0	0	0	0	0	0	0	0	1	0	1	1	0	1	0	0	0	0	0	0	0	0	0	0	0	1	1	0	0	0	1	1	0	0	0	0	0	0	0	0	0	0	0
3D2V-native-protonated^3	0	0	0	0	0	0	0	0	0	0	0	0	0	0	0	0	0	0	0	0	0	0	0	0	0	0	0	0	0	0	0	0	0	0	0	0	0	0	0	0	0	0	0	0	0	0	0	0	0	0	0	0	0	0	0	0	0	0	0	0	0	0	0	0	0	0	0	0	0	0	0	0	0	0	0	0	0	0	0	0	0	0	0	0	0	0	0	1	1	0	0	0	0	0	0	0	0	0	0	0	0	0	0	0	1	0	1	1	0	0	0	0	0	0	0	0	0	0	0	1	0	1	1	0	0	0	0	0	0	0	0	0	0	0	0	0	1	1	0	0	0	1	1	0	0	0	0	0	0	0	0	0	0	0
3D2V-native-protonated^4	0	0	0	0	0	0	0	0	0	0	0	0	0	0	0	0	0	0	0	0	0	0	0	0	0	0	0	0	0	0	0	0	0	0	0	0	0	0	0	0	0	0	0	0	0	0	0	0	0	0	0	0	0	0	0	0	0	0	0	0	0	0	0	0	0	0	0	0	0	0	0	0	0	0	0	0	0	0	0	0	0	0	0	0	0	0	0	1	1	0	0	0	0	0	0	0	0	0	0	0	0	0	0	0	1	0	1	1	0	0	0	0	0	0	0	0	0	0	0	0	0	1	0	0	0	0	0	0	0	0	0	0	0	0	0	0	1	1	0	0	0	1	1	0	0	0	0	0	0	0	0	0	0	0
3D2V-native-protonated^5	0	0	0	0	0	0	0	0	0	0	0	0	0	0	0	0	0	0	0	0	0	0	0	0	0	0	0	0	0	0	0	0	0	0	0	0	0	0	0	0	0	0	0	0	0	0	0	0	0	0	0	0	0	0	0	0	0	0	0	0	0	0	0	0	0	0	0	0	0	0	0	0	0	0	0	0	0	0	0	0	0	0	0	0	0	0	0	1	1	0	0	0	0	0	0	0	0	0	0	0	0	0	0	0	1	0	1	1	0	0	0	0	0	0	0	0	0	0	0	1	0	1	1	0	0	0	0	0	0	0	0	0	0	0	0	0	1	1	0	0	0	1	1	0	0	0	0	0	0	0	0	0	0	0
3D2V-native-protonated^6	0	0	0	0	0	0	0	0	0	0	0	0	0	0	0	0	0	0	0	0	0	0	0	0	0	0	0	0	0	0	0	0	0	0	0	0	0	0	0	0	0	0	0	0	0	0	0	0	0	0	0	0	0	0	0	0	0	0	0	0	0	0	0	0	0	0	0	0	0	0	0	0	0	0	0	0	0	0	0	0	0	0	0	0	0	0	0	1	1	0	0	0	0	0	0	0	0	0	0	0	0	0	0	0	1	0	1	1	0	0	0	0	0	0	0	0	0	0	0	1	0	1	0	0	0	0	0	0	0	0	0	0	0	0	0	0	1	1	0	0	0	1	1	0	0	0	0	0	0	0	0	0	0	0
3D2V-native-protonated^7	0	0	0	0	0	0	0	0	0	0	0	0	0	0	0	0	0	0	0	0	0	0	0	0	0	0	0	0	0	0	0	0	0	0	0	0	0	0	0	0	0	0	0	0	0	0	0	0	0	0	0	0	0	0	0	0	0	0	0	0	0	0	0	0	0	0	0	0	0	0	0	0	0	0	0	0	0	0	0	0	0	0	0	0	0	0	0	1	1	0	0	0	0	0	0	0	0	0	0	0	0	0	0	0	1	0	1	1	0	0	0	0	0	0	0	0	0	0	0	1	0	1	1	0	0	0	0	0	0	0	0	0	0	0	0	0	1	1	0	0	0	1	1	0	0	0	0	0	0	0	0	0	0	0
3D2V-native-protonated^8	0	0	0	0	0	0	0	0	0	0	0	0	0	0	0	0	0	0	0	0	0	0	0	0	0	0	0	0	0	0	0	0	0	0	0	0	0	0	0	0	0	0	0	0	0	0	0	0	0	0	0	0	0	0	0	0	0	0	0	0	0	0	0	0	0	0	0	0	0	0	0	0	0	0	0	0	0	0	0	0	0	0	0	0	0	0	0	1	1	0	0	0	0	0	0	0	0	0	0	0	0	0	0	0	1	0	1	1	0	0	0	0	0	0	0	0	0	0	0	1	0	1	0	0	0	0	0	0	0	0	0	0	0	0	0	0	1	0	0	0	0	1	1	0	0	0	0	0	0	0	0	0	0	0
3D2V-native-protonated^9	0	0	0	0	0	0	0	0	0	0	0	0	0	0	0	0	0	0	0	0	0	0	0	0	0	0	0	0	0	0	0	0	0	0	0	0	0	0	0	0	0	0	0	0	0	0	0	0	0	0	0	0	0	0	0	0	0	0	0	0	0	0	0	0	0	0	0	0	0	0	0	0	0	0	0	0	0	0	0	0	0	0	0	0	0	0	0	1	1	0	0	0	0	0	0	0	0	0	0	0	0	0	0	0	1	0	1	1	0	0	0	0	0	0	0	0	0	0	0	0	0	1	1	0	0	0	0	0	0	0	0	0	0	0	0	0	1	1	0	0	0	1	1	0	0	0	0	0	0	0	0	0	0	0
3D2V-native-protonated^10	0	0	0	0	0	0	0	0	0	0	0	0	0	0	0	0	0	0	0	0	0	0	0	0	0	0	0	0	0	0	0	0	0	0	0	0	0	0	0	0	0	0	0	0	0	0	0	0	0	0	0	0	0	0	0	0	0	0	0	0	0	0	0	0	0	0	0	0	0	0	0	0	0	0	0	0	0	0	0	0	0	0	0	0	0	0	0	1	1	0	0	0	0	0	0	0	0	0	0	0	0	0	0	0	1	0	1	1	0	0	0	0	0	0	0	0	0	0	0	1	0	1	1	0	0	0	0	0	0	0	0	0	0	0	0	0	1	1	0	0	0	1	1	0	0	0	0	0	0	0	0	0	0	0
fluoroligand-for_multipolar^1	0	0	0	0	0	0	0	0	0	0	0	0	0	0	0	0	0	0	0	0	0	0	0	0	0	0	0	0	0	0	0	0	0	0	0	0	0	0	0	0	0	0	0	0	0	0	0	0	0	0	0	0	0	0	0	0	0	0	0	0	0	0	0	0	0	0	0	0	1	1	1	0	0	0	0	0	0	0	0	0	0	0	0	0	0	0	0	0	0	0	0	0	0	0	0	0	0	0	0	0	0	0	0	0	0	0	0	0	0	0	0	0	0	0	0	0	0	0	0	0	0	0	0	0	0	0	0	0	0	0	0	0	0	0	0	0	0	0	0	0	0	0	0	0	0	0	0	0	0	0	0	0	0	0
