Ligand_name	3d2v.pdb#P	3d2v.pdb#B	3d2v.pdb#S
MG:78:A	0	0	0
MG:79:A	2	0	0
MG:80:A	1	0	0
MG:81:A	0	2	0
MG:82:A	0	1	0
MG:83:A	1	0	0
MG:78:B	2	0	0
MG:79:B	0	0	0
MG:80:B	0	2	0
MG:81:B	0	1	0
