Ligand_name	3d2v.mol2#A#SIMPLE	3d2v.mol2#C#SIMPLE	3d2v.mol2#U#SIMPLE	3d2v.mol2#G#SIMPLE
Ligand_1^1	0	1	0	1
Ligand_2^1	1	1	0	1
Ligand_3^1	0	0	0	1
Ligand_4^1	1	1	1	1
Ligand_5^1	1	0	1	1
adenine^1	0	1	0	1
ligand_6^1	1	1	0	1
3D2V-native-protonated^1	1	1	1	1
