Ligand_name	3d2v.mol2#Purines#HB	3d2v.mol2#Purines#HAL	3d2v.mol2#Purines#CA	3d2v.mol2#Purines#Pi_Cation	3d2v.mol2#Purines#Pi_Anion	3d2v.mol2#Purines#Pi_Stacking	3d2v.mol2#Purines#Mg_mediated	3d2v.mol2#Purines#K_mediated	3d2v.mol2#Purines#Na_mediated	3d2v.mol2#Purines#Other_mediated	3d2v.mol2#Purines#Water_mediated	3d2v.mol2#Purines#Lipophilic	3d2v.mol2#Pyrimidynes#HB	3d2v.mol2#Pyrimidynes#HAL	3d2v.mol2#Pyrimidynes#CA	3d2v.mol2#Pyrimidynes#Pi_Cation	3d2v.mol2#Pyrimidynes#Pi_Anion	3d2v.mol2#Pyrimidynes#Pi_Stacking	3d2v.mol2#Pyrimidynes#Mg_mediated	3d2v.mol2#Pyrimidynes#K_mediated	3d2v.mol2#Pyrimidynes#Na_mediated	3d2v.mol2#Pyrimidynes#Other_mediated	3d2v.mol2#Pyrimidynes#Water_mediated	3d2v.mol2#Pyrimidynes#Lipophilic
Ligand_1^1	0	0	0	0	0	0	0	0	0	0	1	1	0	0	0	0	0	0	0	0	0	0	1	0
Ligand_2^1	1	0	0	0	0	0	0	0	0	0	1	1	0	0	1	0	0	0	0	0	0	0	1	0
Ligand_3^1	0	0	0	0	0	0	0	0	0	0	0	1	0	0	0	0	0	0	0	0	0	0	0	0
Ligand_4^1	0	1	0	0	0	0	0	0	0	0	0	1	0	1	0	0	0	0	0	0	0	0	0	0
Ligand_5^1	1	0	0	0	0	0	0	0	0	0	0	1	0	0	0	0	0	0	0	0	0	0	0	0
adenine^1	0	0	0	0	0	0	0	0	0	0	1	1	1	0	0	0	0	0	0	0	0	0	1	0
ligand_6^1	1	0	0	0	0	0	0	0	0	0	1	0	1	0	0	0	0	0	0	0	0	0	1	0
3D2V-native-protonated^1	1	0	0	0	0	0	0	0	0	0	1	1	1	0	1	0	0	0	0	0	0	0	1	1
