Ligand_name	3d2v.pdb#SIMPLE
3D2V-native-protonated^1	9
3D2V-native-protonated^2	13
3D2V-native-protonated^3	12
3D2V-native-protonated^4	10
3D2V-native-protonated^5	12
3D2V-native-protonated^6	11
3D2V-native-protonated^7	12
3D2V-native-protonated^8	10
3D2V-native-protonated^9	11
3D2V-native-protonated^10	12
fluoroligand-for_multipolar^1	3
