Ligand_name	3d2v.pdb#A#P	3d2v.pdb#A#B	3d2v.pdb#A#S	3d2v.pdb#C#P	3d2v.pdb#C#B	3d2v.pdb#C#S	3d2v.pdb#U#P	3d2v.pdb#U#B	3d2v.pdb#U#S	3d2v.pdb#G#P	3d2v.pdb#G#B	3d2v.pdb#G#S
Ligand_1^1	0	0	0	1	0	0	0	0	0	0	1	1
Ligand_2^1	0	1	0	1	0	0	0	0	0	0	1	1
Ligand_3^1	0	0	0	0	0	0	0	0	0	0	1	1
Ligand_4^1	0	1	1	1	0	0	0	0	1	0	1	1
Ligand_5^1	0	1	1	0	0	0	0	1	1	0	1	1
adenine^1	0	0	0	1	0	0	0	0	0	0	1	1
ligand_6^1	0	1	0	0	1	0	0	0	0	0	1	0
3D2V-native-protonated^1	0	1	0	1	1	0	0	1	0	0	1	1
