Ligand_name	3d2v.mol2#A#P	3d2v.mol2#A#B	3d2v.mol2#A#S	3d2v.mol2#C#P	3d2v.mol2#C#B	3d2v.mol2#C#S	3d2v.mol2#U#P	3d2v.mol2#U#B	3d2v.mol2#U#S	3d2v.mol2#G#P	3d2v.mol2#G#B	3d2v.mol2#G#S
Ligand_1^1	0	0	0	1	0	0	0	0	0	0	1	1
Ligand_2^1	0	1	0	1	0	0	0	0	0	0	1	1
Ligand_3^1	0	0	0	0	0	0	0	0	0	0	1	1
Ligand_4^1	0	1	1	1	0	0	0	0	1	0	1	1
Ligand_5^1	0	1	1	0	0	0	0	1	1	0	1	1
adenine^1	0	0	0	1	0	0	0	0	0	0	1	1
ligand_6^1	0	1	0	0	1	0	0	0	0	0	1	0
3D2V-native-protonated^1	0	1	0	1	1	0	0	1	0	0	1	1
