Ligand_name	3d2v.mol2#Purines#P	3d2v.mol2#Purines#B	3d2v.mol2#Purines#S	3d2v.mol2#Pyrimidynes#P	3d2v.mol2#Pyrimidynes#B	3d2v.mol2#Pyrimidynes#S
Ligand_1^1	0	1	1	1	0	0
Ligand_2^1	0	1	1	1	0	0
Ligand_3^1	0	1	1	0	0	0
Ligand_4^1	0	1	1	1	0	1
Ligand_5^1	0	1	1	0	1	1
adenine^1	0	1	1	1	0	0
ligand_6^1	0	1	0	0	1	0
3D2V-native-protonated^1	0	1	1	1	1	0
