Ligand_name	3d2v.mol2#1:A#SIMPLE	3d2v.mol2#2:A#SIMPLE	3d2v.mol2#3:A#SIMPLE	3d2v.mol2#4:A#SIMPLE	3d2v.mol2#5:A#SIMPLE	3d2v.mol2#6:A#SIMPLE	3d2v.mol2#7:A#SIMPLE	3d2v.mol2#8:A#SIMPLE	3d2v.mol2#9:A#SIMPLE	3d2v.mol2#10:A#SIMPLE	3d2v.mol2#11:A#SIMPLE	3d2v.mol2#12:A#SIMPLE	3d2v.mol2#13:A#SIMPLE	3d2v.mol2#14:A#SIMPLE	3d2v.mol2#15:A#SIMPLE	3d2v.mol2#16:A#SIMPLE	3d2v.mol2#17:A#SIMPLE	3d2v.mol2#18:A#SIMPLE	3d2v.mol2#19:A#SIMPLE	3d2v.mol2#20:A#SIMPLE	3d2v.mol2#21:A#SIMPLE	3d2v.mol2#22:A#SIMPLE	3d2v.mol2#23:A#SIMPLE	3d2v.mol2#24:A#SIMPLE	3d2v.mol2#25:A#SIMPLE	3d2v.mol2#26:A#SIMPLE	3d2v.mol2#27:A#SIMPLE	3d2v.mol2#28:A#SIMPLE	3d2v.mol2#29:A#SIMPLE	3d2v.mol2#30:A#SIMPLE	3d2v.mol2#31:A#SIMPLE	3d2v.mol2#32:A#SIMPLE	3d2v.mol2#33:A#SIMPLE	3d2v.mol2#34:A#SIMPLE	3d2v.mol2#35:A#SIMPLE	3d2v.mol2#36:A#SIMPLE	3d2v.mol2#37:A#SIMPLE	3d2v.mol2#38:A#SIMPLE	3d2v.mol2#39:A#SIMPLE	3d2v.mol2#40:A#SIMPLE	3d2v.mol2#41:A#SIMPLE	3d2v.mol2#42:A#SIMPLE	3d2v.mol2#43:A#SIMPLE	3d2v.mol2#44:A#SIMPLE	3d2v.mol2#45:A#SIMPLE	3d2v.mol2#46:A#SIMPLE	3d2v.mol2#47:A#SIMPLE	3d2v.mol2#48:A#SIMPLE	3d2v.mol2#49:A#SIMPLE	3d2v.mol2#50:A#SIMPLE	3d2v.mol2#51:A#SIMPLE	3d2v.mol2#52:A#SIMPLE	3d2v.mol2#53:A#SIMPLE	3d2v.mol2#54:A#SIMPLE	3d2v.mol2#55:A#SIMPLE	3d2v.mol2#56:A#SIMPLE	3d2v.mol2#57:A#SIMPLE	3d2v.mol2#58:A#SIMPLE	3d2v.mol2#59:A#SIMPLE	3d2v.mol2#60:A#SIMPLE	3d2v.mol2#61:A#SIMPLE	3d2v.mol2#62:A#SIMPLE	3d2v.mol2#63:A#SIMPLE	3d2v.mol2#64:A#SIMPLE	3d2v.mol2#65:A#SIMPLE	3d2v.mol2#66:A#SIMPLE	3d2v.mol2#67:A#SIMPLE	3d2v.mol2#68:A#SIMPLE	3d2v.mol2#69:A#SIMPLE	3d2v.mol2#70:A#SIMPLE	3d2v.mol2#71:A#SIMPLE	3d2v.mol2#72:A#SIMPLE	3d2v.mol2#73:A#SIMPLE	3d2v.mol2#74:A#SIMPLE	3d2v.mol2#75:A#SIMPLE	3d2v.mol2#76:A#SIMPLE	3d2v.mol2#77:A#SIMPLE	3d2v.mol2#384:A#SIMPLE	3d2v.mol2#385:A#SIMPLE	3d2v.mol2#386:A#SIMPLE	3d2v.mol2#387:A#SIMPLE	3d2v.mol2#388:A#SIMPLE	3d2v.mol2#389:A#SIMPLE	3d2v.mol2#390:A#SIMPLE	3d2v.mol2#391:A#SIMPLE	3d2v.mol2#392:A#SIMPLE	3d2v.mol2#393:A#SIMPLE	3d2v.mol2#394:A#SIMPLE	3d2v.mol2#395:A#SIMPLE	3d2v.mol2#396:A#SIMPLE	3d2v.mol2#397:A#SIMPLE	3d2v.mol2#398:A#SIMPLE	3d2v.mol2#399:A#SIMPLE	3d2v.mol2#400:A#SIMPLE	3d2v.mol2#401:A#SIMPLE	3d2v.mol2#402:A#SIMPLE	3d2v.mol2#403:A#SIMPLE	3d2v.mol2#404:A#SIMPLE	3d2v.mol2#405:A#SIMPLE	3d2v.mol2#406:A#SIMPLE	3d2v.mol2#407:A#SIMPLE	3d2v.mol2#408:A#SIMPLE	3d2v.mol2#409:A#SIMPLE	3d2v.mol2#410:A#SIMPLE	3d2v.mol2#411:A#SIMPLE	3d2v.mol2#412:A#SIMPLE	3d2v.mol2#413:A#SIMPLE	3d2v.mol2#414:A#SIMPLE	3d2v.mol2#415:A#SIMPLE	3d2v.mol2#416:A#SIMPLE	3d2v.mol2#417:A#SIMPLE	3d2v.mol2#418:A#SIMPLE	3d2v.mol2#419:A#SIMPLE	3d2v.mol2#420:A#SIMPLE	3d2v.mol2#421:A#SIMPLE	3d2v.mol2#422:A#SIMPLE	3d2v.mol2#423:A#SIMPLE	3d2v.mol2#424:A#SIMPLE	3d2v.mol2#425:A#SIMPLE	3d2v.mol2#426:A#SIMPLE	3d2v.mol2#427:A#SIMPLE	3d2v.mol2#428:A#SIMPLE	3d2v.mol2#429:A#SIMPLE	3d2v.mol2#430:A#SIMPLE	3d2v.mol2#431:A#SIMPLE	3d2v.mol2#432:A#SIMPLE	3d2v.mol2#433:A#SIMPLE	3d2v.mol2#434:A#SIMPLE	3d2v.mol2#435:A#SIMPLE	3d2v.mol2#436:A#SIMPLE	3d2v.mol2#437:A#SIMPLE	3d2v.mol2#438:A#SIMPLE	3d2v.mol2#439:A#SIMPLE	3d2v.mol2#440:A#SIMPLE	3d2v.mol2#441:A#SIMPLE	3d2v.mol2#442:A#SIMPLE	3d2v.mol2#443:A#SIMPLE	3d2v.mol2#444:A#SIMPLE	3d2v.mol2#445:A#SIMPLE	3d2v.mol2#446:A#SIMPLE	3d2v.mol2#447:A#SIMPLE	3d2v.mol2#448:A#SIMPLE	3d2v.mol2#449:A#SIMPLE	3d2v.mol2#450:A#SIMPLE	3d2v.mol2#451:A#SIMPLE	3d2v.mol2#452:A#SIMPLE	3d2v.mol2#453:A#SIMPLE	3d2v.mol2#454:A#SIMPLE	3d2v.mol2#455:A#SIMPLE	3d2v.mol2#456:A#SIMPLE	3d2v.mol2#457:A#SIMPLE	3d2v.mol2#458:A#SIMPLE	3d2v.mol2#459:A#SIMPLE	3d2v.mol2#460:A#SIMPLE
Ligand_1^1	0	0	0	0	0	0	0	0	0	0	0	0	0	0	0	0	0	0	0	0	0	0	0	0	0	0	0	0	0	0	0	0	0	0	0	0	0	0	0	0	0	0	0	0	0	0	0	0	0	0	0	0	0	0	0	0	0	0	0	0	0	0	0	0	0	0	0	0	0	0	0	0	0	0	0	0	0	0	0	0	0	0	0	0	0	0	0	0	0	0	0	0	0	0	0	0	0	0	0	0	0	0	0	0	0	0	0	0	0	0	0	0	0	0	0	0	0	0	0	0	0	1	1	0	0	0	0	0	0	0	0	0	0	0	0	0	1	0	0	0	0	0	0	0	0	0	0	0	0	0	0	0	0	0
Ligand_2^1	0	0	0	0	0	0	0	0	0	0	0	0	0	0	0	0	0	0	0	0	0	0	0	0	0	0	0	0	0	0	0	0	0	0	0	0	0	0	0	0	0	0	0	0	0	0	0	0	0	0	0	0	0	0	0	0	0	0	0	0	0	0	0	0	0	0	0	0	0	0	0	0	0	0	0	0	0	0	0	0	0	0	0	0	0	0	0	1	0	0	0	0	0	0	0	0	0	0	0	0	0	0	0	0	1	0	1	1	0	0	0	0	0	0	0	0	0	0	0	0	0	1	0	0	0	0	0	0	0	0	0	0	0	0	0	0	0	0	0	0	0	0	0	0	0	0	0	0	0	0	0	0	0	0
Ligand_3^1	0	0	0	0	0	0	0	0	0	0	0	0	0	0	0	0	0	0	0	0	0	0	0	0	0	0	0	0	0	0	0	0	0	0	0	0	0	0	0	0	0	0	0	0	0	0	0	0	0	0	0	0	0	0	0	0	0	0	0	0	0	0	0	0	0	0	0	0	0	0	0	0	0	0	0	0	0	0	0	0	0	0	0	0	0	0	0	0	0	0	0	0	0	0	0	0	0	0	0	0	0	0	0	0	0	0	0	0	0	0	0	0	0	0	0	0	0	0	0	0	0	0	0	0	0	0	0	0	0	0	0	0	0	0	0	0	1	0	0	0	0	0	0	0	0	0	0	0	0	0	0	0	0	0
Ligand_4^1	0	0	0	0	0	0	0	0	0	0	0	0	0	0	0	0	0	0	0	0	0	0	0	0	0	0	0	0	0	0	0	0	0	0	0	0	0	0	0	0	0	0	0	0	0	0	0	0	0	0	0	0	0	0	0	0	0	0	0	0	0	0	0	0	0	0	0	0	0	0	0	0	0	0	0	0	0	0	0	0	0	0	0	0	0	0	0	1	1	0	0	0	0	0	0	0	0	0	0	0	0	0	0	0	1	0	1	1	0	0	0	0	0	0	0	0	0	0	0	0	0	0	0	0	0	0	0	0	0	0	0	0	0	0	0	0	0	1	0	0	0	0	0	0	0	0	0	0	0	0	0	0	0	0
Ligand_5^1	0	0	0	0	0	0	0	0	0	0	0	0	0	0	0	0	0	0	0	0	0	0	0	0	0	0	0	0	0	0	0	0	0	0	0	0	0	0	0	0	0	0	0	0	0	0	0	0	0	0	0	0	0	0	0	0	0	0	0	0	0	0	0	0	0	0	0	0	0	0	0	0	0	0	0	0	0	0	0	0	0	0	0	0	0	0	0	1	1	0	0	0	0	0	0	0	0	0	0	0	0	0	0	0	1	0	1	1	0	0	0	0	0	0	0	0	0	0	0	0	0	0	0	0	0	0	0	0	0	0	0	0	0	0	0	0	0	0	0	0	0	0	0	0	0	0	0	0	0	0	0	0	0	0
adenine^1	0	0	0	0	0	0	0	0	0	0	0	0	0	0	0	0	0	0	0	0	0	0	0	0	0	0	0	0	0	0	0	0	0	0	0	0	0	0	0	0	0	0	0	0	0	0	0	0	0	0	0	0	0	0	0	0	0	0	0	0	0	0	0	0	0	0	0	0	0	0	0	0	0	0	0	0	0	0	0	0	0	0	0	0	0	0	0	0	0	0	0	0	0	0	0	0	0	0	0	0	0	0	0	0	0	0	1	0	0	0	0	0	0	0	0	0	0	0	0	0	0	1	0	0	0	0	0	0	0	0	0	0	0	0	0	0	1	1	0	0	0	0	0	0	0	0	0	0	0	0	0	0	0	0
ligand_6^1	0	0	0	0	0	0	0	0	0	0	0	0	0	0	0	0	0	0	0	0	0	0	0	0	0	0	0	0	0	0	0	0	0	0	0	0	0	0	0	0	0	0	0	0	0	0	0	0	0	0	0	0	0	0	0	0	0	0	0	0	0	0	0	0	0	0	0	0	0	0	0	0	0	0	0	0	0	0	0	0	0	0	0	0	0	0	0	0	0	0	0	0	0	0	0	0	0	0	0	0	0	0	0	0	0	0	0	0	0	0	0	0	0	0	0	0	0	0	0	1	0	0	0	0	0	0	0	0	0	0	0	0	0	0	0	0	0	0	0	0	0	1	1	0	0	0	0	0	0	0	0	0	0	0
3D2V-native-protonated^1	0	0	0	0	0	0	0	0	0	0	0	0	0	0	0	0	0	0	0	0	0	0	0	0	0	0	0	0	0	0	0	0	0	0	0	0	0	0	0	0	0	0	0	0	0	0	0	0	0	0	0	0	0	0	0	0	0	0	0	0	0	0	0	0	0	0	0	0	0	0	0	0	0	0	0	0	0	0	0	0	0	0	0	0	0	0	0	1	0	0	0	0	0	0	0	0	0	0	0	0	0	0	0	1	1	0	1	1	0	0	0	0	0	0	0	0	0	0	0	1	0	1	1	0	0	0	0	0	0	0	0	0	0	0	0	0	1	1	0	0	0	1	1	0	0	0	0	0	0	0	0	0	0	0
