Ligand_name	3d2v.pdb#1:A#P	3d2v.pdb#1:A#B	3d2v.pdb#1:A#S	3d2v.pdb#2:A#P	3d2v.pdb#2:A#B	3d2v.pdb#2:A#S	3d2v.pdb#3:A#P	3d2v.pdb#3:A#B	3d2v.pdb#3:A#S	3d2v.pdb#4:A#P	3d2v.pdb#4:A#B	3d2v.pdb#4:A#S	3d2v.pdb#5:A#P	3d2v.pdb#5:A#B	3d2v.pdb#5:A#S	3d2v.pdb#6:A#P	3d2v.pdb#6:A#B	3d2v.pdb#6:A#S	3d2v.pdb#7:A#P	3d2v.pdb#7:A#B	3d2v.pdb#7:A#S	3d2v.pdb#8:A#P	3d2v.pdb#8:A#B	3d2v.pdb#8:A#S	3d2v.pdb#9:A#P	3d2v.pdb#9:A#B	3d2v.pdb#9:A#S	3d2v.pdb#10:A#P	3d2v.pdb#10:A#B	3d2v.pdb#10:A#S	3d2v.pdb#11:A#P	3d2v.pdb#11:A#B	3d2v.pdb#11:A#S	3d2v.pdb#12:A#P	3d2v.pdb#12:A#B	3d2v.pdb#12:A#S	3d2v.pdb#13:A#P	3d2v.pdb#13:A#B	3d2v.pdb#13:A#S	3d2v.pdb#14:A#P	3d2v.pdb#14:A#B	3d2v.pdb#14:A#S	3d2v.pdb#15:A#P	3d2v.pdb#15:A#B	3d2v.pdb#15:A#S	3d2v.pdb#16:A#P	3d2v.pdb#16:A#B	3d2v.pdb#16:A#S	3d2v.pdb#17:A#P	3d2v.pdb#17:A#B	3d2v.pdb#17:A#S	3d2v.pdb#18:A#P	3d2v.pdb#18:A#B	3d2v.pdb#18:A#S	3d2v.pdb#19:A#P	3d2v.pdb#19:A#B	3d2v.pdb#19:A#S	3d2v.pdb#20:A#P	3d2v.pdb#20:A#B	3d2v.pdb#20:A#S	3d2v.pdb#21:A#P	3d2v.pdb#21:A#B	3d2v.pdb#21:A#S	3d2v.pdb#22:A#P	3d2v.pdb#22:A#B	3d2v.pdb#22:A#S	3d2v.pdb#23:A#P	3d2v.pdb#23:A#B	3d2v.pdb#23:A#S	3d2v.pdb#24:A#P	3d2v.pdb#24:A#B	3d2v.pdb#24:A#S	3d2v.pdb#25:A#P	3d2v.pdb#25:A#B	3d2v.pdb#25:A#S	3d2v.pdb#26:A#P	3d2v.pdb#26:A#B	3d2v.pdb#26:A#S	3d2v.pdb#27:A#P	3d2v.pdb#27:A#B	3d2v.pdb#27:A#S	3d2v.pdb#28:A#P	3d2v.pdb#28:A#B	3d2v.pdb#28:A#S	3d2v.pdb#29:A#P	3d2v.pdb#29:A#B	3d2v.pdb#29:A#S	3d2v.pdb#30:A#P	3d2v.pdb#30:A#B	3d2v.pdb#30:A#S	3d2v.pdb#31:A#P	3d2v.pdb#31:A#B	3d2v.pdb#31:A#S	3d2v.pdb#32:A#P	3d2v.pdb#32:A#B	3d2v.pdb#32:A#S	3d2v.pdb#33:A#P	3d2v.pdb#33:A#B	3d2v.pdb#33:A#S	3d2v.pdb#34:A#P	3d2v.pdb#34:A#B	3d2v.pdb#34:A#S	3d2v.pdb#35:A#P	3d2v.pdb#35:A#B	3d2v.pdb#35:A#S	3d2v.pdb#36:A#P	3d2v.pdb#36:A#B	3d2v.pdb#36:A#S	3d2v.pdb#37:A#P	3d2v.pdb#37:A#B	3d2v.pdb#37:A#S	3d2v.pdb#38:A#P	3d2v.pdb#38:A#B	3d2v.pdb#38:A#S	3d2v.pdb#39:A#P	3d2v.pdb#39:A#B	3d2v.pdb#39:A#S	3d2v.pdb#40:A#P	3d2v.pdb#40:A#B	3d2v.pdb#40:A#S	3d2v.pdb#41:A#P	3d2v.pdb#41:A#B	3d2v.pdb#41:A#S	3d2v.pdb#42:A#P	3d2v.pdb#42:A#B	3d2v.pdb#42:A#S	3d2v.pdb#43:A#P	3d2v.pdb#43:A#B	3d2v.pdb#43:A#S	3d2v.pdb#44:A#P	3d2v.pdb#44:A#B	3d2v.pdb#44:A#S	3d2v.pdb#45:A#P	3d2v.pdb#45:A#B	3d2v.pdb#45:A#S	3d2v.pdb#46:A#P	3d2v.pdb#46:A#B	3d2v.pdb#46:A#S	3d2v.pdb#47:A#P	3d2v.pdb#47:A#B	3d2v.pdb#47:A#S	3d2v.pdb#48:A#P	3d2v.pdb#48:A#B	3d2v.pdb#48:A#S	3d2v.pdb#49:A#P	3d2v.pdb#49:A#B	3d2v.pdb#49:A#S	3d2v.pdb#50:A#P	3d2v.pdb#50:A#B	3d2v.pdb#50:A#S	3d2v.pdb#51:A#P	3d2v.pdb#51:A#B	3d2v.pdb#51:A#S	3d2v.pdb#52:A#P	3d2v.pdb#52:A#B	3d2v.pdb#52:A#S	3d2v.pdb#53:A#P	3d2v.pdb#53:A#B	3d2v.pdb#53:A#S	3d2v.pdb#54:A#P	3d2v.pdb#54:A#B	3d2v.pdb#54:A#S	3d2v.pdb#55:A#P	3d2v.pdb#55:A#B	3d2v.pdb#55:A#S	3d2v.pdb#56:A#P	3d2v.pdb#56:A#B	3d2v.pdb#56:A#S	3d2v.pdb#57:A#P	3d2v.pdb#57:A#B	3d2v.pdb#57:A#S	3d2v.pdb#58:A#P	3d2v.pdb#58:A#B	3d2v.pdb#58:A#S	3d2v.pdb#59:A#P	3d2v.pdb#59:A#B	3d2v.pdb#59:A#S	3d2v.pdb#60:A#P	3d2v.pdb#60:A#B	3d2v.pdb#60:A#S	3d2v.pdb#61:A#P	3d2v.pdb#61:A#B	3d2v.pdb#61:A#S	3d2v.pdb#62:A#P	3d2v.pdb#62:A#B	3d2v.pdb#62:A#S	3d2v.pdb#63:A#P	3d2v.pdb#63:A#B	3d2v.pdb#63:A#S	3d2v.pdb#64:A#P	3d2v.pdb#64:A#B	3d2v.pdb#64:A#S	3d2v.pdb#65:A#P	3d2v.pdb#65:A#B	3d2v.pdb#65:A#S	3d2v.pdb#66:A#P	3d2v.pdb#66:A#B	3d2v.pdb#66:A#S	3d2v.pdb#67:A#P	3d2v.pdb#67:A#B	3d2v.pdb#67:A#S	3d2v.pdb#68:A#P	3d2v.pdb#68:A#B	3d2v.pdb#68:A#S	3d2v.pdb#69:A#P	3d2v.pdb#69:A#B	3d2v.pdb#69:A#S	3d2v.pdb#70:A#P	3d2v.pdb#70:A#B	3d2v.pdb#70:A#S	3d2v.pdb#71:A#P	3d2v.pdb#71:A#B	3d2v.pdb#71:A#S	3d2v.pdb#72:A#P	3d2v.pdb#72:A#B	3d2v.pdb#72:A#S	3d2v.pdb#73:A#P	3d2v.pdb#73:A#B	3d2v.pdb#73:A#S	3d2v.pdb#74:A#P	3d2v.pdb#74:A#B	3d2v.pdb#74:A#S	3d2v.pdb#75:A#P	3d2v.pdb#75:A#B	3d2v.pdb#75:A#S	3d2v.pdb#76:A#P	3d2v.pdb#76:A#B	3d2v.pdb#76:A#S	3d2v.pdb#77:A#P	3d2v.pdb#77:A#B	3d2v.pdb#77:A#S	3d2v.pdb#1:B#P	3d2v.pdb#1:B#B	3d2v.pdb#1:B#S	3d2v.pdb#2:B#P	3d2v.pdb#2:B#B	3d2v.pdb#2:B#S	3d2v.pdb#3:B#P	3d2v.pdb#3:B#B	3d2v.pdb#3:B#S	3d2v.pdb#4:B#P	3d2v.pdb#4:B#B	3d2v.pdb#4:B#S	3d2v.pdb#5:B#P	3d2v.pdb#5:B#B	3d2v.pdb#5:B#S	3d2v.pdb#6:B#P	3d2v.pdb#6:B#B	3d2v.pdb#6:B#S	3d2v.pdb#7:B#P	3d2v.pdb#7:B#B	3d2v.pdb#7:B#S	3d2v.pdb#8:B#P	3d2v.pdb#8:B#B	3d2v.pdb#8:B#S	3d2v.pdb#9:B#P	3d2v.pdb#9:B#B	3d2v.pdb#9:B#S	3d2v.pdb#10:B#P	3d2v.pdb#10:B#B	3d2v.pdb#10:B#S	3d2v.pdb#11:B#P	3d2v.pdb#11:B#B	3d2v.pdb#11:B#S	3d2v.pdb#12:B#P	3d2v.pdb#12:B#B	3d2v.pdb#12:B#S	3d2v.pdb#13:B#P	3d2v.pdb#13:B#B	3d2v.pdb#13:B#S	3d2v.pdb#14:B#P	3d2v.pdb#14:B#B	3d2v.pdb#14:B#S	3d2v.pdb#15:B#P	3d2v.pdb#15:B#B	3d2v.pdb#15:B#S	3d2v.pdb#16:B#P	3d2v.pdb#16:B#B	3d2v.pdb#16:B#S	3d2v.pdb#17:B#P	3d2v.pdb#17:B#B	3d2v.pdb#17:B#S	3d2v.pdb#18:B#P	3d2v.pdb#18:B#B	3d2v.pdb#18:B#S	3d2v.pdb#19:B#P	3d2v.pdb#19:B#B	3d2v.pdb#19:B#S	3d2v.pdb#20:B#P	3d2v.pdb#20:B#B	3d2v.pdb#20:B#S	3d2v.pdb#21:B#P	3d2v.pdb#21:B#B	3d2v.pdb#21:B#S	3d2v.pdb#22:B#P	3d2v.pdb#22:B#B	3d2v.pdb#22:B#S	3d2v.pdb#23:B#P	3d2v.pdb#23:B#B	3d2v.pdb#23:B#S	3d2v.pdb#24:B#P	3d2v.pdb#24:B#B	3d2v.pdb#24:B#S	3d2v.pdb#25:B#P	3d2v.pdb#25:B#B	3d2v.pdb#25:B#S	3d2v.pdb#26:B#P	3d2v.pdb#26:B#B	3d2v.pdb#26:B#S	3d2v.pdb#27:B#P	3d2v.pdb#27:B#B	3d2v.pdb#27:B#S	3d2v.pdb#28:B#P	3d2v.pdb#28:B#B	3d2v.pdb#28:B#S	3d2v.pdb#29:B#P	3d2v.pdb#29:B#B	3d2v.pdb#29:B#S	3d2v.pdb#30:B#P	3d2v.pdb#30:B#B	3d2v.pdb#30:B#S	3d2v.pdb#31:B#P	3d2v.pdb#31:B#B	3d2v.pdb#31:B#S	3d2v.pdb#32:B#P	3d2v.pdb#32:B#B	3d2v.pdb#32:B#S	3d2v.pdb#33:B#P	3d2v.pdb#33:B#B	3d2v.pdb#33:B#S	3d2v.pdb#34:B#P	3d2v.pdb#34:B#B	3d2v.pdb#34:B#S	3d2v.pdb#35:B#P	3d2v.pdb#35:B#B	3d2v.pdb#35:B#S	3d2v.pdb#36:B#P	3d2v.pdb#36:B#B	3d2v.pdb#36:B#S	3d2v.pdb#37:B#P	3d2v.pdb#37:B#B	3d2v.pdb#37:B#S	3d2v.pdb#38:B#P	3d2v.pdb#38:B#B	3d2v.pdb#38:B#S	3d2v.pdb#39:B#P	3d2v.pdb#39:B#B	3d2v.pdb#39:B#S	3d2v.pdb#40:B#P	3d2v.pdb#40:B#B	3d2v.pdb#40:B#S	3d2v.pdb#41:B#P	3d2v.pdb#41:B#B	3d2v.pdb#41:B#S	3d2v.pdb#42:B#P	3d2v.pdb#42:B#B	3d2v.pdb#42:B#S	3d2v.pdb#43:B#P	3d2v.pdb#43:B#B	3d2v.pdb#43:B#S	3d2v.pdb#44:B#P	3d2v.pdb#44:B#B	3d2v.pdb#44:B#S	3d2v.pdb#45:B#P	3d2v.pdb#45:B#B	3d2v.pdb#45:B#S	3d2v.pdb#46:B#P	3d2v.pdb#46:B#B	3d2v.pdb#46:B#S	3d2v.pdb#47:B#P	3d2v.pdb#47:B#B	3d2v.pdb#47:B#S	3d2v.pdb#48:B#P	3d2v.pdb#48:B#B	3d2v.pdb#48:B#S	3d2v.pdb#49:B#P	3d2v.pdb#49:B#B	3d2v.pdb#49:B#S	3d2v.pdb#50:B#P	3d2v.pdb#50:B#B	3d2v.pdb#50:B#S	3d2v.pdb#51:B#P	3d2v.pdb#51:B#B	3d2v.pdb#51:B#S	3d2v.pdb#52:B#P	3d2v.pdb#52:B#B	3d2v.pdb#52:B#S	3d2v.pdb#53:B#P	3d2v.pdb#53:B#B	3d2v.pdb#53:B#S	3d2v.pdb#54:B#P	3d2v.pdb#54:B#B	3d2v.pdb#54:B#S	3d2v.pdb#55:B#P	3d2v.pdb#55:B#B	3d2v.pdb#55:B#S	3d2v.pdb#56:B#P	3d2v.pdb#56:B#B	3d2v.pdb#56:B#S	3d2v.pdb#57:B#P	3d2v.pdb#57:B#B	3d2v.pdb#57:B#S	3d2v.pdb#58:B#P	3d2v.pdb#58:B#B	3d2v.pdb#58:B#S	3d2v.pdb#59:B#P	3d2v.pdb#59:B#B	3d2v.pdb#59:B#S	3d2v.pdb#60:B#P	3d2v.pdb#60:B#B	3d2v.pdb#60:B#S	3d2v.pdb#61:B#P	3d2v.pdb#61:B#B	3d2v.pdb#61:B#S	3d2v.pdb#62:B#P	3d2v.pdb#62:B#B	3d2v.pdb#62:B#S	3d2v.pdb#63:B#P	3d2v.pdb#63:B#B	3d2v.pdb#63:B#S	3d2v.pdb#64:B#P	3d2v.pdb#64:B#B	3d2v.pdb#64:B#S	3d2v.pdb#65:B#P	3d2v.pdb#65:B#B	3d2v.pdb#65:B#S	3d2v.pdb#66:B#P	3d2v.pdb#66:B#B	3d2v.pdb#66:B#S	3d2v.pdb#67:B#P	3d2v.pdb#67:B#B	3d2v.pdb#67:B#S	3d2v.pdb#68:B#P	3d2v.pdb#68:B#B	3d2v.pdb#68:B#S	3d2v.pdb#69:B#P	3d2v.pdb#69:B#B	3d2v.pdb#69:B#S	3d2v.pdb#70:B#P	3d2v.pdb#70:B#B	3d2v.pdb#70:B#S	3d2v.pdb#71:B#P	3d2v.pdb#71:B#B	3d2v.pdb#71:B#S	3d2v.pdb#72:B#P	3d2v.pdb#72:B#B	3d2v.pdb#72:B#S	3d2v.pdb#73:B#P	3d2v.pdb#73:B#B	3d2v.pdb#73:B#S	3d2v.pdb#74:B#P	3d2v.pdb#74:B#B	3d2v.pdb#74:B#S	3d2v.pdb#75:B#P	3d2v.pdb#75:B#B	3d2v.pdb#75:B#S	3d2v.pdb#76:B#P	3d2v.pdb#76:B#B	3d2v.pdb#76:B#S	3d2v.pdb#77:B#P	3d2v.pdb#77:B#B	3d2v.pdb#77:B#S
Ligand_1^1	0	0	0	0	0	0	0	0	0	0	0	0	0	0	0	0	0	0	0	0	0	0	0	0	0	0	0	0	0	0	0	0	0	0	0	0	0	0	0	0	0	0	0	0	0	0	0	0	0	0	0	0	0	0	0	0	0	0	0	0	0	0	0	0	0	0	0	0	0	0	0	0	0	0	0	0	0	0	0	0	0	0	0	0	0	0	0	0	0	0	0	0	0	0	0	0	0	0	0	0	0	0	0	0	0	0	0	0	0	0	0	0	0	0	0	0	0	0	0	0	0	0	0	0	0	0	0	0	0	0	0	0	0	0	0	0	0	0	0	0	0	0	0	0	0	0	0	0	0	0	0	0	0	0	0	0	0	0	0	0	0	0	0	0	0	0	0	0	0	0	0	0	0	0	0	0	0	0	0	0	0	0	0	0	0	0	0	0	0	0	0	0	0	0	0	0	0	0	0	0	0	0	0	0	0	0	0	0	0	0	0	0	0	0	0	0	0	0	0	0	0	0	0	0	0	0	0	0	0	0	0	0	0	0	0	0	0	0	0	0	0	0	0	0	0	0	0	0	0	0	0	0	0	0	0	0	0	0	0	0	0	0	0	0	0	0	0	0	0	0	0	0	0	0	0	0	0	0	0	0	0	0	0	0	0	0	0	0	0	0	0	0	0	0	0	0	0	0	0	0	0	0	0	0	0	0	0	0	0	0	0	0	0	0	0	0	0	0	0	0	0	0	0	0	0	0	0	0	0	0	0	0	0	0	0	0	0	0	0	0	0	0	0	0	0	0	0	0	0	0	0	0	0	0	0	0	0	0	0	0	0	0	0	1	0	0	1	0	0	0	0	0	0	0	0	0	0	0	0	0	0	0	0	0	0	0	0	0	0	0	0	0	0	0	0	0	0	0	0	0	0	0	0	0	0	0	0	0	0	1	1	0	0	0	0	0	0	0	0	0	0	0	0	0	0	0	0	0	0	0	0	0	0	0	0	0	0	0	0	0	0	0	0	0	0	0	0	0	0	0	0	0	0	0	0	0	0	0	0	0	0	0
Ligand_2^1	0	0	0	0	0	0	0	0	0	0	0	0	0	0	0	0	0	0	0	0	0	0	0	0	0	0	0	0	0	0	0	0	0	0	0	0	0	0	0	0	0	0	0	0	0	0	0	0	0	0	0	0	0	0	0	0	0	0	0	0	0	0	0	0	0	0	0	0	0	0	0	0	0	0	0	0	0	0	0	0	0	0	0	0	0	0	0	0	0	0	0	0	0	0	0	0	0	0	0	0	0	0	0	0	0	0	0	0	0	0	0	0	0	0	0	0	0	0	0	0	0	0	0	0	0	0	0	0	0	0	0	0	0	0	0	0	0	0	0	0	0	0	0	0	0	0	0	0	0	0	0	0	0	0	0	0	0	0	0	0	0	0	0	0	0	0	0	0	0	0	0	0	0	0	0	0	0	0	0	0	0	0	0	0	0	0	0	0	0	0	0	0	0	0	0	0	0	0	0	0	0	0	0	0	0	0	0	0	0	0	0	0	0	0	0	0	0	0	0	0	0	0	0	0	0	0	0	0	0	0	0	0	0	0	0	0	0	0	0	0	0	0	0	0	0	0	0	0	0	0	0	0	0	0	0	0	0	0	0	0	0	0	0	1	0	0	0	0	0	0	0	0	0	0	0	0	0	0	0	0	0	0	0	0	0	0	0	0	0	0	0	0	0	0	0	0	0	0	0	0	0	0	0	0	0	0	0	0	0	0	0	0	0	1	0	0	0	0	0	1	0	0	1	0	0	0	0	0	0	0	0	0	0	0	0	0	0	0	0	0	0	0	0	0	0	0	0	0	0	0	0	0	0	0	0	0	0	0	0	0	0	0	0	1	0	0	0	0	0	0	0	0	0	0	0	0	0	0	0	0	0	0	0	0	0	0	0	0	0	0	0	0	0	0	0	0	0	0	0	0	0	0	0	0	0	0	0	0	0	0	0	0	0	0	0	0	0	0	0	0	0	0	0	0	0	0	0	0	0	0	0	0	0	0	0	0	0	0	0	0	0	0	0	0	0	0	0	0	0	0	0	0	0	0	0	0	0	0	0	0	0	0
Ligand_3^1	0	0	0	0	0	0	0	0	0	0	0	0	0	0	0	0	0	0	0	0	0	0	0	0	0	0	0	0	0	0	0	0	0	0	0	0	0	0	0	0	0	0	0	0	0	0	0	0	0	0	0	0	0	0	0	0	0	0	0	0	0	0	0	0	0	0	0	0	0	0	0	0	0	0	0	0	0	0	0	0	0	0	0	0	0	0	0	0	0	0	0	0	0	0	0	0	0	0	0	0	0	0	0	0	0	0	0	0	0	0	0	0	0	0	0	0	0	0	0	0	0	0	0	0	0	0	0	0	0	0	0	0	0	0	0	0	0	0	0	0	0	0	0	0	0	0	0	0	0	0	0	0	0	0	0	0	0	0	0	0	0	0	0	0	0	0	0	0	0	0	0	0	0	0	0	0	0	0	0	0	0	0	0	0	0	0	0	0	0	0	0	0	0	0	0	0	0	0	0	0	0	0	0	0	0	0	0	0	0	0	0	0	0	0	0	0	0	0	0	0	0	0	0	0	0	0	0	0	0	0	0	0	0	0	0	0	0	0	0	0	0	0	0	0	0	0	0	0	0	0	0	0	0	0	0	0	0	0	0	0	0	0	0	0	0	0	0	0	0	0	0	0	0	0	0	0	0	0	0	0	0	0	0	0	0	0	0	0	0	0	0	0	0	0	0	0	0	0	0	0	0	0	0	0	0	0	0	0	0	0	0	0	0	0	0	0	0	0	0	0	0	0	0	0	0	0	0	0	0	0	0	0	0	0	0	0	0	0	0	0	0	0	0	0	0	0	0	0	0	0	0	0	0	0	0	0	0	0	0	0	0	0	0	0	0	0	0	0	0	0	0	0	0	0	0	0	0	0	0	0	0	0	0	0	0	0	0	0	0	0	0	0	0	0	0	0	0	0	0	0	0	0	0	0	0	0	0	0	0	1	1	0	0	0	0	0	0	0	0	0	0	0	0	0	0	0	0	0	0	0	0	0	0	0	0	0	0	0	0	0	0	0	0	0	0	0	0	0	0	0	0	0	0	0	0	0	0	0	0	0	0	0
Ligand_4^1	0	0	0	0	0	0	0	0	0	0	0	0	0	0	0	0	0	0	0	0	0	0	0	0	0	0	0	0	0	0	0	0	0	0	0	0	0	0	0	0	0	0	0	0	0	0	0	0	0	0	0	0	0	0	0	0	0	0	0	0	0	0	0	0	0	0	0	0	0	0	0	0	0	0	0	0	0	0	0	0	0	0	0	0	0	0	0	0	0	0	0	0	0	0	0	0	0	0	0	0	0	0	0	0	0	0	0	0	0	0	0	0	0	0	0	0	0	0	0	0	0	0	0	0	0	0	0	0	0	0	0	0	0	0	0	0	0	0	0	0	0	0	0	0	0	0	0	0	0	0	0	0	0	0	0	0	0	0	0	0	0	0	0	0	0	0	0	0	0	0	0	0	0	0	0	0	0	0	0	0	0	0	0	0	0	0	0	0	0	0	0	0	0	0	0	0	0	0	0	0	0	0	0	0	0	0	0	0	0	0	0	0	0	0	0	0	0	0	0	0	0	0	0	0	0	0	0	0	0	0	0	0	0	0	0	0	0	0	0	0	0	0	0	0	0	0	0	0	0	0	0	0	0	0	0	0	0	0	0	0	0	0	0	1	0	0	1	0	0	0	0	0	0	0	0	0	0	0	0	0	0	0	0	0	0	0	0	0	0	0	0	0	0	0	0	0	0	0	0	0	0	0	0	0	0	0	0	0	0	0	0	0	0	1	1	0	0	0	0	1	0	0	1	1	0	0	0	0	0	0	0	0	0	0	0	0	0	0	0	0	0	0	0	0	0	0	0	0	0	0	0	0	0	0	0	0	0	0	0	0	0	0	0	0	0	0	0	0	0	0	0	0	0	0	0	0	0	0	0	0	0	0	0	0	0	0	0	0	0	0	0	0	0	0	0	0	0	0	0	0	0	0	0	0	0	0	0	0	0	0	0	1	0	0	0	0	0	0	0	0	0	0	0	0	0	0	0	0	0	0	0	0	0	0	0	0	0	0	0	0	0	0	0	0	0	0	0	0	0	0	0	0	0	0	0	0	0	0	0	0	0	0
Ligand_5^1	0	0	0	0	0	0	0	0	0	0	0	0	0	0	0	0	0	0	0	0	0	0	0	0	0	0	0	0	0	0	0	0	0	0	0	0	0	0	0	0	0	0	0	0	0	0	0	0	0	0	0	0	0	0	0	0	0	0	0	0	0	0	0	0	0	0	0	0	0	0	0	0	0	0	0	0	0	0	0	0	0	0	0	0	0	0	0	0	0	0	0	0	0	0	0	0	0	0	0	0	0	0	0	0	0	0	0	0	0	0	0	0	0	0	0	0	0	0	0	0	0	0	0	0	0	0	0	0	0	0	0	0	0	0	0	0	0	0	0	0	0	0	0	0	0	0	0	0	0	0	0	0	0	0	0	0	0	0	0	0	0	0	0	0	0	0	0	0	0	0	0	0	0	0	0	0	0	0	0	0	0	0	0	0	0	0	0	0	0	0	0	0	0	0	0	0	0	0	0	0	0	0	0	0	0	0	0	0	0	0	0	0	0	0	0	0	0	0	0	0	0	0	0	0	0	0	0	0	0	0	0	0	0	0	0	0	0	0	0	0	0	0	0	0	0	0	0	0	0	0	0	0	0	0	0	0	0	0	0	0	0	0	1	1	0	1	1	0	0	0	0	0	0	0	0	0	0	0	0	0	0	0	0	0	0	0	0	0	0	0	0	0	0	0	0	0	0	0	0	0	0	0	0	0	0	0	0	0	0	0	0	0	0	1	0	0	0	0	0	1	0	0	1	1	0	0	0	0	0	0	0	0	0	0	0	0	0	0	0	0	0	0	0	0	0	0	0	0	0	0	0	0	0	0	0	0	0	0	0	0	0	0	0	0	0	0	0	0	0	0	0	0	0	0	0	0	0	0	0	0	0	0	0	0	0	0	0	0	0	0	0	0	0	0	0	0	0	0	0	0	0	0	0	0	0	0	0	0	0	0	0	0	0	0	0	0	0	0	0	0	0	0	0	0	0	0	0	0	0	0	0	0	0	0	0	0	0	0	0	0	0	0	0	0	0	0	0	0	0	0	0	0	0	0	0	0	0	0	0	0	0	0
adenine^1	0	0	0	0	0	0	0	0	0	0	0	0	0	0	0	0	0	0	0	0	0	0	0	0	0	0	0	0	0	0	0	0	0	0	0	0	0	0	0	0	0	0	0	0	0	0	0	0	0	0	0	0	0	0	0	0	0	0	0	0	0	0	0	0	0	0	0	0	0	0	0	0	0	0	0	0	0	0	0	0	0	0	0	0	0	0	0	0	0	0	0	0	0	0	0	0	0	0	0	0	0	0	0	0	0	0	0	0	0	0	0	0	0	0	0	0	0	0	0	0	0	0	0	0	0	0	0	0	0	0	0	0	0	0	0	0	0	0	0	0	0	0	0	0	0	0	0	0	0	0	0	0	0	0	0	0	0	0	0	0	0	0	0	0	0	0	0	0	0	0	0	0	0	0	0	0	0	0	0	0	0	0	0	0	0	0	0	0	0	0	0	0	0	0	0	0	0	0	0	0	0	0	0	0	0	0	0	0	0	0	0	0	0	0	0	0	0	0	0	0	0	0	0	0	0	0	0	0	0	0	0	0	0	0	0	0	0	0	0	0	0	0	0	0	0	0	0	0	0	0	0	0	0	0	0	0	0	0	0	0	0	0	0	0	0	0	0	0	0	0	0	0	0	0	0	0	0	0	0	0	0	0	0	0	0	0	0	0	0	0	0	0	0	0	0	0	0	0	0	0	0	0	0	0	0	0	0	0	0	0	0	0	0	0	0	0	0	0	0	1	0	0	0	0	0	0	0	0	0	0	0	0	0	0	0	0	0	0	0	0	0	0	0	0	0	0	0	0	0	0	0	0	0	0	0	0	0	0	0	0	0	0	0	1	0	0	0	0	0	0	0	0	0	0	0	0	0	0	0	0	0	0	0	0	0	0	0	0	0	0	0	0	0	0	0	0	0	0	0	0	0	0	0	0	0	0	0	0	0	1	1	1	0	0	0	0	0	0	0	0	0	0	0	0	0	0	0	0	0	0	0	0	0	0	0	0	0	0	0	0	0	0	0	0	0	0	0	0	0	0	0	0	0	0	0	0	0	0	0	0	0	0
ligand_6^1	0	0	0	0	0	0	0	0	0	0	0	0	0	0	0	0	0	0	0	0	0	0	0	0	0	0	0	0	0	0	0	0	0	0	0	0	0	0	0	0	0	0	0	0	0	0	0	0	0	0	0	0	0	0	0	0	0	0	0	0	0	0	0	0	0	0	0	0	0	0	0	0	0	0	0	0	0	0	0	0	0	0	0	0	0	0	0	0	0	0	0	0	0	0	0	0	0	0	0	0	0	0	0	0	0	0	0	0	0	0	0	0	0	0	0	0	0	0	0	0	0	0	0	0	0	0	0	0	0	0	0	0	0	0	0	0	0	0	0	0	0	0	0	0	0	0	0	0	0	0	0	0	0	0	0	0	0	0	0	0	0	0	0	0	0	0	0	0	0	0	0	0	0	0	0	0	0	0	0	0	0	0	0	0	0	0	0	0	0	0	0	0	0	0	0	0	0	0	0	0	0	0	0	0	0	0	0	0	0	0	0	0	0	0	0	0	0	0	0	0	0	0	0	0	0	0	0	0	0	0	0	0	0	0	0	0	0	0	0	0	0	0	0	0	0	0	0	0	0	0	0	0	0	0	0	0	0	0	0	0	0	0	0	0	0	0	0	0	0	0	0	0	0	0	0	0	0	0	0	0	0	0	0	0	0	0	0	0	0	0	0	0	0	0	0	0	0	0	0	0	0	0	0	0	0	0	0	0	0	0	0	0	0	0	0	0	0	0	0	0	0	0	0	0	0	0	0	0	0	0	0	0	0	0	0	0	0	0	0	0	0	0	0	0	0	0	0	0	0	0	0	0	0	0	0	0	0	0	1	0	0	0	0	0	0	0	0	0	0	0	0	0	0	0	0	0	0	0	0	0	0	0	0	0	0	0	0	0	0	0	0	0	0	0	0	0	0	0	0	0	0	0	0	0	0	0	0	0	0	0	0	0	0	0	0	0	0	0	0	0	0	0	0	0	1	0	0	1	0	0	0	0	0	0	0	0	0	0	0	0	0	0	0	0	0	0	0	0	0	0	0	0	0	0	0	0	0	0	0	0	0	0
3D2V-native-protonated^1	0	0	0	0	0	0	0	0	0	0	0	0	0	0	0	0	0	0	0	0	0	0	0	0	0	0	0	0	0	0	0	0	0	0	0	0	0	0	0	0	0	0	0	0	0	0	0	0	0	0	0	0	0	0	0	0	0	0	0	0	0	0	0	0	0	0	0	0	0	0	0	0	0	0	0	0	0	0	0	0	0	0	0	0	0	0	0	0	0	0	0	0	0	0	0	0	0	0	0	0	0	0	0	0	0	0	0	0	0	0	0	0	0	0	0	0	0	0	0	0	0	0	0	0	0	0	0	0	0	0	0	0	0	0	0	0	0	0	0	0	0	0	0	0	0	0	0	0	0	0	0	0	0	0	0	0	0	0	0	0	0	0	0	0	0	0	0	0	0	0	0	0	0	0	0	0	0	0	0	0	0	0	0	0	0	0	0	0	0	0	0	0	0	0	0	0	0	0	0	0	0	0	0	0	0	0	0	0	0	0	0	0	0	0	0	0	0	0	0	0	0	0	0	0	0	0	0	0	0	0	0	0	0	0	0	0	0	0	0	0	0	0	0	0	0	0	0	0	0	0	0	0	0	0	0	0	0	0	0	0	0	0	0	1	0	0	0	0	0	0	0	0	0	0	0	0	0	0	0	0	0	0	0	0	0	0	0	0	0	0	0	0	0	0	0	0	0	0	0	0	0	0	0	0	0	0	0	0	0	0	1	0	0	1	1	0	0	0	0	1	0	0	1	0	0	0	0	0	0	0	0	0	0	0	0	0	0	0	0	0	0	0	0	0	0	0	0	0	0	0	0	0	0	0	0	0	0	0	1	0	0	0	0	1	0	0	1	0	0	0	0	0	0	0	0	0	0	0	0	0	0	0	0	0	0	0	0	0	0	0	0	0	0	0	0	0	0	0	0	0	0	0	0	0	0	0	0	0	0	1	1	1	0	0	0	0	0	0	0	0	0	0	0	0	1	0	0	1	0	0	0	0	0	0	0	0	0	0	0	0	0	0	0	0	0	0	0	0	0	0	0	0	0	0	0	0	0	0	0	0	0	0
