Ligand_name	3d2v.pdb#A#P	3d2v.pdb#A#B	3d2v.pdb#A#S	3d2v.pdb#C#P	3d2v.pdb#C#B	3d2v.pdb#C#S	3d2v.pdb#U#P	3d2v.pdb#U#B	3d2v.pdb#U#S	3d2v.pdb#G#P	3d2v.pdb#G#B	3d2v.pdb#G#S
MG:78:A	0	0	0	0	0	0	0	0	0	0	0	0
MG:79:A	1	0	0	1	0	0	0	0	0	0	0	0
MG:80:A	0	0	0	0	0	0	0	0	0	1	0	0
MG:81:A	0	0	0	0	0	0	0	0	0	0	1	0
MG:82:A	0	1	0	0	0	0	0	0	0	0	0	0
MG:83:A	0	0	0	0	0	0	0	0	0	1	0	0
MG:78:B	1	0	0	1	0	0	0	0	0	0	0	0
MG:79:B	0	0	0	0	0	0	0	0	0	0	0	0
MG:80:B	0	0	0	0	0	0	0	0	0	0	1	0
MG:81:B	0	1	0	0	0	0	0	0	0	0	0	0
