Ligand_name	3d2v.mol2#1:A#P	3d2v.mol2#1:A#B	3d2v.mol2#1:A#S	3d2v.mol2#2:A#P	3d2v.mol2#2:A#B	3d2v.mol2#2:A#S	3d2v.mol2#3:A#P	3d2v.mol2#3:A#B	3d2v.mol2#3:A#S	3d2v.mol2#4:A#P	3d2v.mol2#4:A#B	3d2v.mol2#4:A#S	3d2v.mol2#5:A#P	3d2v.mol2#5:A#B	3d2v.mol2#5:A#S	3d2v.mol2#6:A#P	3d2v.mol2#6:A#B	3d2v.mol2#6:A#S	3d2v.mol2#7:A#P	3d2v.mol2#7:A#B	3d2v.mol2#7:A#S	3d2v.mol2#8:A#P	3d2v.mol2#8:A#B	3d2v.mol2#8:A#S	3d2v.mol2#9:A#P	3d2v.mol2#9:A#B	3d2v.mol2#9:A#S	3d2v.mol2#10:A#P	3d2v.mol2#10:A#B	3d2v.mol2#10:A#S	3d2v.mol2#11:A#P	3d2v.mol2#11:A#B	3d2v.mol2#11:A#S	3d2v.mol2#12:A#P	3d2v.mol2#12:A#B	3d2v.mol2#12:A#S	3d2v.mol2#13:A#P	3d2v.mol2#13:A#B	3d2v.mol2#13:A#S	3d2v.mol2#14:A#P	3d2v.mol2#14:A#B	3d2v.mol2#14:A#S	3d2v.mol2#15:A#P	3d2v.mol2#15:A#B	3d2v.mol2#15:A#S	3d2v.mol2#16:A#P	3d2v.mol2#16:A#B	3d2v.mol2#16:A#S	3d2v.mol2#17:A#P	3d2v.mol2#17:A#B	3d2v.mol2#17:A#S	3d2v.mol2#18:A#P	3d2v.mol2#18:A#B	3d2v.mol2#18:A#S	3d2v.mol2#19:A#P	3d2v.mol2#19:A#B	3d2v.mol2#19:A#S	3d2v.mol2#20:A#P	3d2v.mol2#20:A#B	3d2v.mol2#20:A#S	3d2v.mol2#21:A#P	3d2v.mol2#21:A#B	3d2v.mol2#21:A#S	3d2v.mol2#22:A#P	3d2v.mol2#22:A#B	3d2v.mol2#22:A#S	3d2v.mol2#23:A#P	3d2v.mol2#23:A#B	3d2v.mol2#23:A#S	3d2v.mol2#24:A#P	3d2v.mol2#24:A#B	3d2v.mol2#24:A#S	3d2v.mol2#25:A#P	3d2v.mol2#25:A#B	3d2v.mol2#25:A#S	3d2v.mol2#26:A#P	3d2v.mol2#26:A#B	3d2v.mol2#26:A#S	3d2v.mol2#27:A#P	3d2v.mol2#27:A#B	3d2v.mol2#27:A#S	3d2v.mol2#28:A#P	3d2v.mol2#28:A#B	3d2v.mol2#28:A#S	3d2v.mol2#29:A#P	3d2v.mol2#29:A#B	3d2v.mol2#29:A#S	3d2v.mol2#30:A#P	3d2v.mol2#30:A#B	3d2v.mol2#30:A#S	3d2v.mol2#31:A#P	3d2v.mol2#31:A#B	3d2v.mol2#31:A#S	3d2v.mol2#32:A#P	3d2v.mol2#32:A#B	3d2v.mol2#32:A#S	3d2v.mol2#33:A#P	3d2v.mol2#33:A#B	3d2v.mol2#33:A#S	3d2v.mol2#34:A#P	3d2v.mol2#34:A#B	3d2v.mol2#34:A#S	3d2v.mol2#35:A#P	3d2v.mol2#35:A#B	3d2v.mol2#35:A#S	3d2v.mol2#36:A#P	3d2v.mol2#36:A#B	3d2v.mol2#36:A#S	3d2v.mol2#37:A#P	3d2v.mol2#37:A#B	3d2v.mol2#37:A#S	3d2v.mol2#38:A#P	3d2v.mol2#38:A#B	3d2v.mol2#38:A#S	3d2v.mol2#39:A#P	3d2v.mol2#39:A#B	3d2v.mol2#39:A#S	3d2v.mol2#40:A#P	3d2v.mol2#40:A#B	3d2v.mol2#40:A#S	3d2v.mol2#41:A#P	3d2v.mol2#41:A#B	3d2v.mol2#41:A#S	3d2v.mol2#42:A#P	3d2v.mol2#42:A#B	3d2v.mol2#42:A#S	3d2v.mol2#43:A#P	3d2v.mol2#43:A#B	3d2v.mol2#43:A#S	3d2v.mol2#44:A#P	3d2v.mol2#44:A#B	3d2v.mol2#44:A#S	3d2v.mol2#45:A#P	3d2v.mol2#45:A#B	3d2v.mol2#45:A#S	3d2v.mol2#46:A#P	3d2v.mol2#46:A#B	3d2v.mol2#46:A#S	3d2v.mol2#47:A#P	3d2v.mol2#47:A#B	3d2v.mol2#47:A#S	3d2v.mol2#48:A#P	3d2v.mol2#48:A#B	3d2v.mol2#48:A#S	3d2v.mol2#49:A#P	3d2v.mol2#49:A#B	3d2v.mol2#49:A#S	3d2v.mol2#50:A#P	3d2v.mol2#50:A#B	3d2v.mol2#50:A#S	3d2v.mol2#51:A#P	3d2v.mol2#51:A#B	3d2v.mol2#51:A#S	3d2v.mol2#52:A#P	3d2v.mol2#52:A#B	3d2v.mol2#52:A#S	3d2v.mol2#53:A#P	3d2v.mol2#53:A#B	3d2v.mol2#53:A#S	3d2v.mol2#54:A#P	3d2v.mol2#54:A#B	3d2v.mol2#54:A#S	3d2v.mol2#55:A#P	3d2v.mol2#55:A#B	3d2v.mol2#55:A#S	3d2v.mol2#56:A#P	3d2v.mol2#56:A#B	3d2v.mol2#56:A#S	3d2v.mol2#57:A#P	3d2v.mol2#57:A#B	3d2v.mol2#57:A#S	3d2v.mol2#58:A#P	3d2v.mol2#58:A#B	3d2v.mol2#58:A#S	3d2v.mol2#59:A#P	3d2v.mol2#59:A#B	3d2v.mol2#59:A#S	3d2v.mol2#60:A#P	3d2v.mol2#60:A#B	3d2v.mol2#60:A#S	3d2v.mol2#61:A#P	3d2v.mol2#61:A#B	3d2v.mol2#61:A#S	3d2v.mol2#62:A#P	3d2v.mol2#62:A#B	3d2v.mol2#62:A#S	3d2v.mol2#63:A#P	3d2v.mol2#63:A#B	3d2v.mol2#63:A#S	3d2v.mol2#64:A#P	3d2v.mol2#64:A#B	3d2v.mol2#64:A#S	3d2v.mol2#65:A#P	3d2v.mol2#65:A#B	3d2v.mol2#65:A#S	3d2v.mol2#66:A#P	3d2v.mol2#66:A#B	3d2v.mol2#66:A#S	3d2v.mol2#67:A#P	3d2v.mol2#67:A#B	3d2v.mol2#67:A#S	3d2v.mol2#68:A#P	3d2v.mol2#68:A#B	3d2v.mol2#68:A#S	3d2v.mol2#69:A#P	3d2v.mol2#69:A#B	3d2v.mol2#69:A#S	3d2v.mol2#70:A#P	3d2v.mol2#70:A#B	3d2v.mol2#70:A#S	3d2v.mol2#71:A#P	3d2v.mol2#71:A#B	3d2v.mol2#71:A#S	3d2v.mol2#72:A#P	3d2v.mol2#72:A#B	3d2v.mol2#72:A#S	3d2v.mol2#73:A#P	3d2v.mol2#73:A#B	3d2v.mol2#73:A#S	3d2v.mol2#74:A#P	3d2v.mol2#74:A#B	3d2v.mol2#74:A#S	3d2v.mol2#75:A#P	3d2v.mol2#75:A#B	3d2v.mol2#75:A#S	3d2v.mol2#76:A#P	3d2v.mol2#76:A#B	3d2v.mol2#76:A#S	3d2v.mol2#77:A#P	3d2v.mol2#77:A#B	3d2v.mol2#77:A#S	3d2v.mol2#384:A#P	3d2v.mol2#384:A#B	3d2v.mol2#384:A#S	3d2v.mol2#385:A#P	3d2v.mol2#385:A#B	3d2v.mol2#385:A#S	3d2v.mol2#386:A#P	3d2v.mol2#386:A#B	3d2v.mol2#386:A#S	3d2v.mol2#387:A#P	3d2v.mol2#387:A#B	3d2v.mol2#387:A#S	3d2v.mol2#388:A#P	3d2v.mol2#388:A#B	3d2v.mol2#388:A#S	3d2v.mol2#389:A#P	3d2v.mol2#389:A#B	3d2v.mol2#389:A#S	3d2v.mol2#390:A#P	3d2v.mol2#390:A#B	3d2v.mol2#390:A#S	3d2v.mol2#391:A#P	3d2v.mol2#391:A#B	3d2v.mol2#391:A#S	3d2v.mol2#392:A#P	3d2v.mol2#392:A#B	3d2v.mol2#392:A#S	3d2v.mol2#393:A#P	3d2v.mol2#393:A#B	3d2v.mol2#393:A#S	3d2v.mol2#394:A#P	3d2v.mol2#394:A#B	3d2v.mol2#394:A#S	3d2v.mol2#395:A#P	3d2v.mol2#395:A#B	3d2v.mol2#395:A#S	3d2v.mol2#396:A#P	3d2v.mol2#396:A#B	3d2v.mol2#396:A#S	3d2v.mol2#397:A#P	3d2v.mol2#397:A#B	3d2v.mol2#397:A#S	3d2v.mol2#398:A#P	3d2v.mol2#398:A#B	3d2v.mol2#398:A#S	3d2v.mol2#399:A#P	3d2v.mol2#399:A#B	3d2v.mol2#399:A#S	3d2v.mol2#400:A#P	3d2v.mol2#400:A#B	3d2v.mol2#400:A#S	3d2v.mol2#401:A#P	3d2v.mol2#401:A#B	3d2v.mol2#401:A#S	3d2v.mol2#402:A#P	3d2v.mol2#402:A#B	3d2v.mol2#402:A#S	3d2v.mol2#403:A#P	3d2v.mol2#403:A#B	3d2v.mol2#403:A#S	3d2v.mol2#404:A#P	3d2v.mol2#404:A#B	3d2v.mol2#404:A#S	3d2v.mol2#405:A#P	3d2v.mol2#405:A#B	3d2v.mol2#405:A#S	3d2v.mol2#406:A#P	3d2v.mol2#406:A#B	3d2v.mol2#406:A#S	3d2v.mol2#407:A#P	3d2v.mol2#407:A#B	3d2v.mol2#407:A#S	3d2v.mol2#408:A#P	3d2v.mol2#408:A#B	3d2v.mol2#408:A#S	3d2v.mol2#409:A#P	3d2v.mol2#409:A#B	3d2v.mol2#409:A#S	3d2v.mol2#410:A#P	3d2v.mol2#410:A#B	3d2v.mol2#410:A#S	3d2v.mol2#411:A#P	3d2v.mol2#411:A#B	3d2v.mol2#411:A#S	3d2v.mol2#412:A#P	3d2v.mol2#412:A#B	3d2v.mol2#412:A#S	3d2v.mol2#413:A#P	3d2v.mol2#413:A#B	3d2v.mol2#413:A#S	3d2v.mol2#414:A#P	3d2v.mol2#414:A#B	3d2v.mol2#414:A#S	3d2v.mol2#415:A#P	3d2v.mol2#415:A#B	3d2v.mol2#415:A#S	3d2v.mol2#416:A#P	3d2v.mol2#416:A#B	3d2v.mol2#416:A#S	3d2v.mol2#417:A#P	3d2v.mol2#417:A#B	3d2v.mol2#417:A#S	3d2v.mol2#418:A#P	3d2v.mol2#418:A#B	3d2v.mol2#418:A#S	3d2v.mol2#419:A#P	3d2v.mol2#419:A#B	3d2v.mol2#419:A#S	3d2v.mol2#420:A#P	3d2v.mol2#420:A#B	3d2v.mol2#420:A#S	3d2v.mol2#421:A#P	3d2v.mol2#421:A#B	3d2v.mol2#421:A#S	3d2v.mol2#422:A#P	3d2v.mol2#422:A#B	3d2v.mol2#422:A#S	3d2v.mol2#423:A#P	3d2v.mol2#423:A#B	3d2v.mol2#423:A#S	3d2v.mol2#424:A#P	3d2v.mol2#424:A#B	3d2v.mol2#424:A#S	3d2v.mol2#425:A#P	3d2v.mol2#425:A#B	3d2v.mol2#425:A#S	3d2v.mol2#426:A#P	3d2v.mol2#426:A#B	3d2v.mol2#426:A#S	3d2v.mol2#427:A#P	3d2v.mol2#427:A#B	3d2v.mol2#427:A#S	3d2v.mol2#428:A#P	3d2v.mol2#428:A#B	3d2v.mol2#428:A#S	3d2v.mol2#429:A#P	3d2v.mol2#429:A#B	3d2v.mol2#429:A#S	3d2v.mol2#430:A#P	3d2v.mol2#430:A#B	3d2v.mol2#430:A#S	3d2v.mol2#431:A#P	3d2v.mol2#431:A#B	3d2v.mol2#431:A#S	3d2v.mol2#432:A#P	3d2v.mol2#432:A#B	3d2v.mol2#432:A#S	3d2v.mol2#433:A#P	3d2v.mol2#433:A#B	3d2v.mol2#433:A#S	3d2v.mol2#434:A#P	3d2v.mol2#434:A#B	3d2v.mol2#434:A#S	3d2v.mol2#435:A#P	3d2v.mol2#435:A#B	3d2v.mol2#435:A#S	3d2v.mol2#436:A#P	3d2v.mol2#436:A#B	3d2v.mol2#436:A#S	3d2v.mol2#437:A#P	3d2v.mol2#437:A#B	3d2v.mol2#437:A#S	3d2v.mol2#438:A#P	3d2v.mol2#438:A#B	3d2v.mol2#438:A#S	3d2v.mol2#439:A#P	3d2v.mol2#439:A#B	3d2v.mol2#439:A#S	3d2v.mol2#440:A#P	3d2v.mol2#440:A#B	3d2v.mol2#440:A#S	3d2v.mol2#441:A#P	3d2v.mol2#441:A#B	3d2v.mol2#441:A#S	3d2v.mol2#442:A#P	3d2v.mol2#442:A#B	3d2v.mol2#442:A#S	3d2v.mol2#443:A#P	3d2v.mol2#443:A#B	3d2v.mol2#443:A#S	3d2v.mol2#444:A#P	3d2v.mol2#444:A#B	3d2v.mol2#444:A#S	3d2v.mol2#445:A#P	3d2v.mol2#445:A#B	3d2v.mol2#445:A#S	3d2v.mol2#446:A#P	3d2v.mol2#446:A#B	3d2v.mol2#446:A#S	3d2v.mol2#447:A#P	3d2v.mol2#447:A#B	3d2v.mol2#447:A#S	3d2v.mol2#448:A#P	3d2v.mol2#448:A#B	3d2v.mol2#448:A#S	3d2v.mol2#449:A#P	3d2v.mol2#449:A#B	3d2v.mol2#449:A#S	3d2v.mol2#450:A#P	3d2v.mol2#450:A#B	3d2v.mol2#450:A#S	3d2v.mol2#451:A#P	3d2v.mol2#451:A#B	3d2v.mol2#451:A#S	3d2v.mol2#452:A#P	3d2v.mol2#452:A#B	3d2v.mol2#452:A#S	3d2v.mol2#453:A#P	3d2v.mol2#453:A#B	3d2v.mol2#453:A#S	3d2v.mol2#454:A#P	3d2v.mol2#454:A#B	3d2v.mol2#454:A#S	3d2v.mol2#455:A#P	3d2v.mol2#455:A#B	3d2v.mol2#455:A#S	3d2v.mol2#456:A#P	3d2v.mol2#456:A#B	3d2v.mol2#456:A#S	3d2v.mol2#457:A#P	3d2v.mol2#457:A#B	3d2v.mol2#457:A#S	3d2v.mol2#458:A#P	3d2v.mol2#458:A#B	3d2v.mol2#458:A#S	3d2v.mol2#459:A#P	3d2v.mol2#459:A#B	3d2v.mol2#459:A#S	3d2v.mol2#460:A#P	3d2v.mol2#460:A#B	3d2v.mol2#460:A#S
3D2V-native-protonated^1	0	0	0	0	0	0	0	0	0	0	0	0	0	0	0	0	0	0	0	0	0	0	0	0	0	0	0	0	0	0	0	0	0	0	0	0	0	0	0	0	0	0	0	0	0	0	0	0	0	0	0	0	0	0	0	0	0	0	0	0	0	0	0	0	0	0	0	0	0	0	0	0	0	0	0	0	0	0	0	0	0	0	0	0	0	0	0	0	0	0	0	0	0	0	0	0	0	0	0	0	0	0	0	0	0	0	0	0	0	0	0	0	0	0	0	0	0	0	0	0	0	0	0	0	0	0	0	0	0	0	0	0	0	0	0	0	0	0	0	0	0	0	0	0	0	0	0	0	0	0	0	0	0	0	0	0	0	0	0	0	0	0	0	0	0	0	0	0	0	0	0	0	0	0	0	0	0	0	0	0	0	0	0	0	0	0	0	0	0	0	0	0	0	0	0	0	0	0	0	0	0	0	0	0	0	0	0	0	0	0	0	0	0	0	0	0	0	0	0	0	0	0	0	0	0	0	0	0	0	0	0	0	0	0	0	0	0	0	0	0	0	0	0	0	0	0	0	0	0	0	0	0	0	0	0	0	0	0	0	0	0	0	1	1	0	1	1	0	0	0	0	0	0	0	0	0	0	0	0	0	0	0	0	0	0	0	0	0	0	0	0	0	0	0	0	0	0	0	0	0	0	0	0	0	0	0	0	0	0	0	0	0	0	1	0	0	0	0	0	1	1	0	1	1	0	0	0	0	0	0	0	0	0	0	0	0	0	0	0	0	0	0	0	0	0	0	0	0	0	0	0	0	0	0	0	0	0	0	0	0	0	0	0	1	0	0	0	0	0	0	0	0	0	0	0	0	0	0	0	0	0	0	0	0	0	0	0	0	0	0	0	0	0	0	0	0	0	0	0	0	0	0	0	0	0	0	0	0	0	1	1	1	0	0	0	0	0	0	0	0	0	0	0	0	1	0	0	0	0	0	0	0	0	0	0	0	0	0	0	0	0	0	0	0	0	0	0	0	0	0	0	0	0	0	0	0	0	0	0	0	0	0
3D2V-native-protonated^2	0	0	0	0	0	0	0	0	0	0	0	0	0	0	0	0	0	0	0	0	0	0	0	0	0	0	0	0	0	0	0	0	0	0	0	0	0	0	0	0	0	0	0	0	0	0	0	0	0	0	0	0	0	0	0	0	0	0	0	0	0	0	0	0	0	0	0	0	0	0	0	0	0	0	0	0	0	0	0	0	0	0	0	0	0	0	0	0	0	0	0	0	0	0	0	0	0	0	0	0	0	0	0	0	0	0	0	0	0	0	0	0	0	0	0	0	0	0	0	0	0	0	0	0	0	0	0	0	0	0	0	0	0	0	0	0	0	0	0	0	0	0	0	0	0	0	0	0	0	0	0	0	0	0	0	0	0	0	0	0	0	0	0	0	0	0	0	0	0	0	0	0	0	0	0	0	0	0	0	0	0	0	0	0	0	0	0	0	0	0	0	0	0	0	0	0	0	0	0	0	0	0	0	0	0	0	0	0	0	0	0	0	0	0	0	0	0	0	0	0	0	0	0	0	0	0	0	0	0	0	0	0	0	0	0	0	0	0	0	0	0	0	0	0	0	0	0	0	0	0	0	0	0	0	0	0	0	0	0	0	0	0	1	1	0	1	1	0	0	0	0	0	0	0	0	0	0	0	0	0	0	0	0	0	0	0	0	0	0	0	0	0	0	0	0	0	0	0	0	0	0	0	0	0	0	0	0	0	0	0	0	0	0	1	1	0	0	0	0	1	1	0	1	1	0	0	0	0	0	0	0	0	0	0	0	0	0	0	0	0	0	0	0	0	0	0	0	0	0	0	0	0	0	0	0	0	0	0	1	0	0	0	0	1	0	0	1	0	0	0	0	0	0	1	0	0	0	0	0	0	0	0	0	0	0	0	0	0	0	0	0	0	0	0	0	0	0	0	0	0	0	0	0	0	0	0	0	0	0	1	1	1	0	0	0	0	0	0	0	0	0	0	0	0	1	0	0	1	0	0	0	0	0	0	0	0	0	0	0	0	0	0	0	0	0	0	0	0	0	0	0	0	0	0	0	0	0	0	0	0	0	0
3D2V-native-protonated^3	0	0	0	0	0	0	0	0	0	0	0	0	0	0	0	0	0	0	0	0	0	0	0	0	0	0	0	0	0	0	0	0	0	0	0	0	0	0	0	0	0	0	0	0	0	0	0	0	0	0	0	0	0	0	0	0	0	0	0	0	0	0	0	0	0	0	0	0	0	0	0	0	0	0	0	0	0	0	0	0	0	0	0	0	0	0	0	0	0	0	0	0	0	0	0	0	0	0	0	0	0	0	0	0	0	0	0	0	0	0	0	0	0	0	0	0	0	0	0	0	0	0	0	0	0	0	0	0	0	0	0	0	0	0	0	0	0	0	0	0	0	0	0	0	0	0	0	0	0	0	0	0	0	0	0	0	0	0	0	0	0	0	0	0	0	0	0	0	0	0	0	0	0	0	0	0	0	0	0	0	0	0	0	0	0	0	0	0	0	0	0	0	0	0	0	0	0	0	0	0	0	0	0	0	0	0	0	0	0	0	0	0	0	0	0	0	0	0	0	0	0	0	0	0	0	0	0	0	0	0	0	0	0	0	0	0	0	0	0	0	0	0	0	0	0	0	0	0	0	0	0	0	0	0	0	0	0	0	0	0	0	0	1	1	0	1	1	0	0	0	0	0	0	0	0	0	0	0	0	0	0	0	0	0	0	0	0	0	0	0	0	0	0	0	0	0	0	0	0	0	0	0	0	0	0	0	0	0	0	0	0	0	0	1	1	0	0	0	0	1	0	0	1	1	0	0	0	0	0	0	0	0	0	0	0	0	0	0	0	0	0	0	0	0	0	0	0	0	0	0	0	0	0	0	0	0	0	0	1	1	0	0	0	1	0	0	1	0	0	0	0	0	0	0	0	0	0	0	0	0	0	0	0	0	0	0	0	0	0	0	0	0	0	0	0	0	0	0	0	0	0	0	0	0	0	0	0	0	0	1	1	1	0	0	0	0	0	0	0	0	0	0	0	0	1	0	0	1	0	0	0	0	0	0	0	0	0	0	0	0	0	0	0	0	0	0	0	0	0	0	0	0	0	0	0	0	0	0	0	0	0	0
3D2V-native-protonated^4	0	0	0	0	0	0	0	0	0	0	0	0	0	0	0	0	0	0	0	0	0	0	0	0	0	0	0	0	0	0	0	0	0	0	0	0	0	0	0	0	0	0	0	0	0	0	0	0	0	0	0	0	0	0	0	0	0	0	0	0	0	0	0	0	0	0	0	0	0	0	0	0	0	0	0	0	0	0	0	0	0	0	0	0	0	0	0	0	0	0	0	0	0	0	0	0	0	0	0	0	0	0	0	0	0	0	0	0	0	0	0	0	0	0	0	0	0	0	0	0	0	0	0	0	0	0	0	0	0	0	0	0	0	0	0	0	0	0	0	0	0	0	0	0	0	0	0	0	0	0	0	0	0	0	0	0	0	0	0	0	0	0	0	0	0	0	0	0	0	0	0	0	0	0	0	0	0	0	0	0	0	0	0	0	0	0	0	0	0	0	0	0	0	0	0	0	0	0	0	0	0	0	0	0	0	0	0	0	0	0	0	0	0	0	0	0	0	0	0	0	0	0	0	0	0	0	0	0	0	0	0	0	0	0	0	0	0	0	0	0	0	0	0	0	0	0	0	0	0	0	0	0	0	0	0	0	0	0	0	0	0	0	1	1	0	1	1	0	0	0	0	0	0	0	0	0	0	0	0	0	0	0	0	0	0	0	0	0	0	0	0	0	0	0	0	0	0	0	0	0	0	0	0	0	0	0	0	0	0	0	0	0	0	1	1	0	0	0	0	1	0	0	1	1	0	0	0	0	0	0	0	0	0	0	0	0	0	0	0	0	0	0	0	0	0	0	0	0	0	0	0	0	0	0	0	0	0	0	0	0	0	0	0	1	0	0	0	0	0	0	0	0	0	0	0	0	0	0	0	0	0	0	0	0	0	0	0	0	0	0	0	0	0	0	0	0	0	0	0	0	0	0	0	0	0	0	0	0	0	1	1	1	0	0	0	0	0	0	0	0	0	0	0	0	1	0	0	1	0	0	0	0	0	0	0	0	0	0	0	0	0	0	0	0	0	0	0	0	0	0	0	0	0	0	0	0	0	0	0	0	0	0
3D2V-native-protonated^5	0	0	0	0	0	0	0	0	0	0	0	0	0	0	0	0	0	0	0	0	0	0	0	0	0	0	0	0	0	0	0	0	0	0	0	0	0	0	0	0	0	0	0	0	0	0	0	0	0	0	0	0	0	0	0	0	0	0	0	0	0	0	0	0	0	0	0	0	0	0	0	0	0	0	0	0	0	0	0	0	0	0	0	0	0	0	0	0	0	0	0	0	0	0	0	0	0	0	0	0	0	0	0	0	0	0	0	0	0	0	0	0	0	0	0	0	0	0	0	0	0	0	0	0	0	0	0	0	0	0	0	0	0	0	0	0	0	0	0	0	0	0	0	0	0	0	0	0	0	0	0	0	0	0	0	0	0	0	0	0	0	0	0	0	0	0	0	0	0	0	0	0	0	0	0	0	0	0	0	0	0	0	0	0	0	0	0	0	0	0	0	0	0	0	0	0	0	0	0	0	0	0	0	0	0	0	0	0	0	0	0	0	0	0	0	0	0	0	0	0	0	0	0	0	0	0	0	0	0	0	0	0	0	0	0	0	0	0	0	0	0	0	0	0	0	0	0	0	0	0	0	0	0	0	0	0	0	0	0	0	0	0	1	1	0	1	1	0	0	0	0	0	0	0	0	0	0	0	0	0	0	0	0	0	0	0	0	0	0	0	0	0	0	0	0	0	0	0	0	0	0	0	0	0	0	0	0	0	0	0	0	0	0	1	1	0	0	0	0	1	1	0	1	1	0	0	0	0	0	0	0	0	0	0	0	0	0	0	0	0	0	0	0	0	0	0	0	0	0	0	0	0	0	0	0	0	0	0	1	0	0	0	0	1	0	0	1	0	0	0	0	0	0	0	0	0	0	0	0	0	0	0	0	0	0	0	0	0	0	0	0	0	0	0	0	0	0	0	0	0	0	0	0	0	0	0	0	0	0	1	0	1	0	0	0	0	0	0	0	0	0	0	0	0	1	0	0	1	0	0	0	0	0	0	0	0	0	0	0	0	0	0	0	0	0	0	0	0	0	0	0	0	0	0	0	0	0	0	0	0	0	0
3D2V-native-protonated^6	0	0	0	0	0	0	0	0	0	0	0	0	0	0	0	0	0	0	0	0	0	0	0	0	0	0	0	0	0	0	0	0	0	0	0	0	0	0	0	0	0	0	0	0	0	0	0	0	0	0	0	0	0	0	0	0	0	0	0	0	0	0	0	0	0	0	0	0	0	0	0	0	0	0	0	0	0	0	0	0	0	0	0	0	0	0	0	0	0	0	0	0	0	0	0	0	0	0	0	0	0	0	0	0	0	0	0	0	0	0	0	0	0	0	0	0	0	0	0	0	0	0	0	0	0	0	0	0	0	0	0	0	0	0	0	0	0	0	0	0	0	0	0	0	0	0	0	0	0	0	0	0	0	0	0	0	0	0	0	0	0	0	0	0	0	0	0	0	0	0	0	0	0	0	0	0	0	0	0	0	0	0	0	0	0	0	0	0	0	0	0	0	0	0	0	0	0	0	0	0	0	0	0	0	0	0	0	0	0	0	0	0	0	0	0	0	0	0	0	0	0	0	0	0	0	0	0	0	0	0	0	0	0	0	0	0	0	0	0	0	0	0	0	0	0	0	0	0	0	0	0	0	0	0	0	0	0	0	0	0	0	0	1	1	0	1	1	0	0	0	0	0	0	0	0	0	0	0	0	0	0	0	0	0	0	0	0	0	0	0	0	0	0	0	0	0	0	0	0	0	0	0	0	0	0	0	0	0	0	0	0	0	0	1	0	0	0	0	0	1	1	0	1	1	0	0	0	0	0	0	0	0	0	0	0	0	0	0	0	0	0	0	0	0	0	0	0	0	0	0	0	0	0	0	0	0	0	0	1	1	0	0	0	1	0	1	0	0	0	0	0	0	0	0	0	0	0	0	0	0	0	0	0	0	0	0	0	0	0	0	0	0	0	0	0	0	0	0	0	0	0	0	0	0	0	0	0	0	0	1	0	1	0	0	0	0	0	0	0	0	0	0	0	0	1	0	0	1	0	0	0	0	0	0	0	0	0	0	0	0	0	0	0	0	0	0	0	0	0	0	0	0	0	0	0	0	0	0	0	0	0	0
3D2V-native-protonated^7	0	0	0	0	0	0	0	0	0	0	0	0	0	0	0	0	0	0	0	0	0	0	0	0	0	0	0	0	0	0	0	0	0	0	0	0	0	0	0	0	0	0	0	0	0	0	0	0	0	0	0	0	0	0	0	0	0	0	0	0	0	0	0	0	0	0	0	0	0	0	0	0	0	0	0	0	0	0	0	0	0	0	0	0	0	0	0	0	0	0	0	0	0	0	0	0	0	0	0	0	0	0	0	0	0	0	0	0	0	0	0	0	0	0	0	0	0	0	0	0	0	0	0	0	0	0	0	0	0	0	0	0	0	0	0	0	0	0	0	0	0	0	0	0	0	0	0	0	0	0	0	0	0	0	0	0	0	0	0	0	0	0	0	0	0	0	0	0	0	0	0	0	0	0	0	0	0	0	0	0	0	0	0	0	0	0	0	0	0	0	0	0	0	0	0	0	0	0	0	0	0	0	0	0	0	0	0	0	0	0	0	0	0	0	0	0	0	0	0	0	0	0	0	0	0	0	0	0	0	0	0	0	0	0	0	0	0	0	0	0	0	0	0	0	0	0	0	0	0	0	0	0	0	0	0	0	0	0	0	0	0	0	1	1	0	1	1	0	0	0	0	0	0	0	0	0	0	0	0	0	0	0	0	0	0	0	0	0	0	0	0	0	0	0	0	0	0	0	0	0	0	0	0	0	0	0	0	0	0	0	0	0	0	1	0	0	0	0	0	1	1	0	1	1	0	0	0	0	0	0	0	0	0	0	0	0	0	0	0	0	0	0	0	0	0	0	0	0	0	0	0	0	0	0	0	0	0	0	1	0	0	0	0	1	0	0	1	0	0	0	0	0	0	0	0	0	0	0	0	0	0	0	0	0	0	0	0	0	0	0	0	0	0	0	0	0	0	0	0	0	0	0	0	0	0	0	0	0	0	1	0	1	0	0	0	0	0	0	0	0	0	0	0	0	1	0	0	1	0	0	0	0	0	0	0	0	0	0	0	0	0	0	0	0	0	0	0	0	0	0	0	0	0	0	0	0	0	0	0	0	0	0
3D2V-native-protonated^8	0	0	0	0	0	0	0	0	0	0	0	0	0	0	0	0	0	0	0	0	0	0	0	0	0	0	0	0	0	0	0	0	0	0	0	0	0	0	0	0	0	0	0	0	0	0	0	0	0	0	0	0	0	0	0	0	0	0	0	0	0	0	0	0	0	0	0	0	0	0	0	0	0	0	0	0	0	0	0	0	0	0	0	0	0	0	0	0	0	0	0	0	0	0	0	0	0	0	0	0	0	0	0	0	0	0	0	0	0	0	0	0	0	0	0	0	0	0	0	0	0	0	0	0	0	0	0	0	0	0	0	0	0	0	0	0	0	0	0	0	0	0	0	0	0	0	0	0	0	0	0	0	0	0	0	0	0	0	0	0	0	0	0	0	0	0	0	0	0	0	0	0	0	0	0	0	0	0	0	0	0	0	0	0	0	0	0	0	0	0	0	0	0	0	0	0	0	0	0	0	0	0	0	0	0	0	0	0	0	0	0	0	0	0	0	0	0	0	0	0	0	0	0	0	0	0	0	0	0	0	0	0	0	0	0	0	0	0	0	0	0	0	0	0	0	0	0	0	0	0	0	0	0	0	0	0	0	0	0	0	0	0	1	1	0	1	1	0	0	0	0	0	0	0	0	0	0	0	0	0	0	0	0	0	0	0	0	0	0	0	0	0	0	0	0	0	0	0	0	0	0	0	0	0	0	0	0	0	0	0	0	0	0	1	0	0	0	0	0	1	1	0	1	1	0	0	0	0	0	0	0	0	0	0	0	0	0	0	0	0	0	0	0	0	0	0	0	0	0	0	0	0	0	0	0	0	0	0	1	0	0	0	0	1	0	0	0	0	0	0	0	0	0	0	0	0	0	0	0	0	0	0	0	0	0	0	0	0	0	0	0	0	0	0	0	0	0	0	0	0	0	0	0	0	0	0	0	0	0	1	1	0	0	0	0	0	0	0	0	0	0	0	0	0	1	0	0	1	0	0	0	0	0	0	0	0	0	0	0	0	0	0	0	0	0	0	0	0	0	0	0	0	0	0	0	0	0	0	0	0	0	0
3D2V-native-protonated^9	0	0	0	0	0	0	0	0	0	0	0	0	0	0	0	0	0	0	0	0	0	0	0	0	0	0	0	0	0	0	0	0	0	0	0	0	0	0	0	0	0	0	0	0	0	0	0	0	0	0	0	0	0	0	0	0	0	0	0	0	0	0	0	0	0	0	0	0	0	0	0	0	0	0	0	0	0	0	0	0	0	0	0	0	0	0	0	0	0	0	0	0	0	0	0	0	0	0	0	0	0	0	0	0	0	0	0	0	0	0	0	0	0	0	0	0	0	0	0	0	0	0	0	0	0	0	0	0	0	0	0	0	0	0	0	0	0	0	0	0	0	0	0	0	0	0	0	0	0	0	0	0	0	0	0	0	0	0	0	0	0	0	0	0	0	0	0	0	0	0	0	0	0	0	0	0	0	0	0	0	0	0	0	0	0	0	0	0	0	0	0	0	0	0	0	0	0	0	0	0	0	0	0	0	0	0	0	0	0	0	0	0	0	0	0	0	0	0	0	0	0	0	0	0	0	0	0	0	0	0	0	0	0	0	0	0	0	0	0	0	0	0	0	0	0	0	0	0	0	0	0	0	0	0	0	0	0	0	0	0	0	0	1	1	0	1	1	0	0	0	0	0	0	0	0	0	0	0	0	0	0	0	0	0	0	0	0	0	0	0	0	0	0	0	0	0	0	0	0	0	0	0	0	0	0	0	0	0	0	0	0	0	0	1	0	0	0	0	0	1	1	0	1	1	0	0	0	0	0	0	0	0	0	0	0	0	0	0	0	0	0	0	0	0	0	0	0	0	0	0	0	0	0	0	0	0	0	0	0	0	0	0	0	1	0	0	1	0	0	0	0	0	0	0	0	0	0	0	0	0	0	0	0	0	0	0	0	0	0	0	0	0	0	0	0	0	0	0	0	0	0	0	0	0	0	0	0	0	0	1	1	1	0	0	0	0	0	0	0	0	0	0	0	0	1	0	0	1	0	0	0	0	0	0	0	0	0	0	0	0	0	0	0	0	0	0	0	0	0	0	0	0	0	0	0	0	0	0	0	0	0	0
3D2V-native-protonated^10	0	0	0	0	0	0	0	0	0	0	0	0	0	0	0	0	0	0	0	0	0	0	0	0	0	0	0	0	0	0	0	0	0	0	0	0	0	0	0	0	0	0	0	0	0	0	0	0	0	0	0	0	0	0	0	0	0	0	0	0	0	0	0	0	0	0	0	0	0	0	0	0	0	0	0	0	0	0	0	0	0	0	0	0	0	0	0	0	0	0	0	0	0	0	0	0	0	0	0	0	0	0	0	0	0	0	0	0	0	0	0	0	0	0	0	0	0	0	0	0	0	0	0	0	0	0	0	0	0	0	0	0	0	0	0	0	0	0	0	0	0	0	0	0	0	0	0	0	0	0	0	0	0	0	0	0	0	0	0	0	0	0	0	0	0	0	0	0	0	0	0	0	0	0	0	0	0	0	0	0	0	0	0	0	0	0	0	0	0	0	0	0	0	0	0	0	0	0	0	0	0	0	0	0	0	0	0	0	0	0	0	0	0	0	0	0	0	0	0	0	0	0	0	0	0	0	0	0	0	0	0	0	0	0	0	0	0	0	0	0	0	0	0	0	0	0	0	0	0	0	0	0	0	0	0	0	0	0	0	0	0	0	1	1	0	1	1	0	0	0	0	0	0	0	0	0	0	0	0	0	0	0	0	0	0	0	0	0	0	0	0	0	0	0	0	0	0	0	0	0	0	0	0	0	0	0	0	0	0	0	0	0	0	1	0	0	0	0	0	1	0	0	1	1	0	0	0	0	0	0	0	0	0	0	0	0	0	0	0	0	0	0	0	0	0	0	0	0	0	0	0	0	0	0	0	0	0	0	1	1	0	0	0	1	0	0	1	0	0	0	0	0	0	0	0	0	0	0	0	0	0	0	0	0	0	0	0	0	0	0	0	0	0	0	0	0	0	0	0	0	0	0	0	0	0	0	0	0	0	1	1	1	0	0	0	0	0	0	0	0	0	0	0	0	1	0	0	1	0	0	0	0	0	0	0	0	0	0	0	0	0	0	0	0	0	0	0	0	0	0	0	0	0	0	0	0	0	0	0	0	0	0
