Ligand_name	3d2v.pdb#A#SIMPLE	3d2v.pdb#C#SIMPLE	3d2v.pdb#U#SIMPLE	3d2v.pdb#G#SIMPLE
3D2V-native-protonated^1	1	1	1	1
3D2V-native-protonated^2	1	1	1	1
3D2V-native-protonated^3	1	1	1	1
3D2V-native-protonated^4	1	1	1	1
3D2V-native-protonated^5	1	1	1	1
3D2V-native-protonated^6	1	1	1	1
3D2V-native-protonated^7	1	1	1	1
3D2V-native-protonated^8	1	1	1	1
3D2V-native-protonated^9	1	1	1	1
3D2V-native-protonated^10	1	1	1	1
fluoroligand-for_multipolar^1	0	0	0	1
