Ligand_name	3d2v.mol2#P	3d2v.mol2#B	3d2v.mol2#S
3D2V-native-protonated^1	2	7	5
3D2V-native-protonated^2	3	10	6
3D2V-native-protonated^3	3	9	6
3D2V-native-protonated^4	2	8	5
3D2V-native-protonated^5	3	9	5
3D2V-native-protonated^6	2	9	6
3D2V-native-protonated^7	3	9	4
3D2V-native-protonated^8	1	9	5
3D2V-native-protonated^9	3	8	5
3D2V-native-protonated^10	3	9	5
