Ligand_name	3d2v.mol2#Purines#SIMPLE	3d2v.mol2#Pyrimidynes#SIMPLE
Ligand_1^1	1	1
Ligand_2^1	1	1
Ligand_3^1	1	0
Ligand_4^1	1	1
Ligand_5^1	1	1
adenine^1	1	1
ligand_6^1	1	1
3D2V-native-protonated^1	1	1
