Ligand_name	3d2v.mol2#P	3d2v.mol2#B	3d2v.mol2#S
Ligand_1^1	2	1	1
Ligand_2^1	1	3	1
Ligand_3^1	0	1	1
Ligand_4^1	1	3	4
Ligand_5^1	0	5	3
adenine^1	2	2	1
ligand_6^1	0	3	0
3D2V-native-protonated^1	3	8	3
