Ligand_name	3d2v.pdb#SIMPLE
MG:78:A	0
MG:79:A	2
MG:80:A	1
MG:81:A	2
MG:82:A	1
MG:83:A	1
MG:78:B	2
MG:79:B	0
MG:80:B	2
MG:81:B	1
