Ligand_name	3d2v.pdb#A#SIMPLE	3d2v.pdb#C#SIMPLE	3d2v.pdb#U#SIMPLE	3d2v.pdb#G#SIMPLE
MG:78:A	0	0	0	0
MG:79:A	1	1	0	0
MG:80:A	0	0	0	1
MG:81:A	0	0	0	1
MG:82:A	1	0	0	0
MG:83:A	0	0	0	1
MG:78:B	1	1	0	0
MG:79:B	0	0	0	0
MG:80:B	0	0	0	1
MG:81:B	1	0	0	0
