Ligand_name	3d2v.pdb#Purines#P	3d2v.pdb#Purines#B	3d2v.pdb#Purines#S	3d2v.pdb#Pyrimidynes#P	3d2v.pdb#Pyrimidynes#B	3d2v.pdb#Pyrimidynes#S
MG:78:A	0	0	0	0	0	0
MG:79:A	1	0	0	1	0	0
MG:80:A	1	0	0	0	0	0
MG:81:A	0	1	0	0	0	0
MG:82:A	0	1	0	0	0	0
MG:83:A	1	0	0	0	0	0
MG:78:B	1	0	0	1	0	0
MG:79:B	0	0	0	0	0	0
MG:80:B	0	1	0	0	0	0
MG:81:B	0	1	0	0	0	0
