Ligand_name	3d2v.pdb#SIMPLE
Ligand_1^1	3
Ligand_2^1	5
Ligand_3^1	1
Ligand_4^1	6
Ligand_5^1	5
adenine^1	4
ligand_6^1	3
3D2V-native-protonated^1	12
