	Ligand_name	Ligand_pose	Ligand_occurrence_in_sdf	Interaction	Ligand_Atom	Ligand_X	Ligand_Y	Ligand_Z	Receptor_Residue_Name	Receptor_Number	Receptor_Chain	Receptor_Atom	Receptor_X	Receptor_Y	Receptor_Z	Distance
0	MG	0	0	PBS	82:A	-5.987	8.405	-24.432	A	29	A	N7	-8.388	9.336	-25.516	2.794
1	MG	0	0	PBS	80:A	-9.85	-3.513	-8.993	G	42	A	OP2	-9.336	-2.683	-11.732	2.9078
2	MG	0	0	PBS	81:A	-0.978	12.715	-12.43	G	48	A	O6	-1.111	13.842	-10.5	2.2389
3	MG	0	0	PBS	83:A	-4.685	23.461	-4.251	G	48	A	OP1	-2.908	21.457	-5.307	2.879
4	MG	0	0	PBS	79:A	7.792	22.242	-14.279	C	51	A	OP1	6.444	23.05	-12.499	2.3745
5	MG	0	0	PBS	79:A	7.792	22.242	-14.279	A	52	A	OP2	9.015	21.769	-12.254	2.4125
6	MG	0	0	PBS	81:A	-0.978	12.715	-12.43	G	66	A	O6	-0.028	11.035	-11.204	2.2865
7	MG	0	0	PBS	81:B	-9.169	46.9	-1.294	A	29	B	N7	-11.618	45.919	-0.537	2.7446
8	MG	0	0	PBS	80:B	-2.49	43.164	-12.521	G	48	B	O6	-1.999	41.932	-14.394	2.295
9	MG	0	0	PBS	78:B	7.111	34.942	-8.966	C	51	B	OP1	5.825	33.784	-11.158	2.7928
10	MG	0	0	PBS	78:B	7.111	34.942	-8.966	A	52	B	OP2	8.182	35.27	-11.05	2.3659
11	MG	0	0	PBS	80:B	-2.49	43.164	-12.521	G	66	B	O6	-1.332	44.858	-13.661	2.3474
