	Ligand_name	Ligand_pose	Ligand_occurrence_in_sdf	Interaction	Ligand_Atom	Ligand_X	Ligand_Y	Ligand_Z	Receptor_Residue_Name	Receptor_Number	Receptor_Chain	Receptor_Atom	Receptor_X	Receptor_Y	Receptor_Z	Distance
0	molecule_00001	1	1	CA	8	-4.2783	-3.5077	1.2037	A	22	A	OP1	-9.327	-2.535	1.945	5.19471
1	molecule_00001	1	1	CA	8	-4.2783	-3.5077	1.2037	A	22	A	OP2	-7.064	-1.394	2.347	3.67899
2	molecule_00001	1	1	Lipophilic	2	-5.1147	-4.1842	-1.9878	A	22	A	C3'	-7.945	-1.879	-2.84	3.7484
3	molecule_00001	1	1	Lipophilic	3	-5.5062	-3.7968	-3.2699	A	22	A	C3'	-7.945	-1.879	-2.84	3.1322
4	molecule_00001	1	1	Lipophilic	4	-4.8053	-2.7981	-3.9418	A	22	A	C3'	-7.945	-1.879	-2.84	3.452
5	molecule_00001	1	1	Lipophilic	3	-5.5062	-3.7968	-3.2699	A	22	A	C2'	-7.363	-0.965	-3.92	3.4481
6	molecule_00001	1	1	Lipophilic	4	-4.8053	-2.7981	-3.9418	A	22	A	C2'	-7.363	-0.965	-3.92	3.1468
7	molecule_00001	1	1	Lipophilic	5	-3.7291	-2.1665	-3.3232	A	22	A	C2'	-7.363	-0.965	-3.92	3.8736
8	molecule_00001	1	1	Lipophilic	5	-3.7291	-2.1665	-3.3232	A	22	A	C8	-5.6	0.436	-1.139	3.8787
9	molecule_00001	1	1	Lipophilic	6	-3.3361	-2.5489	-2.0403	A	22	A	C8	-5.6	0.436	-1.139	3.8532
10	molecule_00001	1	1	Lipophilic	11	-4.2014	-1.9875	1.2431	A	22	A	C8	-5.6	0.436	-1.139	3.6748
11	molecule_00001	1	1	Lipophilic	5	-3.7291	-2.1665	-3.3232	A	22	A	C5	-3.755	0.815	-2.122	3.2145
12	molecule_00001	1	1	Lipophilic	6	-3.3361	-2.5489	-2.0403	A	22	A	C5	-3.755	0.815	-2.122	3.3909
13	molecule_00001	1	1	Lipophilic	5	-3.7291	-2.1665	-3.3232	A	22	A	C6	-2.428	1.06	-2.528	3.5687
14	molecule_00001	1	1	Lipophilic	6	-3.3361	-2.5489	-2.0403	A	22	A	C6	-2.428	1.06	-2.528	3.7532
15	molecule_00001	1	1	Lipophilic	5	-3.7291	-2.1665	-3.3232	A	22	A	C2	-3.208	1.056	-4.714	3.5483
16	molecule_00001	1	1	Lipophilic	4	-4.8053	-2.7981	-3.9418	A	22	A	C4	-4.709	0.72	-3.123	3.6134
17	molecule_00001	1	1	Lipophilic	5	-3.7291	-2.1665	-3.3232	A	22	A	C4	-4.709	0.72	-3.123	3.0549
18	molecule_00001	1	1	Lipophilic	6	-3.3361	-2.5489	-2.0403	A	22	A	C4	-4.709	0.72	-3.123	3.7071
19	molecule_00001	1	1	any_contact	9	-5.7407	-3.9309	1.1854	A	22	A	OP2	-7.064	-1.394	2.347	3.0881
20	molecule_00001	1	1	any_contact	11	-4.2014	-1.9875	1.2431	A	22	A	OP2	-7.064	-1.394	2.347	3.125
21	molecule_00001	1	1	any_contact	3	-5.5062	-3.7968	-3.2699	A	22	A	C3'	-7.945	-1.879	-2.84	3.1322
22	molecule_00001	1	1	any_contact	4	-4.8053	-2.7981	-3.9418	A	22	A	C3'	-7.945	-1.879	-2.84	3.452
23	molecule_00001	1	1	any_contact	3	-5.5062	-3.7968	-3.2699	A	22	A	O3'	-8.56	-3.085	-3.339	3.1364
24	molecule_00001	1	1	any_contact	3	-5.5062	-3.7968	-3.2699	A	22	A	C2'	-7.363	-0.965	-3.92	3.4481
25	molecule_00001	1	1	any_contact	4	-4.8053	-2.7981	-3.9418	A	22	A	C2'	-7.363	-0.965	-3.92	3.1468
26	molecule_00001	1	1	any_contact	11	-4.2014	-1.9875	1.2431	A	22	A	N7	-4.333	0.639	-0.874	3.3761
27	molecule_00001	1	1	any_contact	5	-3.7291	-2.1665	-3.3232	A	22	A	C5	-3.755	0.815	-2.122	3.2145
28	molecule_00001	1	1	any_contact	6	-3.3361	-2.5489	-2.0403	A	22	A	C5	-3.755	0.815	-2.122	3.3909
29	molecule_00001	1	1	any_contact	5	-3.7291	-2.1665	-3.3232	A	22	A	N3	-4.5	0.834	-4.453	3.2975
30	molecule_00001	1	1	any_contact	5	-3.7291	-2.1665	-3.3232	A	22	A	C4	-4.709	0.72	-3.123	3.0549
31	molecule_00001	1	1	weak_polar_Don-Lig__Acc-NA	21	-6.228	-3.5681	2.0662	A	22	A	OP2	-7.064	-1.394	2.347	2.3461
32	molecule_00001	1	1	weak_polar_Don-Lig__Acc-NA	27	-4.7154	-1.6267	2.1094	A	22	A	OP2	-7.064	-1.394	2.347	2.372
33	molecule_00001	1	1	weak_polar_Don-Lig__Acc-NA	25	-4.6583	-1.5844	0.3636	A	22	A	N7	-4.333	0.639	-0.874	2.5653
34	molecule_00001	1	1	weak_hbond_Don-Lig__Acc-NA	21	-6.228	-3.5681	2.0662	A	22	A	OP2	-7.064	-1.394	2.347	2.3461
35	molecule_00001	1	1	weak_hbond_Don-Lig__Acc-NA	27	-4.7154	-1.6267	2.1094	A	22	A	OP2	-7.064	-1.394	2.347	2.372
36	molecule_00001	1	1	weak_hbond_Don-Lig__Acc-NA	25	-4.6583	-1.5844	0.3636	A	22	A	N7	-4.333	0.639	-0.874	2.5653
37	molecule_00001	1	1	Lipophilic	3	-5.5062	-3.7968	-3.2699	U	23	A	C5'	-7.449	-3.717	-5.917	3.2845
38	molecule_00001	1	1	Lipophilic	4	-4.8053	-2.7981	-3.9418	U	23	A	C5'	-7.449	-3.717	-5.917	3.4256
39	molecule_00001	1	1	Lipophilic	4	-4.8053	-2.7981	-3.9418	U	23	A	C4'	-6.755	-3.422	-7.226	3.87
40	molecule_00001	1	1	Lipophilic	3	-5.5062	-3.7968	-3.2699	U	23	A	C5	-2.807	-5.779	-4.874	3.7132
41	molecule_00001	1	1	Lipophilic	4	-4.8053	-2.7981	-3.9418	U	23	A	C5	-2.807	-5.779	-4.874	3.7078
42	molecule_00001	1	1	Lipophilic	3	-5.5062	-3.7968	-3.2699	U	23	A	C6	-3.749	-5.187	-5.621	3.2478
43	molecule_00001	1	1	Lipophilic	4	-4.8053	-2.7981	-3.9418	U	23	A	C6	-3.749	-5.187	-5.621	3.1052
44	molecule_00001	1	1	Lipophilic	5	-3.7291	-2.1665	-3.3232	U	23	A	C6	-3.749	-5.187	-5.621	3.7952
45	molecule_00001	1	1	any_contact	3	-5.5062	-3.7968	-3.2699	U	23	A	C5'	-7.449	-3.717	-5.917	3.2845
46	molecule_00001	1	1	any_contact	4	-4.8053	-2.7981	-3.9418	U	23	A	C5'	-7.449	-3.717	-5.917	3.4256
47	molecule_00001	1	1	any_contact	4	-4.8053	-2.7981	-3.9418	U	23	A	O4'	-5.318	-3.46	-7.005	3.1756
48	molecule_00001	1	1	any_contact	3	-5.5062	-3.7968	-3.2699	U	23	A	C6	-3.749	-5.187	-5.621	3.2478
49	molecule_00001	1	1	any_contact	4	-4.8053	-2.7981	-3.9418	U	23	A	C6	-3.749	-5.187	-5.621	3.1052
50	molecule_00001	1	1	Lipophilic	5	-3.7291	-2.1665	-3.3232	G	26	A	C6	-0.835	-1.643	-5.591	3.7139
51	molecule_00001	1	1	any_contact	5	-3.7291	-2.1665	-3.3232	G	26	A	O6	-1.153	-1.866	-4.417	2.8148
52	molecule_00001	1	1	any_contact	6	-3.3361	-2.5489	-2.0403	G	26	A	O6	-1.153	-1.866	-4.417	3.2986
53	molecule_00001	2	2	CA	8	-6.6524	-4.902	-0.5031	A	22	A	OP1	-9.327	-2.535	1.945	4.33005
54	molecule_00001	2	2	CA	8	-6.6524	-4.902	-0.5031	A	22	A	OP2	-7.064	-1.394	2.347	4.53856
55	molecule_00001	2	2	Lipophilic	7	-6.4133	-3.3747	-0.4535	A	22	A	C5'	-9.327	-1.357	-0.746	3.5562
56	molecule_00001	2	2	Lipophilic	7	-6.4133	-3.3747	-0.4535	A	22	A	C4'	-8.929	-0.955	-2.149	3.8805
57	molecule_00001	2	2	Lipophilic	1	-5.0959	-2.8995	-1.0111	A	22	A	C3'	-7.945	-1.879	-2.84	3.536
58	molecule_00001	2	2	Lipophilic	2	-4.9063	-2.7818	-2.3975	A	22	A	C3'	-7.945	-1.879	-2.84	3.2007
59	molecule_00001	2	2	Lipophilic	7	-6.4133	-3.3747	-0.4535	A	22	A	C3'	-7.945	-1.879	-2.84	3.206
60	molecule_00001	2	2	Lipophilic	11	-6.6869	-5.4004	-1.9414	A	22	A	C3'	-7.945	-1.879	-2.84	3.8458
61	molecule_00001	2	2	Lipophilic	2	-4.9063	-2.7818	-2.3975	A	22	A	C2'	-7.363	-0.965	-3.92	3.4138
62	molecule_00001	2	2	Lipophilic	2	-4.9063	-2.7818	-2.3975	A	22	A	C1'	-7.217	0.332	-3.117	3.9437
63	molecule_00001	2	2	Lipophilic	1	-5.0959	-2.8995	-1.0111	A	22	A	C8	-5.6	0.436	-1.139	3.3758
64	molecule_00001	2	2	Lipophilic	2	-4.9063	-2.7818	-2.3975	A	22	A	C8	-5.6	0.436	-1.139	3.5241
65	molecule_00001	2	2	Lipophilic	3	-3.6594	-2.4294	-2.9153	A	22	A	C8	-5.6	0.436	-1.139	3.89
66	molecule_00001	2	2	Lipophilic	5	-2.7762	-2.2541	-0.6774	A	22	A	C8	-5.6	0.436	-1.139	3.9273
67	molecule_00001	2	2	Lipophilic	6	-4.022	-2.6033	-0.1554	A	22	A	C8	-5.6	0.436	-1.139	3.563
68	molecule_00001	2	2	Lipophilic	7	-6.4133	-3.3747	-0.4535	A	22	A	C8	-5.6	0.436	-1.139	3.9564
69	molecule_00001	2	2	Lipophilic	2	-4.9063	-2.7818	-2.3975	A	22	A	C5	-3.755	0.815	-2.122	3.7866
70	molecule_00001	2	2	Lipophilic	3	-3.6594	-2.4294	-2.9153	A	22	A	C5	-3.755	0.815	-2.122	3.3414
71	molecule_00001	2	2	Lipophilic	4	-2.5922	-2.179	-2.056	A	22	A	C5	-3.755	0.815	-2.122	3.2125
72	molecule_00001	2	2	Lipophilic	5	-2.7762	-2.2541	-0.6774	A	22	A	C5	-3.755	0.815	-2.122	3.5305
73	molecule_00001	2	2	Lipophilic	6	-4.022	-2.6033	-0.1554	A	22	A	C5	-3.755	0.815	-2.122	3.9527
74	molecule_00001	2	2	Lipophilic	3	-3.6594	-2.4294	-2.9153	A	22	A	C6	-2.428	1.06	-2.528	3.7205
75	molecule_00001	2	2	Lipophilic	4	-2.5922	-2.179	-2.056	A	22	A	C6	-2.428	1.06	-2.528	3.2773
76	molecule_00001	2	2	Lipophilic	5	-2.7762	-2.2541	-0.6774	A	22	A	C6	-2.428	1.06	-2.528	3.8117
77	molecule_00001	2	2	Lipophilic	3	-3.6594	-2.4294	-2.9153	A	22	A	C2	-3.208	1.056	-4.714	3.948
78	molecule_00001	2	2	Lipophilic	2	-4.9063	-2.7818	-2.3975	A	22	A	C4	-4.709	0.72	-3.123	3.5816
79	molecule_00001	2	2	Lipophilic	3	-3.6594	-2.4294	-2.9153	A	22	A	C4	-4.709	0.72	-3.123	3.3262
80	molecule_00001	2	2	Lipophilic	4	-2.5922	-2.179	-2.056	A	22	A	C4	-4.709	0.72	-3.123	3.7448
81	molecule_00001	2	2	any_contact	10	-7.9972	-5.1973	0.1507	A	22	A	OP1	-9.327	-2.535	1.945	3.475
82	molecule_00001	2	2	any_contact	7	-6.4133	-3.3747	-0.4535	A	22	A	OP2	-7.064	-1.394	2.347	3.4913
83	molecule_00001	2	2	any_contact	7	-6.4133	-3.3747	-0.4535	A	22	A	O5'	-8.226	-1.2	0.147	2.8941
84	molecule_00001	2	2	any_contact	2	-4.9063	-2.7818	-2.3975	A	22	A	C3'	-7.945	-1.879	-2.84	3.2007
85	molecule_00001	2	2	any_contact	7	-6.4133	-3.3747	-0.4535	A	22	A	C3'	-7.945	-1.879	-2.84	3.206
86	molecule_00001	2	2	any_contact	11	-6.6869	-5.4004	-1.9414	A	22	A	O3'	-8.56	-3.085	-3.339	3.2898
87	molecule_00001	2	2	any_contact	2	-4.9063	-2.7818	-2.3975	A	22	A	C2'	-7.363	-0.965	-3.92	3.4138
88	molecule_00001	2	2	any_contact	2	-4.9063	-2.7818	-2.3975	A	22	A	N9	-5.903	0.485	-2.48	3.4165
89	molecule_00001	2	2	any_contact	1	-5.0959	-2.8995	-1.0111	A	22	A	C8	-5.6	0.436	-1.139	3.3758
90	molecule_00001	2	2	any_contact	5	-2.7762	-2.2541	-0.6774	A	22	A	N7	-4.333	0.639	-0.874	3.2912
91	molecule_00001	2	2	any_contact	6	-4.022	-2.6033	-0.1554	A	22	A	N7	-4.333	0.639	-0.874	3.3355
92	molecule_00001	2	2	any_contact	3	-3.6594	-2.4294	-2.9153	A	22	A	C5	-3.755	0.815	-2.122	3.3414
93	molecule_00001	2	2	any_contact	4	-2.5922	-2.179	-2.056	A	22	A	C5	-3.755	0.815	-2.122	3.2125
94	molecule_00001	2	2	any_contact	4	-2.5922	-2.179	-2.056	A	22	A	C6	-2.428	1.06	-2.528	3.2773
95	molecule_00001	2	2	any_contact	3	-3.6594	-2.4294	-2.9153	A	22	A	C4	-4.709	0.72	-3.123	3.3262
96	molecule_00001	2	2	weak_polar_Don-Lig__Acc-NA	22	-7.9852	-4.8512	1.1631	A	22	A	OP1	-9.327	-2.535	1.945	2.7886
97	molecule_00001	2	2	weak_polar_Don-Lig__Acc-NA	18	-6.4004	-3.1157	0.5846	A	22	A	OP2	-7.064	-1.394	2.347	2.5516
98	molecule_00001	2	2	weak_polar_Don-Lig__Acc-NA	17	-7.1953	-2.9016	-1.0098	A	22	A	O5'	-8.226	-1.2	0.147	2.3013
99	molecule_00001	2	2	weak_polar_Don-Lig__Acc-NA	18	-6.4004	-3.1157	0.5846	A	22	A	O5'	-8.226	-1.2	0.147	2.6822
100	molecule_00001	2	2	weak_polar_Don-Lig__Acc-NA	17	-7.1953	-2.9016	-1.0098	A	22	A	O3'	-8.56	-3.085	-3.339	2.7058
101	molecule_00001	2	2	weak_polar_Don-Lig__Acc-NA	26	-7.4673	-4.8985	-2.4742	A	22	A	O3'	-8.56	-3.085	-3.339	2.287
102	molecule_00001	2	2	weak_hbond_Don-Lig__Acc-NA	22	-7.9852	-4.8512	1.1631	A	22	A	OP1	-9.327	-2.535	1.945	2.7886
103	molecule_00001	2	2	weak_hbond_Don-Lig__Acc-NA	18	-6.4004	-3.1157	0.5846	A	22	A	OP2	-7.064	-1.394	2.347	2.5516
104	molecule_00001	2	2	weak_hbond_Don-Lig__Acc-NA	17	-7.1953	-2.9016	-1.0098	A	22	A	O5'	-8.226	-1.2	0.147	2.3013
105	molecule_00001	2	2	weak_hbond_Don-Lig__Acc-NA	18	-6.4004	-3.1157	0.5846	A	22	A	O5'	-8.226	-1.2	0.147	2.6822
106	molecule_00001	2	2	weak_hbond_Don-Lig__Acc-NA	17	-7.1953	-2.9016	-1.0098	A	22	A	O3'	-8.56	-3.085	-3.339	2.7058
107	molecule_00001	2	2	weak_hbond_Don-Lig__Acc-NA	26	-7.4673	-4.8985	-2.4742	A	22	A	O3'	-8.56	-3.085	-3.339	2.287
108	molecule_00001	2	2	CA	8	-6.6524	-4.902	-0.5031	U	23	A	OP2	-10.281	-4.449	-4.524	5.43503
109	molecule_00001	2	2	Lipophilic	3	-3.6594	-2.4294	-2.9153	U	23	A	C5	-2.807	-5.779	-4.874	3.9728
110	molecule_00001	2	2	Lipophilic	3	-3.6594	-2.4294	-2.9153	U	23	A	C6	-3.749	-5.187	-5.621	3.8644
111	molecule_00001	2	2	Lipophilic	3	-3.6594	-2.4294	-2.9153	G	26	A	C6	-0.835	-1.643	-5.591	3.9693
112	molecule_00001	2	2	Lipophilic	4	-2.5922	-2.179	-2.056	G	26	A	C6	-0.835	-1.643	-5.591	3.9839
113	molecule_00001	2	2	any_contact	3	-3.6594	-2.4294	-2.9153	G	26	A	O6	-1.153	-1.866	-4.417	2.9757
114	molecule_00001	2	2	any_contact	4	-2.5922	-2.179	-2.056	G	26	A	O6	-1.153	-1.866	-4.417	2.7827
115	molecule_00001	2	2	Pi_Stacking	1,6,5,4,3,2	-3.842	-2.52452	-1.53545	A	22	A	N9,C8,N7,C5,C4	-4.86	0.619	-1.9476	3.32985
116	molecule_00002	1	3	HB	4	-3.9626	-2.3051	-3.8579	A	22	A	N3	-4.5	0.834	-4.453	3.23989
117	molecule_00002	1	3	Lipophilic	1	-4.7627	-3.4775	-1.52	A	22	A	C3'	-7.945	-1.879	-2.84	3.798
118	molecule_00002	1	3	Lipophilic	2	-5.4766	-3.6996	-2.6937	A	22	A	C3'	-7.945	-1.879	-2.84	3.0707
119	molecule_00002	1	3	Lipophilic	3	-5.0505	-3.0931	-3.8683	A	22	A	C3'	-7.945	-1.879	-2.84	3.303
120	molecule_00002	1	3	Lipophilic	2	-5.4766	-3.6996	-2.6937	A	22	A	C2'	-7.363	-0.965	-3.92	3.5412
121	molecule_00002	1	3	Lipophilic	3	-5.0505	-3.0931	-3.8683	A	22	A	C2'	-7.363	-0.965	-3.92	3.1431
122	molecule_00002	1	3	Lipophilic	5	-3.2534	-2.0719	-2.7413	A	22	A	C8	-5.6	0.436	-1.139	3.7899
123	molecule_00002	1	3	Lipophilic	6	-3.6397	-2.6559	-1.5417	A	22	A	C8	-5.6	0.436	-1.139	3.683
124	molecule_00002	1	3	Lipophilic	5	-3.2534	-2.0719	-2.7413	A	22	A	C5	-3.755	0.815	-2.122	2.9949
125	molecule_00002	1	3	Lipophilic	6	-3.6397	-2.6559	-1.5417	A	22	A	C5	-3.755	0.815	-2.122	3.521
126	molecule_00002	1	3	Lipophilic	5	-3.2534	-2.0719	-2.7413	A	22	A	C6	-2.428	1.06	-2.528	3.2459
127	molecule_00002	1	3	Lipophilic	5	-3.2534	-2.0719	-2.7413	A	22	A	C2	-3.208	1.056	-4.714	3.6983
128	molecule_00002	1	3	Lipophilic	3	-5.0505	-3.0931	-3.8683	A	22	A	C4	-4.709	0.72	-3.123	3.9002
129	molecule_00002	1	3	Lipophilic	5	-3.2534	-2.0719	-2.7413	A	22	A	C4	-4.709	0.72	-3.123	3.1716
130	molecule_00002	1	3	Lipophilic	6	-3.6397	-2.6559	-1.5417	A	22	A	C4	-4.709	0.72	-3.123	3.8782
131	molecule_00002	1	3	any_contact	2	-5.4766	-3.6996	-2.6937	A	22	A	C3'	-7.945	-1.879	-2.84	3.0707
132	molecule_00002	1	3	any_contact	3	-5.0505	-3.0931	-3.8683	A	22	A	C3'	-7.945	-1.879	-2.84	3.303
133	molecule_00002	1	3	any_contact	2	-5.4766	-3.6996	-2.6937	A	22	A	O3'	-8.56	-3.085	-3.339	3.2096
134	molecule_00002	1	3	any_contact	3	-5.0505	-3.0931	-3.8683	A	22	A	C2'	-7.363	-0.965	-3.92	3.1431
135	molecule_00002	1	3	any_contact	5	-3.2534	-2.0719	-2.7413	A	22	A	N7	-4.333	0.639	-0.874	3.4643
136	molecule_00002	1	3	any_contact	6	-3.6397	-2.6559	-1.5417	A	22	A	N7	-4.333	0.639	-0.874	3.4326
137	molecule_00002	1	3	any_contact	5	-3.2534	-2.0719	-2.7413	A	22	A	C5	-3.755	0.815	-2.122	2.9949
138	molecule_00002	1	3	any_contact	5	-3.2534	-2.0719	-2.7413	A	22	A	C6	-2.428	1.06	-2.528	3.2459
139	molecule_00002	1	3	any_contact	4	-3.9626	-2.3051	-3.8579	A	22	A	N3	-4.5	0.834	-4.453	3.2399
140	molecule_00002	1	3	any_contact	4	-3.9626	-2.3051	-3.8579	A	22	A	C4	-4.709	0.72	-3.123	3.2013
141	molecule_00002	1	3	any_contact	5	-3.2534	-2.0719	-2.7413	A	22	A	C4	-4.709	0.72	-3.123	3.1716
142	molecule_00002	1	3	HB	4	-3.9626	-2.3051	-3.8579	U	23	A	O4'	-5.318	-3.46	-7.005	3.61596
143	molecule_00002	1	3	Lipophilic	2	-5.4766	-3.6996	-2.6937	U	23	A	C5'	-7.449	-3.717	-5.917	3.7789
144	molecule_00002	1	3	Lipophilic	3	-5.0505	-3.0931	-3.8683	U	23	A	C5'	-7.449	-3.717	-5.917	3.2155
145	molecule_00002	1	3	Lipophilic	3	-5.0505	-3.0931	-3.8683	U	23	A	C4'	-6.755	-3.422	-7.226	3.7799
146	molecule_00002	1	3	Lipophilic	3	-5.0505	-3.0931	-3.8683	U	23	A	C5	-2.807	-5.779	-4.874	3.6413
147	molecule_00002	1	3	Lipophilic	2	-5.4766	-3.6996	-2.6937	U	23	A	C6	-3.749	-5.187	-5.621	3.7103
148	molecule_00002	1	3	Lipophilic	3	-5.0505	-3.0931	-3.8683	U	23	A	C6	-3.749	-5.187	-5.621	3.0249
149	molecule_00002	1	3	any_contact	3	-5.0505	-3.0931	-3.8683	U	23	A	C5'	-7.449	-3.717	-5.917	3.2155
150	molecule_00002	1	3	any_contact	3	-5.0505	-3.0931	-3.8683	U	23	A	O4'	-5.318	-3.46	-7.005	3.1694
151	molecule_00002	1	3	any_contact	3	-5.0505	-3.0931	-3.8683	U	23	A	C6	-3.749	-5.187	-5.621	3.0249
152	molecule_00002	1	3	any_contact	4	-3.9626	-2.3051	-3.8579	U	23	A	C6	-3.749	-5.187	-5.621	3.3852
153	molecule_00002	1	3	HB	4	-3.9626	-2.3051	-3.8579	G	26	A	N7	-3.07	-1.483	-6.814	3.19548
154	molecule_00002	1	3	HB	4	-3.9626	-2.3051	-3.8579	G	26	A	O6	-1.153	-1.866	-4.417	2.89815
155	molecule_00002	1	3	Lipophilic	5	-3.2534	-2.0719	-2.7413	G	26	A	C6	-0.835	-1.643	-5.591	3.7621
156	molecule_00002	1	3	any_contact	4	-3.9626	-2.3051	-3.8579	G	26	A	N7	-3.07	-1.483	-6.814	3.1955
157	molecule_00002	1	3	any_contact	4	-3.9626	-2.3051	-3.8579	G	26	A	O6	-1.153	-1.866	-4.417	2.8981
158	molecule_00002	1	3	any_contact	5	-3.2534	-2.0719	-2.7413	G	26	A	O6	-1.153	-1.866	-4.417	2.6948
159	molecule_00002	1	3	Pi_Cation	4	-3.9626	-2.3051	-3.8579	A	22	A	N9,C8,N7,C5,C4	-4.86	0.619	-1.9476	3.60624
160	molecule_00002	1	3	Pi_Stacking	1,6,5,4,3,2	-4.35758	-2.88385	-2.70382	A	22	A	N9,C8,N7,C5,C4	-4.86	0.619	-1.9476	3.6186
161	molecule_00002	1	3	Pi_Cation	4	-3.9626	-2.3051	-3.8579	A	22	A	C5,C6,N1,C2,N3,C4	-3.46367	0.94367	-3.466	3.31014
162	molecule_00002	1	3	Pi_Stacking	1,6,5,4,3,2	-4.35758	-2.88385	-2.70382	A	22	A	C5,C6,N1,C2,N3,C4	-3.46367	0.94367	-3.466	4.00374
163	molecule_00006	1	4	Lipophilic	3	-4.4146	-2.7043	-3.8265	A	22	A	C3'	-7.945	-1.879	-2.84	3.7574
164	molecule_00006	1	4	Lipophilic	4	-5.4087	-3.5639	-3.3587	A	22	A	C3'	-7.945	-1.879	-2.84	3.0888
165	molecule_00006	1	4	Lipophilic	5	-5.4561	-3.9078	-2.0075	A	22	A	C3'	-7.945	-1.879	-2.84	3.3172
166	molecule_00006	1	4	Lipophilic	3	-4.4146	-2.7043	-3.8265	A	22	A	C2'	-7.363	-0.965	-3.92	3.4245
167	molecule_00006	1	4	Lipophilic	4	-5.4087	-3.5639	-3.3587	A	22	A	C2'	-7.363	-0.965	-3.92	3.2998
168	molecule_00006	1	4	Lipophilic	5	-5.4561	-3.9078	-2.0075	A	22	A	C2'	-7.363	-0.965	-3.92	3.9942
169	molecule_00006	1	4	Lipophilic	1	-3.5161	-2.533	-1.5929	A	22	A	C8	-5.6	0.436	-1.139	3.6556
170	molecule_00006	1	4	Lipophilic	2	-3.4652	-2.1867	-2.9435	A	22	A	C8	-5.6	0.436	-1.139	3.833
171	molecule_00006	1	4	Lipophilic	6	-4.5087	-3.3924	-1.1211	A	22	A	C8	-5.6	0.436	-1.139	3.9809
172	molecule_00006	1	4	Lipophilic	1	-3.5161	-2.533	-1.5929	A	22	A	C5	-3.755	0.815	-2.122	3.398
173	molecule_00006	1	4	Lipophilic	2	-3.4652	-2.1867	-2.9435	A	22	A	C5	-3.755	0.815	-2.122	3.1256
174	molecule_00006	1	4	Lipophilic	3	-4.4146	-2.7043	-3.8265	A	22	A	C5	-3.755	0.815	-2.122	3.9656
175	molecule_00006	1	4	Lipophilic	7	-2.1039	-1.7637	-0.2754	A	22	A	C5	-3.755	0.815	-2.122	3.5757
176	molecule_00006	1	4	Lipophilic	1	-3.5161	-2.533	-1.5929	A	22	A	C6	-2.428	1.06	-2.528	3.8688
177	molecule_00006	1	4	Lipophilic	2	-3.4652	-2.1867	-2.9435	A	22	A	C6	-2.428	1.06	-2.528	3.4336
178	molecule_00006	1	4	Lipophilic	7	-2.1039	-1.7637	-0.2754	A	22	A	C6	-2.428	1.06	-2.528	3.6266
179	molecule_00006	1	4	Lipophilic	2	-3.4652	-2.1867	-2.9435	A	22	A	C2	-3.208	1.056	-4.714	3.7035
180	molecule_00006	1	4	Lipophilic	1	-3.5161	-2.533	-1.5929	A	22	A	C4	-4.709	0.72	-3.123	3.7876
181	molecule_00006	1	4	Lipophilic	2	-3.4652	-2.1867	-2.9435	A	22	A	C4	-4.709	0.72	-3.123	3.1667
182	molecule_00006	1	4	Lipophilic	3	-4.4146	-2.7043	-3.8265	A	22	A	C4	-4.709	0.72	-3.123	3.5082
183	molecule_00006	1	4	any_contact	4	-5.4087	-3.5639	-3.3587	A	22	A	C3'	-7.945	-1.879	-2.84	3.0888
184	molecule_00006	1	4	any_contact	5	-5.4561	-3.9078	-2.0075	A	22	A	C3'	-7.945	-1.879	-2.84	3.3172
185	molecule_00006	1	4	any_contact	4	-5.4087	-3.5639	-3.3587	A	22	A	O3'	-8.56	-3.085	-3.339	3.1875
186	molecule_00006	1	4	any_contact	5	-5.4561	-3.9078	-2.0075	A	22	A	O3'	-8.56	-3.085	-3.339	3.4762
187	molecule_00006	1	4	any_contact	3	-4.4146	-2.7043	-3.8265	A	22	A	C2'	-7.363	-0.965	-3.92	3.4245
188	molecule_00006	1	4	any_contact	4	-5.4087	-3.5639	-3.3587	A	22	A	C2'	-7.363	-0.965	-3.92	3.2998
189	molecule_00006	1	4	any_contact	1	-3.5161	-2.533	-1.5929	A	22	A	N7	-4.333	0.639	-0.874	3.3535
190	molecule_00006	1	4	any_contact	7	-2.1039	-1.7637	-0.2754	A	22	A	N7	-4.333	0.639	-0.874	3.3317
191	molecule_00006	1	4	any_contact	1	-3.5161	-2.533	-1.5929	A	22	A	C5	-3.755	0.815	-2.122	3.398
192	molecule_00006	1	4	any_contact	2	-3.4652	-2.1867	-2.9435	A	22	A	C5	-3.755	0.815	-2.122	3.1256
193	molecule_00006	1	4	any_contact	2	-3.4652	-2.1867	-2.9435	A	22	A	C6	-2.428	1.06	-2.528	3.4336
194	molecule_00006	1	4	any_contact	7	-2.1039	-1.7637	-0.2754	A	22	A	N6	-1.406	1.184	-1.677	3.3377
195	molecule_00006	1	4	any_contact	2	-3.4652	-2.1867	-2.9435	A	22	A	C4	-4.709	0.72	-3.123	3.1667
196	molecule_00006	1	4	Lipophilic	3	-4.4146	-2.7043	-3.8265	U	23	A	C5'	-7.449	-3.717	-5.917	3.8214
197	molecule_00006	1	4	Lipophilic	4	-5.4087	-3.5639	-3.3587	U	23	A	C5'	-7.449	-3.717	-5.917	3.2758
198	molecule_00006	1	4	Lipophilic	3	-4.4146	-2.7043	-3.8265	U	23	A	C5	-2.807	-5.779	-4.874	3.6243
199	molecule_00006	1	4	Lipophilic	4	-5.4087	-3.5639	-3.3587	U	23	A	C5	-2.807	-5.779	-4.874	3.7379
200	molecule_00006	1	4	Lipophilic	3	-4.4146	-2.7043	-3.8265	U	23	A	C6	-3.749	-5.187	-5.621	3.1348
201	molecule_00006	1	4	Lipophilic	4	-5.4087	-3.5639	-3.3587	U	23	A	C6	-3.749	-5.187	-5.621	3.2415
202	molecule_00006	1	4	any_contact	4	-5.4087	-3.5639	-3.3587	U	23	A	C5'	-7.449	-3.717	-5.917	3.2758
203	molecule_00006	1	4	any_contact	3	-4.4146	-2.7043	-3.8265	U	23	A	O4'	-5.318	-3.46	-7.005	3.3897
204	molecule_00006	1	4	any_contact	3	-4.4146	-2.7043	-3.8265	U	23	A	C6	-3.749	-5.187	-5.621	3.1348
205	molecule_00006	1	4	any_contact	4	-5.4087	-3.5639	-3.3587	U	23	A	C6	-3.749	-5.187	-5.621	3.2415
206	molecule_00006	1	4	Lipophilic	2	-3.4652	-2.1867	-2.9435	G	26	A	C6	-0.835	-1.643	-5.591	3.7713
207	molecule_00006	1	4	any_contact	3	-4.4146	-2.7043	-3.8265	G	26	A	N7	-3.07	-1.483	-6.814	3.4964
208	molecule_00006	1	4	any_contact	2	-3.4652	-2.1867	-2.9435	G	26	A	O6	-1.153	-1.866	-4.417	2.7605
209	molecule_00006	1	4	any_contact	3	-4.4146	-2.7043	-3.8265	G	26	A	O6	-1.153	-1.866	-4.417	3.419
210	molecule_00006	1	4	Pi_Stacking	1,6,5,4,3,2	-4.46157	-3.04802	-2.47503	A	22	A	N9,C8,N7,C5,C4	-4.86	0.619	-1.9476	3.72612
