	Ligand_name	Ligand_pose	Ligand_occurrence_in_sdf	Interaction	Ligand_Atom	Ligand_X	Ligand_Y	Ligand_Z	Receptor_Residue_Name	Receptor_Number	Receptor_Chain	Receptor_Atom	Receptor_X	Receptor_Y	Receptor_Z	Distance
0	Ligand_1	1	1	Water-mediated	3	-6.8924	40.55	-8.1141	HOH	329	B	O	-8.703	38.054	-7.794	3.10012
1	HOH	0	1	Water-mediated	329:B	-8.703	38.054	-7.794	G	11	B	O3'	-11.014	35.808	-8.477	3.2942
2	Ligand_1	1	1	Water-mediated	3	-6.8924	40.55	-8.1141	HOH	329	B	O	-8.703	38.054	-7.794	3.10012
3	HOH	0	1	Water-mediated	329:B	-8.703	38.054	-7.794	G	11	B	O3'	-11.014	35.808	-8.477	3.2942
4	Ligand_1	1	1	Water-mediated	3	-6.8924	40.55	-8.1141	HOH	329	B	O	-8.703	38.054	-7.794	3.10012
5	HOH	0	1	Water-mediated	329:B	-8.703	38.054	-7.794	G	11	B	O2'	-11.233	37.413	-6.357	2.9794
6	Ligand_1	1	1	Water-mediated	3	-6.8924	40.55	-8.1141	HOH	329	B	O	-8.703	38.054	-7.794	3.10012
7	HOH	0	1	Water-mediated	329:B	-8.703	38.054	-7.794	G	11	B	O2'	-11.233	37.413	-6.357	2.9794
8	Ligand_1	1	1	Water-mediated	1	-7.2856	42.0173	-6.2681	HOH	331	B	O	-9.849	39.996	-6.35	3.26548
9	HOH	0	1	Water-mediated	331:B	-9.849	39.996	-6.35	G	11	B	O2'	-11.233	37.413	-6.357	2.9304
10	Ligand_1	1	1	Water-mediated	1	-7.2856	42.0173	-6.2681	HOH	331	B	O	-9.849	39.996	-6.35	3.26548
11	HOH	0	1	Water-mediated	331:B	-9.849	39.996	-6.35	G	11	B	O2'	-11.233	37.413	-6.357	2.9304
12	Ligand_1	1	1	Water-mediated	1	-7.2856	42.0173	-6.2681	HOH	331	B	O	-9.849	39.996	-6.35	3.26548
13	HOH	0	1	Water-mediated	331:B	-9.849	39.996	-6.35	C	45	B	OP1	-10.81	42.686	-5.351	3.0262
14	Ligand_1	1	1	Water-mediated	1	-7.2856	42.0173	-6.2681	HOH	331	B	O	-9.849	39.996	-6.35	3.26548
15	HOH	0	1	Water-mediated	331:B	-9.849	39.996	-6.35	C	45	B	OP1	-10.81	42.686	-5.351	3.0262
16	Ligand_1	1	1	Water-mediated	1	-7.2856	42.0173	-6.2681	HOH	331	B	O	-9.849	39.996	-6.35	3.26548
17	HOH	0	1	Water-mediated	331:B	-9.849	39.996	-6.35	C	45	B	O5'	-11.145	42.458	-7.778	3.1273
18	Ligand_1	1	1	Water-mediated	1	-7.2856	42.0173	-6.2681	HOH	331	B	O	-9.849	39.996	-6.35	3.26548
19	HOH	0	1	Water-mediated	331:B	-9.849	39.996	-6.35	C	45	B	O5'	-11.145	42.458	-7.778	3.1273
20	Ligand_1	1	1	Water-mediated	3	-6.8924	40.55	-8.1141	HOH	329	B	O	-8.703	38.054	-7.794	3.10012
21	HOH	0	1	Water-mediated	329:B	-8.703	38.054	-7.794	C	46	B	OP1	-8.823	38.153	-10.773	2.9831
22	Ligand_1	1	1	Water-mediated	3	-6.8924	40.55	-8.1141	HOH	329	B	O	-8.703	38.054	-7.794	3.10012
23	HOH	0	1	Water-mediated	329:B	-8.703	38.054	-7.794	C	46	B	OP1	-8.823	38.153	-10.773	2.9831
24	Ligand_1	1	1	Water-mediated	9	-5.0263	44.7745	-10.0411	HOH	104	B	O	-6.919	43.015	-10.585	2.64083
25	HOH	0	1	Water-mediated	104:B	-6.919	43.015	-10.585	C	46	B	OP2	-7.916	40.521	-11.156	2.7459
26	Ligand_1	1	1	Water-mediated	9	-5.0263	44.7745	-10.0411	HOH	104	B	O	-6.919	43.015	-10.585	2.64083
27	HOH	0	1	Water-mediated	104:B	-6.919	43.015	-10.585	C	46	B	OP2	-7.916	40.521	-11.156	2.7459
28	Ligand_1	1	1	Water-mediated	3	-6.8924	40.55	-8.1141	HOH	120	B	O	-5.41	39.401	-10.402	2.95841
29	HOH	0	1	Water-mediated	120:B	-5.41	39.401	-10.402	C	46	B	OP2	-7.916	40.521	-11.156	2.8466
30	Ligand_1	1	1	Water-mediated	3	-6.8924	40.55	-8.1141	HOH	120	B	O	-5.41	39.401	-10.402	2.95841
31	HOH	0	1	Water-mediated	120:B	-5.41	39.401	-10.402	C	46	B	OP2	-7.916	40.521	-11.156	2.8466
32	Ligand_1	1	1	Water-mediated	3	-6.8924	40.55	-8.1141	HOH	120	B	O	-5.41	39.401	-10.402	2.95841
33	HOH	0	1	Water-mediated	120:B	-5.41	39.401	-10.402	G	60	B	O6	-3.014	37.849	-11.463	3.0455
34	Ligand_1	1	1	Water-mediated	3	-6.8924	40.55	-8.1141	HOH	120	B	O	-5.41	39.401	-10.402	2.95841
35	HOH	0	1	Water-mediated	120:B	-5.41	39.401	-10.402	G	60	B	O6	-3.014	37.849	-11.463	3.0455
36	Ligand_1	1	1	Lipophilic	4	-5.2445	40.4709	-6.3553	G	60	B	C2'	-1.529	39.724	-5.261	3.9447
37	Ligand_1	1	1	Lipophilic	5	-4.0575	40.4764	-7.3087	G	60	B	C2'	-1.529	39.724	-5.261	3.3395
38	Ligand_1	1	1	Lipophilic	6	-3.3911	42.1725	-7.4043	G	60	B	C2'	-1.529	39.724	-5.261	3.7492
39	Ligand_1	1	1	Lipophilic	5	-4.0575	40.4764	-7.3087	G	60	B	C1'	-0.447	39.546	-6.32	3.8573
40	Ligand_1	1	1	Lipophilic	5	-4.0575	40.4764	-7.3087	G	60	B	C8	-0.689	40.19	-8.751	3.6755
41	Ligand_1	1	1	Lipophilic	6	-3.3911	42.1725	-7.4043	G	60	B	C8	-0.689	40.19	-8.751	3.6118
42	Ligand_1	1	1	Lipophilic	5	-4.0575	40.4764	-7.3087	G	60	B	C5	-1.941	38.632	-9.484	3.5515
43	Ligand_1	1	1	Lipophilic	5	-4.0575	40.4764	-7.3087	G	60	B	C4	-1.757	38.358	-8.148	3.238
44	Ligand_2	1	2	HB	1	-8.8309	38.0763	-4.4946	G	11	B	O2'	-11.233	37.413	-6.357	3.11104
45	Ligand_2	1	2	HB	1	-8.8309	38.0763	-4.4946	G	11	B	O2'	-11.233	37.413	-6.357	3.11104
46	Ligand_2	1	2	HB	1	-8.8309	38.0763	-4.4946	G	11	B	O2'	-11.233	37.413	-6.357	3.11104
47	Ligand_2	1	2	Lipophilic	3	-10.4502	38.8073	-2.7879	G	30	B	C5	-11.671	41.613	-0.742	3.6808
48	Ligand_2	1	2	Lipophilic	5	-8.7302	39.0461	-0.9563	G	30	B	C5	-11.671	41.613	-0.742	3.9094
49	Ligand_2	1	2	Lipophilic	2	-9.4299	39.2696	-3.8291	G	30	B	C6	-10.79	41.85	-1.824	3.5396
50	Ligand_2	1	2	Lipophilic	3	-10.4502	38.8073	-2.7879	G	30	B	C6	-10.79	41.85	-1.824	3.2098
51	Ligand_2	1	2	Lipophilic	4	-9.803	38.1497	-1.5686	G	30	B	C6	-10.79	41.85	-1.824	3.8382
52	Ligand_2	1	2	Lipophilic	5	-8.7302	39.0461	-0.9563	G	30	B	C6	-10.79	41.85	-1.824	3.5857
53	Ligand_2	1	2	Lipophilic	6	-7.6775	39.4485	-1.985	G	30	B	C6	-10.79	41.85	-1.824	3.9346
54	Ligand_2	1	2	Lipophilic	7	-8.3129	40.1102	-3.2086	G	30	B	C6	-10.79	41.85	-1.824	3.3287
55	Ligand_2	1	2	Lipophilic	2	-9.4299	39.2696	-3.8291	G	30	B	C2	-12.616	40.947	-3.196	3.6559
56	Ligand_2	1	2	Lipophilic	3	-10.4502	38.8073	-2.7879	G	30	B	C2	-12.616	40.947	-3.196	3.0717
57	Ligand_2	1	2	Lipophilic	3	-10.4502	38.8073	-2.7879	G	30	B	C4	-12.913	41.075	-0.996	3.7972
58	Ligand_2	1	2	HB	1	-8.8309	38.0763	-4.4946	A	31	B	N1	-7.53	36.004	-2.329	3.26751
59	Ligand_2	1	2	HB	1	-8.8309	38.0763	-4.4946	A	31	B	N1	-7.53	36.004	-2.329	3.26751
60	Ligand_2	1	2	HB	1	-8.8309	38.0763	-4.4946	A	31	B	N1	-7.53	36.004	-2.329	3.26751
61	Ligand_2	1	2	Lipophilic	4	-9.803	38.1497	-1.5686	A	31	B	C5	-8.395	35.694	-0.155	3.164
62	Ligand_2	1	2	Lipophilic	5	-8.7302	39.0461	-0.9563	A	31	B	C5	-8.395	35.694	-0.155	3.4628
63	Ligand_2	1	2	Lipophilic	4	-9.803	38.1497	-1.5686	A	31	B	C6	-7.364	36.158	-0.998	3.2002
64	Ligand_2	1	2	Lipophilic	5	-8.7302	39.0461	-0.9563	A	31	B	C6	-7.364	36.158	-0.998	3.1952
65	Ligand_2	1	2	Lipophilic	6	-7.6775	39.4485	-1.985	A	31	B	C6	-7.364	36.158	-0.998	3.4496
66	Ligand_2	1	2	Lipophilic	3	-10.4502	38.8073	-2.7879	A	31	B	C2	-8.65	35.424	-2.777	3.8324
67	Ligand_2	1	2	Lipophilic	4	-9.803	38.1497	-1.5686	A	31	B	C2	-8.65	35.424	-2.777	3.1967
68	Ligand_2	1	2	Lipophilic	4	-9.803	38.1497	-1.5686	A	31	B	C4	-9.491	35.116	-0.767	3.1533
69	Ligand_2	1	2	CA	1	-8.8309	38.0763	-4.4946	C	45	B	OP1	-10.81	42.686	-5.351	5.08916
70	Ligand_3	1	3	Lipophilic	5	-3.6143	41.4966	-7.9066	G	60	B	C2'	-1.529	39.724	-5.261	3.8065
71	Ligand_3	1	3	Lipophilic	6	-4.0641	40.4137	-7.1473	G	60	B	C2'	-1.529	39.724	-5.261	3.2343
72	Ligand_3	1	3	Lipophilic	6	-4.0641	40.4137	-7.1473	G	60	B	C1'	-0.447	39.546	-6.32	3.8106
73	Ligand_3	1	3	Lipophilic	5	-3.6143	41.4966	-7.9066	G	60	B	C8	-0.689	40.19	-8.751	3.3132
74	Ligand_3	1	3	Lipophilic	6	-4.0641	40.4137	-7.1473	G	60	B	C8	-0.689	40.19	-8.751	3.7434
75	Ligand_3	1	3	Lipophilic	5	-3.6143	41.4966	-7.9066	G	60	B	C5	-1.941	38.632	-9.484	3.6734
76	Ligand_3	1	3	Lipophilic	6	-4.0641	40.4137	-7.1473	G	60	B	C5	-1.941	38.632	-9.484	3.6252
77	Ligand_3	1	3	Lipophilic	5	-3.6143	41.4966	-7.9066	G	60	B	C4	-1.757	38.358	-8.148	3.6549
78	Ligand_3	1	3	Lipophilic	6	-4.0641	40.4137	-7.1473	G	60	B	C4	-1.757	38.358	-8.148	3.2481
79	Ligand_3	1	3	Water-mediated	1	-2.7685	43.9823	-9.0435	HOH	315	B	O	0.171	43.384	-9.588	3.04879
80	HOH	0	3	Water-mediated	315:B	0.171	43.384	-9.588	G	64	B	O6	2.453	42.692	-9.869	2.4011
81	Ligand_3	1	3	Water-mediated	1	-2.7685	43.9823	-9.0435	HOH	315	B	O	0.171	43.384	-9.588	3.04879
82	HOH	0	3	Water-mediated	315:B	0.171	43.384	-9.588	C	65	B	N3	1.334	45.186	-11.955	3.1941
83	Ligand_3	1	3	Water-mediated	1	-2.7685	43.9823	-9.0435	HOH	315	B	O	0.171	43.384	-9.588	3.04879
84	HOH	0	3	Water-mediated	315:B	0.171	43.384	-9.588	C	65	B	N4	0.207	46.398	-10.368	3.1135
85	Ligand_3	1	3	Pi_Stacking	4,9,8,7,6,5	-4.95368	41.4152	-7.54075	G	60	B	N9,C8,N7,C5,C4	-1.3192	39.268	-8.7822	4.40013
86	Ligand_3	1	3	Pi_Stacking	4,9,8,7,6,5	-4.95368	41.4152	-7.54075	G	60	B	C5,C6,N1,C2,N3,C4	-2.49317	37.5505	-8.83333	4.76033
87	Ligand_4	1	4	HAL	11	-10.261	37.8066	-3.3882	U	12	B	O4'	-12.316	34.542	-4.697	2.82122
88	Ligand_4	1	4	HAL	7	-9.6661	39.0847	-1.4371	G	28	B	N3	-10.328	39.257	2.359	2.60344
89	Ligand_4	1	4	Lipophilic	7	-9.6661	39.0847	-1.4371	G	30	B	C5	-11.671	41.613	-0.742	3.3008
90	Ligand_4	1	4	Lipophilic	9	-10.5602	38.2599	-2.1089	G	30	B	C5	-11.671	41.613	-0.742	3.7876
91	Ligand_4	1	4	Lipophilic	5	-8.4722	39.4556	-2.0442	G	30	B	C6	-10.79	41.85	-1.824	3.3397
92	Ligand_4	1	4	Lipophilic	7	-9.6661	39.0847	-1.4371	G	30	B	C6	-10.79	41.85	-1.824	3.0099
93	Ligand_4	1	4	Lipophilic	9	-10.5602	38.2599	-2.1089	G	30	B	C6	-10.79	41.85	-1.824	3.6087
94	Ligand_4	1	4	Lipophilic	7	-9.6661	39.0847	-1.4371	G	30	B	C2	-12.616	40.947	-3.196	3.9069
95	Ligand_4	1	4	Lipophilic	9	-10.5602	38.2599	-2.1089	G	30	B	C2	-12.616	40.947	-3.196	3.5537
96	Ligand_4	1	4	Lipophilic	11	-10.261	37.8066	-3.3882	G	30	B	C2	-12.616	40.947	-3.196	3.93
97	Ligand_4	1	4	Lipophilic	7	-9.6661	39.0847	-1.4371	G	30	B	C4	-12.913	41.075	-0.996	3.8338
98	Ligand_4	1	4	Lipophilic	9	-10.5602	38.2599	-2.1089	G	30	B	C4	-12.913	41.075	-0.996	3.8339
99	Ligand_4	1	4	Lipophilic	7	-9.6661	39.0847	-1.4371	A	31	B	C5	-8.395	35.694	-0.155	3.8414
100	Ligand_4	1	4	Lipophilic	9	-10.5602	38.2599	-2.1089	A	31	B	C5	-8.395	35.694	-0.155	3.8845
101	Ligand_4	1	4	Lipophilic	2	-9.0671	38.1774	-3.9952	A	31	B	C6	-7.364	36.158	-0.998	3.9952
102	Ligand_4	1	4	Lipophilic	3	-8.1727	39.0018	-3.3231	A	31	B	C6	-7.364	36.158	-0.998	3.7613
103	Ligand_4	1	4	Lipophilic	5	-8.4722	39.4556	-2.0442	A	31	B	C6	-7.364	36.158	-0.998	3.6327
104	Ligand_4	1	4	Lipophilic	7	-9.6661	39.0847	-1.4371	A	31	B	C6	-7.364	36.158	-0.998	3.7494
105	Ligand_4	1	4	Lipophilic	9	-10.5602	38.2599	-2.1089	A	31	B	C6	-7.364	36.158	-0.998	3.9834
106	Ligand_4	1	4	Lipophilic	2	-9.0671	38.1774	-3.9952	A	31	B	C2	-8.65	35.424	-2.777	3.0396
107	Ligand_4	1	4	Lipophilic	3	-8.1727	39.0018	-3.3231	A	31	B	C2	-8.65	35.424	-2.777	3.6506
108	Ligand_4	1	4	Lipophilic	9	-10.5602	38.2599	-2.1089	A	31	B	C2	-8.65	35.424	-2.777	3.4839
109	Ligand_4	1	4	Lipophilic	11	-10.261	37.8066	-3.3882	A	31	B	C2	-8.65	35.424	-2.777	2.9404
110	Ligand_4	1	4	Lipophilic	9	-10.5602	38.2599	-2.1089	A	31	B	C4	-9.491	35.116	-0.767	3.5816
111	Ligand_4	1	4	Lipophilic	11	-10.261	37.8066	-3.3882	A	31	B	C4	-9.491	35.116	-0.767	3.8344
112	Ligand_4	1	4	Pi_Anion	2,11,9,7,5,3	-9.36655	38.631	-2.71612	C	45	B	OP1	-10.81	42.686	-5.351	5.0467
113	Ligand_4	1	4	Pi_Stacking	2,11,9,7,5,3	-9.36655	38.631	-2.71612	G	30	B	C5,C6,N1,C2,N3,C4	-12.13267	41.28033	-1.99833	3.89687
114	Ligand_4	1	4	Pi_Stacking	2,11,9,7,5,3	-9.36655	38.631	-2.71612	A	31	B	C5,C6,N1,C2,N3,C4	-8.519	35.5575	-1.51833	3.4058
115	Ligand_5	1	5	Lipophilic	2	-9.684	38.6175	-1.2553	G	30	B	C5	-11.671	41.613	-0.742	3.6311
116	Ligand_5	1	5	Lipophilic	3	-10.5926	38.2953	-2.444	G	30	B	C5	-11.671	41.613	-0.742	3.8816
117	Ligand_5	1	5	Lipophilic	1	-8.4526	39.3925	-1.6976	G	30	B	C6	-10.79	41.85	-1.824	3.3939
118	Ligand_5	1	5	Lipophilic	2	-9.684	38.6175	-1.2553	G	30	B	C6	-10.79	41.85	-1.824	3.4635
119	Ligand_5	1	5	Lipophilic	3	-10.5926	38.2953	-2.444	G	30	B	C6	-10.79	41.85	-1.824	3.6138
120	Ligand_5	1	5	Lipophilic	3	-10.5926	38.2953	-2.444	G	30	B	C2	-12.616	40.947	-3.196	3.4192
121	Ligand_5	1	5	Lipophilic	4	-11.8719	37.5839	-1.9841	G	30	B	C2	-12.616	40.947	-3.196	3.6514
122	Ligand_5	1	5	Lipophilic	3	-10.5926	38.2953	-2.444	G	30	B	C4	-12.913	41.075	-0.996	3.8997
123	Ligand_5	1	5	Lipophilic	4	-11.8719	37.5839	-1.9841	G	30	B	C4	-12.913	41.075	-0.996	3.7747
124	Ligand_5	1	5	Lipophilic	2	-9.684	38.6175	-1.2553	A	31	B	C5	-8.395	35.694	-0.155	3.3792
125	Ligand_5	1	5	Lipophilic	1	-8.4526	39.3925	-1.6976	A	31	B	C6	-7.364	36.158	-0.998	3.4837
126	Ligand_5	1	5	Lipophilic	2	-9.684	38.6175	-1.2553	A	31	B	C6	-7.364	36.158	-0.998	3.3908
127	Ligand_5	1	5	Lipophilic	2	-9.684	38.6175	-1.2553	A	31	B	C2	-8.65	35.424	-2.777	3.6855
128	Ligand_5	1	5	Lipophilic	3	-10.5926	38.2953	-2.444	A	31	B	C2	-8.65	35.424	-2.777	3.4827
129	Ligand_5	1	5	Lipophilic	4	-11.8719	37.5839	-1.9841	A	31	B	C2	-8.65	35.424	-2.777	3.9591
130	Ligand_5	1	5	Lipophilic	2	-9.684	38.6175	-1.2553	A	31	B	C4	-9.491	35.116	-0.767	3.5406
131	Ligand_5	1	5	Lipophilic	3	-10.5926	38.2953	-2.444	A	31	B	C4	-9.491	35.116	-0.767	3.7595
132	Ligand_5	1	5	Lipophilic	4	-11.8719	37.5839	-1.9841	A	31	B	C4	-9.491	35.116	-0.767	3.6388
133	adenine	1	6	Lipophilic	9	-7.6116	41.4216	-3.4747	G	30	B	C6	-10.79	41.85	-1.824	3.607
134	adenine	1	6	HB	1	-6.9752	43.219	-6.4989	C	45	B	OP2	-9.469	44.138	-6.994	2.70347
135	adenine	1	6	HB	1	-6.9752	43.219	-6.4989	C	45	B	OP2	-9.469	44.138	-6.994	2.70347
136	adenine	1	6	Water-mediated	3	-6.1427	41.0718	-5.6711	HOH	162	B	O	-3.851	42.506	-4.303	3.02994
137	HOH	0	6	Water-mediated	162:B	-3.851	42.506	-4.303	G	60	B	O2'	-1.157	40.772	-4.388	3.2049
138	adenine	1	6	Water-mediated	3	-6.1427	41.0718	-5.6711	HOH	162	B	O	-3.851	42.506	-4.303	3.02994
139	HOH	0	6	Water-mediated	162:B	-3.851	42.506	-4.303	G	60	B	O2'	-1.157	40.772	-4.388	3.2049
140	adenine	1	6	Lipophilic	5	-4.8488	39.4574	-6.2136	G	60	B	C3'	-1.558	38.386	-4.526	3.8504
141	adenine	1	6	Lipophilic	5	-4.8488	39.4574	-6.2136	G	60	B	C2'	-1.529	39.724	-5.261	3.464
142	adenine	1	6	Lipophilic	5	-4.8488	39.4574	-6.2136	G	60	B	C2	-3.009	36.517	-8.17	3.9823
143	adenine	1	6	Lipophilic	5	-4.8488	39.4574	-6.2136	G	60	B	C4	-1.757	38.358	-8.148	3.8092
144	adenine	1	6	HB	6	-5.3721	39.1479	-4.9873	C	61	B	OP2	-3.871	38.131	-1.995	3.49875
145	adenine	1	6	Pi_Anion	2,10,9,8,7,3	-6.90753	41.2595	-4.53597	C	62	B	OP2	-1.702	41.894	-1.898	5.87018
146	adenine	1	6	Pi_Anion	4,3,7,6,5	-5.57106	40.09216	-5.6312	C	62	B	OP2	-1.702	41.894	-1.898	5.67036
147	adenine	1	6	Water-mediated	3	-6.1427	41.0718	-5.6711	HOH	162	B	O	-3.851	42.506	-4.303	3.02994
148	HOH	0	6	Water-mediated	162:B	-3.851	42.506	-4.303	C	62	B	OP2	-1.702	41.894	-1.898	3.2828
149	adenine	1	6	Water-mediated	3	-6.1427	41.0718	-5.6711	HOH	162	B	O	-3.851	42.506	-4.303	3.02994
150	HOH	0	6	Water-mediated	162:B	-3.851	42.506	-4.303	C	62	B	OP2	-1.702	41.894	-1.898	3.2828
151	ligand_6	1	7	HB	5	-4.1958	45.962	-10.5192	A	43	B	N3	-5.351	47.668	-12.938	3.17734
152	ligand_6	1	7	Ion-mediated	1	-2.0154	44.3388	-10.5046	MG	80	B	MG	-2.49	43.164	-12.521	2.38144
153	MG	0	7	Ion-mediated	80:B	-2.49	43.164	-12.521	G	48	B	O6	-1.999	41.932	-14.394	2.295
154	ligand_6	1	7	Water-mediated	2	-2.6889	43.5974	-9.505	HOH	83	B	O	-2.858	41.136	-11.327	3.06705
155	HOH	0	7	Water-mediated	83:B	-2.858	41.136	-11.327	G	48	B	O6	-1.999	41.932	-14.394	3.283
156	ligand_6	1	7	Water-mediated	2	-2.6889	43.5974	-9.505	HOH	83	B	O	-2.858	41.136	-11.327	3.06705
157	HOH	0	7	Water-mediated	83:B	-2.858	41.136	-11.327	G	48	B	O6	-1.999	41.932	-14.394	3.283
158	ligand_6	1	7	Water-mediated	1	-2.0154	44.3388	-10.5046	HOH	314	B	O	-0.036	42.8	-12.085	2.96371
159	HOH	0	7	Water-mediated	314:B	-0.036	42.8	-12.085	G	48	B	O6	-1.999	41.932	-14.394	3.1525
160	ligand_6	1	7	Water-mediated	1	-2.0154	44.3388	-10.5046	HOH	314	B	O	-0.036	42.8	-12.085	2.96371
161	HOH	0	7	Water-mediated	314:B	-0.036	42.8	-12.085	G	48	B	O6	-1.999	41.932	-14.394	3.1525
162	ligand_6	1	7	Water-mediated	1	-2.0154	44.3388	-10.5046	HOH	314	B	O	-0.036	42.8	-12.085	2.96371
163	HOH	0	7	Water-mediated	314:B	-0.036	42.8	-12.085	A	49	B	N1	0.678	40.639	-13.507	2.6836
164	ligand_6	1	7	Water-mediated	1	-2.0154	44.3388	-10.5046	HOH	314	B	O	-0.036	42.8	-12.085	2.96371
165	HOH	0	7	Water-mediated	314:B	-0.036	42.8	-12.085	A	49	B	N1	0.678	40.639	-13.507	2.6836
166	ligand_6	1	7	Water-mediated	2	-2.6889	43.5974	-9.505	HOH	83	B	O	-2.858	41.136	-11.327	3.06705
167	HOH	0	7	Water-mediated	83:B	-2.858	41.136	-11.327	G	60	B	N7	-1.26	39.787	-9.85	2.5603
168	ligand_6	1	7	Water-mediated	2	-2.6889	43.5974	-9.505	HOH	83	B	O	-2.858	41.136	-11.327	3.06705
169	HOH	0	7	Water-mediated	83:B	-2.858	41.136	-11.327	G	60	B	N7	-1.26	39.787	-9.85	2.5603
170	ligand_6	1	7	Water-mediated	2	-2.6889	43.5974	-9.505	HOH	83	B	O	-2.858	41.136	-11.327	3.06705
171	HOH	0	7	Water-mediated	83:B	-2.858	41.136	-11.327	G	60	B	O6	-3.014	37.849	-11.463	3.2935
172	ligand_6	1	7	Water-mediated	2	-2.6889	43.5974	-9.505	HOH	83	B	O	-2.858	41.136	-11.327	3.06705
173	HOH	0	7	Water-mediated	83:B	-2.858	41.136	-11.327	G	60	B	O6	-3.014	37.849	-11.463	3.2935
174	ligand_6	1	7	Water-mediated	1	-2.0154	44.3388	-10.5046	HOH	314	B	O	-0.036	42.8	-12.085	2.96371
175	HOH	0	7	Water-mediated	314:B	-0.036	42.8	-12.085	G	64	B	O6	2.453	42.692	-9.869	3.3343
176	ligand_6	1	7	Water-mediated	1	-2.0154	44.3388	-10.5046	HOH	314	B	O	-0.036	42.8	-12.085	2.96371
177	HOH	0	7	Water-mediated	314:B	-0.036	42.8	-12.085	G	64	B	O6	2.453	42.692	-9.869	3.3343
178	ligand_6	1	7	Water-mediated	1	-2.0154	44.3388	-10.5046	HOH	315	B	O	0.171	43.384	-9.588	2.55581
179	HOH	0	7	Water-mediated	315:B	0.171	43.384	-9.588	G	64	B	O6	2.453	42.692	-9.869	2.4011
180	ligand_6	1	7	Water-mediated	1	-2.0154	44.3388	-10.5046	HOH	315	B	O	0.171	43.384	-9.588	2.55581
181	HOH	0	7	Water-mediated	315:B	0.171	43.384	-9.588	G	64	B	O6	2.453	42.692	-9.869	2.4011
182	ligand_6	1	7	HB	1	-2.0154	44.3388	-10.5046	C	65	B	N3	1.334	45.186	-11.955	3.74698
183	ligand_6	1	7	HB	1	-2.0154	44.3388	-10.5046	C	65	B	N4	0.207	46.398	-10.368	3.03282
184	ligand_6	1	7	Water-mediated	1	-2.0154	44.3388	-10.5046	HOH	314	B	O	-0.036	42.8	-12.085	2.96371
185	HOH	0	7	Water-mediated	314:B	-0.036	42.8	-12.085	C	65	B	O2	2.493	44.04	-13.536	3.1684
186	ligand_6	1	7	Water-mediated	1	-2.0154	44.3388	-10.5046	HOH	314	B	O	-0.036	42.8	-12.085	2.96371
187	HOH	0	7	Water-mediated	314:B	-0.036	42.8	-12.085	C	65	B	O2	2.493	44.04	-13.536	3.1684
188	ligand_6	1	7	Water-mediated	1	-2.0154	44.3388	-10.5046	HOH	314	B	O	-0.036	42.8	-12.085	2.96371
189	HOH	0	7	Water-mediated	314:B	-0.036	42.8	-12.085	C	65	B	N3	1.334	45.186	-11.955	2.7544
190	ligand_6	1	7	Water-mediated	1	-2.0154	44.3388	-10.5046	HOH	314	B	O	-0.036	42.8	-12.085	2.96371
191	HOH	0	7	Water-mediated	314:B	-0.036	42.8	-12.085	C	65	B	N3	1.334	45.186	-11.955	2.7544
192	ligand_6	1	7	Water-mediated	1	-2.0154	44.3388	-10.5046	HOH	315	B	O	0.171	43.384	-9.588	2.55581
193	HOH	0	7	Water-mediated	315:B	0.171	43.384	-9.588	C	65	B	N3	1.334	45.186	-11.955	3.1941
194	ligand_6	1	7	Water-mediated	1	-2.0154	44.3388	-10.5046	HOH	315	B	O	0.171	43.384	-9.588	2.55581
195	HOH	0	7	Water-mediated	315:B	0.171	43.384	-9.588	C	65	B	N3	1.334	45.186	-11.955	3.1941
196	ligand_6	1	7	Water-mediated	1	-2.0154	44.3388	-10.5046	HOH	315	B	O	0.171	43.384	-9.588	2.55581
197	HOH	0	7	Water-mediated	315:B	0.171	43.384	-9.588	C	65	B	N4	0.207	46.398	-10.368	3.1135
198	ligand_6	1	7	Water-mediated	1	-2.0154	44.3388	-10.5046	HOH	315	B	O	0.171	43.384	-9.588	2.55581
199	HOH	0	7	Water-mediated	315:B	0.171	43.384	-9.588	C	65	B	N4	0.207	46.398	-10.368	3.1135
200	ligand_6	1	7	HB	1	-2.0154	44.3388	-10.5046	G	66	B	O6	-1.332	44.858	-13.661	3.271
201	ligand_6	1	7	HB	1	-2.0154	44.3388	-10.5046	G	66	B	N1	-1.938	46.708	-12.45	3.06654
202	ligand_6	1	7	HB	5	-4.1958	45.962	-10.5192	G	66	B	N1	-1.938	46.708	-12.45	3.06303
203	ligand_6	1	7	HB	5	-4.1958	45.962	-10.5192	G	66	B	N2	-2.62	48.495	-11.151	3.04933
204	ligand_6	1	7	Ion-mediated	1	-2.0154	44.3388	-10.5046	MG	80	B	MG	-2.49	43.164	-12.521	2.38144
205	MG	0	7	Ion-mediated	80:B	-2.49	43.164	-12.521	G	66	B	O6	-1.332	44.858	-13.661	2.3474
206	ligand_6	1	7	Water-mediated	1	-2.0154	44.3388	-10.5046	HOH	314	B	O	-0.036	42.8	-12.085	2.96371
207	HOH	0	7	Water-mediated	314:B	-0.036	42.8	-12.085	G	66	B	O6	-1.332	44.858	-13.661	2.8981
208	ligand_6	1	7	Water-mediated	1	-2.0154	44.3388	-10.5046	HOH	314	B	O	-0.036	42.8	-12.085	2.96371
209	HOH	0	7	Water-mediated	314:B	-0.036	42.8	-12.085	G	66	B	O6	-1.332	44.858	-13.661	2.8981
210	3D2V-native-protonated	1	8	Lipophilic	1	-8.7645	38.7776	1.0307	U	27	B	C2	-6.106	37.33	3.32	3.7953
211	3D2V-native-protonated	1	8	Lipophilic	1	-8.7645	38.7776	1.0307	G	28	B	C1'	-8.281	41.479	2.65	3.1865
212	3D2V-native-protonated	1	8	Lipophilic	1	-8.7645	38.7776	1.0307	G	28	B	C5	-9.845	38.993	4.756	3.8848
213	3D2V-native-protonated	1	8	Lipophilic	1	-8.7645	38.7776	1.0307	G	28	B	C2	-11.175	38.251	2.514	2.8789
214	3D2V-native-protonated	1	8	Lipophilic	13	-8.6351	38.8981	-0.4882	G	28	B	C2	-11.175	38.251	2.514	3.9854
215	3D2V-native-protonated	1	8	Lipophilic	1	-8.7645	38.7776	1.0307	G	28	B	C4	-9.701	39.573	3.517	2.7733
216	3D2V-native-protonated	1	8	HB	22	-6.8759	40.8816	-2.8365	G	30	B	O6	-9.645	42.322	-1.789	3.2924
217	3D2V-native-protonated	1	8	HB	22	-6.8759	40.8816	-2.8365	G	30	B	O6	-9.645	42.322	-1.789	3.2924
218	3D2V-native-protonated	1	8	Lipophilic	13	-8.6351	38.8981	-0.4882	G	30	B	C6	-10.79	41.85	-1.824	3.8912
219	3D2V-native-protonated	1	8	Lipophilic	21	-7.6897	39.954	-2.3314	G	30	B	C6	-10.79	41.85	-1.824	3.6694
220	3D2V-native-protonated	1	8	Lipophilic	24	-8.4004	39.1141	-3.1808	G	30	B	C6	-10.79	41.85	-1.824	3.8777
221	3D2V-native-protonated	1	8	Lipophilic	1	-8.7645	38.7776	1.0307	A	31	B	C8	-9.715	35.122	1.411	3.7962
222	3D2V-native-protonated	1	8	Lipophilic	1	-8.7645	38.7776	1.0307	A	31	B	C5	-8.395	35.694	-0.155	3.3243
223	3D2V-native-protonated	1	8	Lipophilic	13	-8.6351	38.8981	-0.4882	A	31	B	C5	-8.395	35.694	-0.155	3.2303
224	3D2V-native-protonated	1	8	Lipophilic	26	-9.236	38.1636	-2.6047	A	31	B	C5	-8.395	35.694	-0.155	3.5787
225	3D2V-native-protonated	1	8	Lipophilic	1	-8.7645	38.7776	1.0307	A	31	B	C6	-7.364	36.158	-0.998	3.5971
226	3D2V-native-protonated	1	8	Lipophilic	13	-8.6351	38.8981	-0.4882	A	31	B	C6	-7.364	36.158	-0.998	3.0633
227	3D2V-native-protonated	1	8	Lipophilic	24	-8.4004	39.1141	-3.1808	A	31	B	C6	-7.364	36.158	-0.998	3.818
228	3D2V-native-protonated	1	8	Lipophilic	26	-9.236	38.1636	-2.6047	A	31	B	C6	-7.364	36.158	-0.998	3.1794
229	3D2V-native-protonated	1	8	Lipophilic	24	-8.4004	39.1141	-3.1808	A	31	B	C2	-8.65	35.424	-2.777	3.7205
230	3D2V-native-protonated	1	8	Lipophilic	26	-9.236	38.1636	-2.6047	A	31	B	C2	-8.65	35.424	-2.777	2.8069
231	3D2V-native-protonated	1	8	Lipophilic	13	-8.6351	38.8981	-0.4882	A	31	B	C4	-9.491	35.116	-0.767	3.8877
232	3D2V-native-protonated	1	8	Lipophilic	26	-9.236	38.1636	-2.6047	A	31	B	C4	-9.491	35.116	-0.767	3.5679
233	3D2V-native-protonated	1	8	CA	16	-6.9144	39.0336	-5.1753	C	45	B	OP1	-10.81	42.686	-5.351	5.3429
234	3D2V-native-protonated	1	8	Ion-mediated	18	-3.5096	43.9442	-10.3975	MG	80	B	MG	-2.49	43.164	-12.521	2.48144
235	MG	0	8	Ion-mediated	80:B	-2.49	43.164	-12.521	G	48	B	O6	-1.999	41.932	-14.394	2.295
236	3D2V-native-protonated	1	8	Water-mediated	10	-5.0416	41.7949	-10.7616	HOH	83	B	O	-2.858	41.136	-11.327	2.34988
237	HOH	0	8	Water-mediated	83:B	-2.858	41.136	-11.327	G	48	B	O6	-1.999	41.932	-14.394	3.283
238	3D2V-native-protonated	1	8	Water-mediated	10	-5.0416	41.7949	-10.7616	HOH	83	B	O	-2.858	41.136	-11.327	2.34988
239	HOH	0	8	Water-mediated	83:B	-2.858	41.136	-11.327	G	48	B	O6	-1.999	41.932	-14.394	3.283
240	3D2V-native-protonated	1	8	Water-mediated	10	-5.0416	41.7949	-10.7616	HOH	83	B	O	-2.858	41.136	-11.327	2.34988
241	HOH	0	8	Water-mediated	83:B	-2.858	41.136	-11.327	G	60	B	N7	-1.26	39.787	-9.85	2.5603
242	3D2V-native-protonated	1	8	Water-mediated	10	-5.0416	41.7949	-10.7616	HOH	83	B	O	-2.858	41.136	-11.327	2.34988
243	HOH	0	8	Water-mediated	83:B	-2.858	41.136	-11.327	G	60	B	N7	-1.26	39.787	-9.85	2.5603
244	3D2V-native-protonated	1	8	Water-mediated	10	-5.0416	41.7949	-10.7616	HOH	83	B	O	-2.858	41.136	-11.327	2.34988
245	HOH	0	8	Water-mediated	83:B	-2.858	41.136	-11.327	G	60	B	O6	-3.014	37.849	-11.463	3.2935
246	3D2V-native-protonated	1	8	Water-mediated	10	-5.0416	41.7949	-10.7616	HOH	83	B	O	-2.858	41.136	-11.327	2.34988
247	HOH	0	8	Water-mediated	83:B	-2.858	41.136	-11.327	G	60	B	O6	-3.014	37.849	-11.463	3.2935
248	3D2V-native-protonated	1	8	Lipophilic	8	-4.987	37.6339	-5.5212	G	60	B	C3'	-1.558	38.386	-4.526	3.6489
249	3D2V-native-protonated	1	8	Lipophilic	25	-4.2913	38.7219	-6.0316	G	60	B	C3'	-1.558	38.386	-4.526	3.1386
250	3D2V-native-protonated	1	8	Lipophilic	3	-4.042	41.1166	-6.6971	G	60	B	C2'	-1.529	39.724	-5.261	3.212
251	3D2V-native-protonated	1	8	Lipophilic	4	-3.5757	40.7232	-8.096	G	60	B	C2'	-1.529	39.724	-5.261	3.6366
252	3D2V-native-protonated	1	8	Lipophilic	23	-4.889	39.9737	-6.1255	G	60	B	C2'	-1.529	39.724	-5.261	3.4784
253	3D2V-native-protonated	1	8	Lipophilic	25	-4.2913	38.7219	-6.0316	G	60	B	C2'	-1.529	39.724	-5.261	3.0378
254	3D2V-native-protonated	1	8	Lipophilic	3	-4.042	41.1166	-6.6971	G	60	B	C1'	-0.447	39.546	-6.32	3.9412
255	3D2V-native-protonated	1	8	Lipophilic	4	-3.5757	40.7232	-8.096	G	60	B	C1'	-0.447	39.546	-6.32	3.7853
256	3D2V-native-protonated	1	8	Lipophilic	25	-4.2913	38.7219	-6.0316	G	60	B	C1'	-0.447	39.546	-6.32	3.9422
257	3D2V-native-protonated	1	8	Lipophilic	4	-3.5757	40.7232	-8.096	G	60	B	C8	-0.689	40.19	-8.751	3.0077
258	3D2V-native-protonated	1	8	Lipophilic	4	-3.5757	40.7232	-8.096	G	60	B	C5	-1.941	38.632	-9.484	2.9953
259	3D2V-native-protonated	1	8	Lipophilic	4	-3.5757	40.7232	-8.096	G	60	B	C6	-2.742	37.763	-10.261	3.761
260	3D2V-native-protonated	1	8	Lipophilic	8	-4.987	37.6339	-5.5212	G	60	B	C2	-3.009	36.517	-8.17	3.4894
261	3D2V-native-protonated	1	8	Lipophilic	25	-4.2913	38.7219	-6.0316	G	60	B	C2	-3.009	36.517	-8.17	3.3285
262	3D2V-native-protonated	1	8	Lipophilic	3	-4.042	41.1166	-6.6971	G	60	B	C4	-1.757	38.358	-8.148	3.8647
263	3D2V-native-protonated	1	8	Lipophilic	4	-3.5757	40.7232	-8.096	G	60	B	C4	-1.757	38.358	-8.148	2.984
264	3D2V-native-protonated	1	8	Lipophilic	25	-4.2913	38.7219	-6.0316	G	60	B	C4	-1.757	38.358	-8.148	3.3218
265	3D2V-native-protonated	1	8	CA	16	-6.9144	39.0336	-5.1753	C	61	B	OP2	-3.871	38.131	-1.995	4.49347
266	3D2V-native-protonated	1	8	Pi_Anion	8,12,16,20,23,25	-5.59743	38.87897	-5.60487	C	61	B	OP2	-3.871	38.131	-1.995	4.07077
267	3D2V-native-protonated	1	8	HB	11	-1.4896	45.5035	-9.9791	C	65	B	N3	1.334	45.186	-11.955	3.46088
268	3D2V-native-protonated	1	8	HB	11	-1.4896	45.5035	-9.9791	C	65	B	N4	0.207	46.398	-10.368	1.95699
269	3D2V-native-protonated	1	8	HB	11	-1.4896	45.5035	-9.9791	G	66	B	O6	-1.332	44.858	-13.661	3.74138
270	3D2V-native-protonated	1	8	HB	11	-1.4896	45.5035	-9.9791	G	66	B	N1	-1.938	46.708	-12.45	2.78518
271	3D2V-native-protonated	1	8	HB	11	-1.4896	45.5035	-9.9791	G	66	B	N2	-2.62	48.495	-11.151	3.40591
272	3D2V-native-protonated	1	8	Ion-mediated	18	-3.5096	43.9442	-10.3975	MG	80	B	MG	-2.49	43.164	-12.521	2.48144
273	MG	0	8	Ion-mediated	80:B	-2.49	43.164	-12.521	G	66	B	O6	-1.332	44.858	-13.661	2.3474
274	3D2V-native-protonated	1	8	Lipophilic	7	-2.8957	45.2127	-9.6317	G	66	B	C2	-1.902	48.061	-12.199	3.9612
275	3D2V-native-protonated	1	8	Pi_Cation	16	-6.9144	39.0336	-5.1753	G	60	B	C5,C6,N1,C2,N3,C4	-2.49317	37.5505	-8.83333	5.92689
276	3D2V-native-protonated	1	8	Pi_Stacking	9,13,17,21,24,26	-8.51918	39.0059	-1.81653	G	30	B	C5,C6,N1,C2,N3,C4	-12.13267	41.28033	-1.99833	4.27357
277	3D2V-native-protonated	1	8	Pi_Stacking	9,13,17,21,24,26	-8.51918	39.0059	-1.81653	A	31	B	C5,C6,N1,C2,N3,C4	-8.519	35.5575	-1.51833	3.46127
