	Ligand_name	Ligand_pose	Ligand_occurrence_in_sdf	Interaction	Ligand_Atom	Ligand_X	Ligand_Y	Ligand_Z	Receptor_Residue_Name	Receptor_Number	Receptor_Chain	Receptor_Atom	Receptor_X	Receptor_Y	Receptor_Z	Distance
0	Ligand_1	1	1	SIMPLE	1	-7.2856	42.0173	-6.2681	C	45	B	P	-10.725	43.452	-6.613	3.7426
1	Ligand_1	1	1	SIMPLE	1	-7.2856	42.0173	-6.2681	C	45	B	OP1	-10.81	42.686	-5.351	3.7026
2	Ligand_1	1	1	SIMPLE	1	-7.2856	42.0173	-6.2681	C	45	B	OP2	-9.469	44.138	-6.994	3.1291
3	Ligand_1	1	1	SIMPLE	3	-6.8924	40.55	-8.1141	C	46	B	OP2	-7.916	40.521	-11.156	3.2096
4	Ligand_1	1	1	SIMPLE	4	-5.2445	40.4709	-6.3553	G	60	B	C2'	-1.529	39.724	-5.261	3.9446
5	Ligand_1	1	1	SIMPLE	5	-4.0575	40.4764	-7.3087	G	60	B	C2'	-1.529	39.724	-5.261	3.3395
6	Ligand_1	1	1	SIMPLE	6	-3.3911	42.1725	-7.4043	G	60	B	C2'	-1.529	39.724	-5.261	3.7492
7	Ligand_1	1	1	SIMPLE	5	-4.0575	40.4764	-7.3087	G	60	B	C1'	-0.447	39.546	-6.32	3.8573
8	Ligand_1	1	1	SIMPLE	5	-4.0575	40.4764	-7.3087	G	60	B	N9	-0.949	39.373	-7.678	3.3191
9	Ligand_1	1	1	SIMPLE	6	-3.3911	42.1725	-7.4043	G	60	B	N9	-0.949	39.373	-7.678	3.725
10	Ligand_1	1	1	SIMPLE	5	-4.0575	40.4764	-7.3087	G	60	B	C8	-0.689	40.19	-8.751	3.6755
11	Ligand_1	1	1	SIMPLE	6	-3.3911	42.1725	-7.4043	G	60	B	C8	-0.689	40.19	-8.751	3.6118
12	Ligand_1	1	1	SIMPLE	5	-4.0575	40.4764	-7.3087	G	60	B	N7	-1.26	39.787	-9.85	3.8418
13	Ligand_1	1	1	SIMPLE	5	-4.0575	40.4764	-7.3087	G	60	B	C5	-1.941	38.632	-9.484	3.5515
14	Ligand_1	1	1	SIMPLE	5	-4.0575	40.4764	-7.3087	G	60	B	N3	-2.26	37.326	-7.427	3.629
15	Ligand_1	1	1	SIMPLE	5	-4.0575	40.4764	-7.3087	G	60	B	C4	-1.757	38.358	-8.148	3.238
16	Ligand_2	1	2	SIMPLE	1	-8.8309	38.0763	-4.4946	G	11	B	O2'	-11.233	37.413	-6.357	3.111
17	Ligand_2	1	2	SIMPLE	2	-9.4299	39.2696	-3.8291	G	11	B	O2'	-11.233	37.413	-6.357	3.6178
18	Ligand_2	1	2	SIMPLE	3	-10.4502	38.8073	-2.7879	G	11	B	O2'	-11.233	37.413	-6.357	3.9109
19	Ligand_2	1	2	SIMPLE	4	-9.803	38.1497	-1.5686	G	28	B	N2	-11.881	37.813	1.461	3.6892
20	Ligand_2	1	2	SIMPLE	5	-8.7302	39.0461	-0.9563	G	28	B	N3	-10.328	39.257	2.359	3.6863
21	Ligand_2	1	2	SIMPLE	3	-10.4502	38.8073	-2.7879	G	30	B	C5	-11.671	41.613	-0.742	3.6808
22	Ligand_2	1	2	SIMPLE	5	-8.7302	39.0461	-0.9563	G	30	B	C5	-11.671	41.613	-0.742	3.9094
23	Ligand_2	1	2	SIMPLE	2	-9.4299	39.2696	-3.8291	G	30	B	C6	-10.79	41.85	-1.824	3.5396
24	Ligand_2	1	2	SIMPLE	3	-10.4502	38.8073	-2.7879	G	30	B	C6	-10.79	41.85	-1.824	3.2098
25	Ligand_2	1	2	SIMPLE	4	-9.803	38.1497	-1.5686	G	30	B	C6	-10.79	41.85	-1.824	3.8382
26	Ligand_2	1	2	SIMPLE	5	-8.7302	39.0461	-0.9563	G	30	B	C6	-10.79	41.85	-1.824	3.5857
27	Ligand_2	1	2	SIMPLE	6	-7.6775	39.4485	-1.985	G	30	B	C6	-10.79	41.85	-1.824	3.9346
28	Ligand_2	1	2	SIMPLE	7	-8.3129	40.1102	-3.2086	G	30	B	C6	-10.79	41.85	-1.824	3.3287
29	Ligand_2	1	2	SIMPLE	2	-9.4299	39.2696	-3.8291	G	30	B	O6	-9.645	42.322	-1.789	3.6777
30	Ligand_2	1	2	SIMPLE	3	-10.4502	38.8073	-2.7879	G	30	B	O6	-9.645	42.322	-1.789	3.7416
31	Ligand_2	1	2	SIMPLE	5	-8.7302	39.0461	-0.9563	G	30	B	O6	-9.645	42.322	-1.789	3.5017
32	Ligand_2	1	2	SIMPLE	6	-7.6775	39.4485	-1.985	G	30	B	O6	-9.645	42.322	-1.789	3.488
33	Ligand_2	1	2	SIMPLE	7	-8.3129	40.1102	-3.2086	G	30	B	O6	-9.645	42.322	-1.789	2.9465
34	Ligand_2	1	2	SIMPLE	2	-9.4299	39.2696	-3.8291	G	30	B	N1	-11.356	41.477	-3.043	3.0332
35	Ligand_2	1	2	SIMPLE	3	-10.4502	38.8073	-2.7879	G	30	B	N1	-11.356	41.477	-3.043	2.8307
36	Ligand_2	1	2	SIMPLE	4	-9.803	38.1497	-1.5686	G	30	B	N1	-11.356	41.477	-3.043	3.9568
37	Ligand_2	1	2	SIMPLE	7	-8.3129	40.1102	-3.2086	G	30	B	N1	-11.356	41.477	-3.043	3.3401
38	Ligand_2	1	2	SIMPLE	2	-9.4299	39.2696	-3.8291	G	30	B	C2	-12.616	40.947	-3.196	3.6559
39	Ligand_2	1	2	SIMPLE	3	-10.4502	38.8073	-2.7879	G	30	B	C2	-12.616	40.947	-3.196	3.0717
40	Ligand_2	1	2	SIMPLE	2	-9.4299	39.2696	-3.8291	G	30	B	N2	-12.993	40.652	-4.448	3.8717
41	Ligand_2	1	2	SIMPLE	3	-10.4502	38.8073	-2.7879	G	30	B	N2	-12.993	40.652	-4.448	3.5531
42	Ligand_2	1	2	SIMPLE	3	-10.4502	38.8073	-2.7879	G	30	B	N3	-13.45	40.72	-2.189	3.6078
43	Ligand_2	1	2	SIMPLE	3	-10.4502	38.8073	-2.7879	G	30	B	C4	-12.913	41.075	-0.996	3.7972
44	Ligand_2	1	2	SIMPLE	4	-9.803	38.1497	-1.5686	A	31	B	N9	-10.338	34.753	0.254	3.8917
45	Ligand_2	1	2	SIMPLE	4	-9.803	38.1497	-1.5686	A	31	B	N7	-8.547	35.689	1.223	3.9276
46	Ligand_2	1	2	SIMPLE	4	-9.803	38.1497	-1.5686	A	31	B	C5	-8.395	35.694	-0.155	3.164
47	Ligand_2	1	2	SIMPLE	5	-8.7302	39.0461	-0.9563	A	31	B	C5	-8.395	35.694	-0.155	3.4628
48	Ligand_2	1	2	SIMPLE	4	-9.803	38.1497	-1.5686	A	31	B	C6	-7.364	36.158	-0.998	3.2002
49	Ligand_2	1	2	SIMPLE	5	-8.7302	39.0461	-0.9563	A	31	B	C6	-7.364	36.158	-0.998	3.1952
50	Ligand_2	1	2	SIMPLE	6	-7.6775	39.4485	-1.985	A	31	B	C6	-7.364	36.158	-0.998	3.4496
51	Ligand_2	1	2	SIMPLE	4	-9.803	38.1497	-1.5686	A	31	B	N6	-6.245	36.734	-0.549	3.9627
52	Ligand_2	1	2	SIMPLE	5	-8.7302	39.0461	-0.9563	A	31	B	N6	-6.245	36.734	-0.549	3.4188
53	Ligand_2	1	2	SIMPLE	6	-7.6775	39.4485	-1.985	A	31	B	N6	-6.245	36.734	-0.549	3.3886
54	Ligand_2	1	2	SIMPLE	1	-8.8309	38.0763	-4.4946	A	31	B	N1	-7.53	36.004	-2.329	3.2675
55	Ligand_2	1	2	SIMPLE	4	-9.803	38.1497	-1.5686	A	31	B	N1	-7.53	36.004	-2.329	3.217
56	Ligand_2	1	2	SIMPLE	5	-8.7302	39.0461	-0.9563	A	31	B	N1	-7.53	36.004	-2.329	3.5467
57	Ligand_2	1	2	SIMPLE	6	-7.6775	39.4485	-1.985	A	31	B	N1	-7.53	36.004	-2.329	3.4648
58	Ligand_2	1	2	SIMPLE	1	-8.8309	38.0763	-4.4946	A	31	B	C2	-8.65	35.424	-2.777	3.165
59	Ligand_2	1	2	SIMPLE	3	-10.4502	38.8073	-2.7879	A	31	B	C2	-8.65	35.424	-2.777	3.8324
60	Ligand_2	1	2	SIMPLE	4	-9.803	38.1497	-1.5686	A	31	B	C2	-8.65	35.424	-2.777	3.1967
61	Ligand_2	1	2	SIMPLE	3	-10.4502	38.8073	-2.7879	A	31	B	N3	-9.684	34.949	-2.084	3.9961
62	Ligand_2	1	2	SIMPLE	4	-9.803	38.1497	-1.5686	A	31	B	N3	-9.684	34.949	-2.084	3.2441
63	Ligand_2	1	2	SIMPLE	4	-9.803	38.1497	-1.5686	A	31	B	C4	-9.491	35.116	-0.767	3.1533
64	Ligand_2	1	2	SIMPLE	2	-9.4299	39.2696	-3.8291	C	45	B	OP1	-10.81	42.686	-5.351	3.9866
65	Ligand_3	1	3	SIMPLE	5	-3.6143	41.4966	-7.9066	G	60	B	C2'	-1.529	39.724	-5.261	3.8066
66	Ligand_3	1	3	SIMPLE	6	-4.0641	40.4137	-7.1473	G	60	B	C2'	-1.529	39.724	-5.261	3.2343
67	Ligand_3	1	3	SIMPLE	6	-4.0641	40.4137	-7.1473	G	60	B	C1'	-0.447	39.546	-6.32	3.8106
68	Ligand_3	1	3	SIMPLE	5	-3.6143	41.4966	-7.9066	G	60	B	N9	-0.949	39.373	-7.678	3.4155
69	Ligand_3	1	3	SIMPLE	6	-4.0641	40.4137	-7.1473	G	60	B	N9	-0.949	39.373	-7.678	3.3269
70	Ligand_3	1	3	SIMPLE	5	-3.6143	41.4966	-7.9066	G	60	B	C8	-0.689	40.19	-8.751	3.3132
71	Ligand_3	1	3	SIMPLE	6	-4.0641	40.4137	-7.1473	G	60	B	C8	-0.689	40.19	-8.751	3.7434
72	Ligand_3	1	3	SIMPLE	5	-3.6143	41.4966	-7.9066	G	60	B	N7	-1.26	39.787	-9.85	3.4989
73	Ligand_3	1	3	SIMPLE	6	-4.0641	40.4137	-7.1473	G	60	B	N7	-1.26	39.787	-9.85	3.9447
74	Ligand_3	1	3	SIMPLE	5	-3.6143	41.4966	-7.9066	G	60	B	C5	-1.941	38.632	-9.484	3.6734
75	Ligand_3	1	3	SIMPLE	6	-4.0641	40.4137	-7.1473	G	60	B	C5	-1.941	38.632	-9.484	3.6252
76	Ligand_3	1	3	SIMPLE	6	-4.0641	40.4137	-7.1473	G	60	B	N3	-2.26	37.326	-7.427	3.587
77	Ligand_3	1	3	SIMPLE	5	-3.6143	41.4966	-7.9066	G	60	B	C4	-1.757	38.358	-8.148	3.655
78	Ligand_3	1	3	SIMPLE	6	-4.0641	40.4137	-7.1473	G	60	B	C4	-1.757	38.358	-8.148	3.2481
79	Ligand_4	1	4	SIMPLE	12	-11.1238	37.0121	-4.0363	G	11	B	C2'	-12.456	37.038	-6.961	3.2139
80	Ligand_4	1	4	SIMPLE	1	-8.7781	37.7394	-5.2282	G	11	B	O2'	-11.233	37.413	-6.357	2.7216
81	Ligand_4	1	4	SIMPLE	2	-9.0671	38.1774	-3.9952	G	11	B	O2'	-11.233	37.413	-6.357	3.2945
82	Ligand_4	1	4	SIMPLE	11	-10.261	37.8066	-3.3882	G	11	B	O2'	-11.233	37.413	-6.357	3.1486
83	Ligand_4	1	4	SIMPLE	12	-11.1238	37.0121	-4.0363	G	11	B	O2'	-11.233	37.413	-6.357	2.3576
84	Ligand_4	1	4	SIMPLE	12	-11.1238	37.0121	-4.0363	U	12	B	C5'	-10.462	33.92	-6.089	3.77
85	Ligand_4	1	4	SIMPLE	12	-11.1238	37.0121	-4.0363	U	12	B	C4'	-11.185	33.649	-4.785	3.446
86	Ligand_4	1	4	SIMPLE	12	-11.1238	37.0121	-4.0363	U	12	B	O4'	-12.316	34.542	-4.697	2.8212
87	Ligand_4	1	4	SIMPLE	12	-11.1238	37.0121	-4.0363	U	12	B	C1'	-13.303	33.954	-3.878	3.7584
88	Ligand_4	1	4	SIMPLE	8	-9.955	39.5222	-0.2039	G	28	B	C1'	-8.281	41.479	2.65	3.844
89	Ligand_4	1	4	SIMPLE	8	-9.955	39.5222	-0.2039	G	28	B	C2	-11.175	38.251	2.514	3.239
90	Ligand_4	1	4	SIMPLE	7	-9.6661	39.0847	-1.4371	G	28	B	N2	-11.881	37.813	1.461	3.8629
91	Ligand_4	1	4	SIMPLE	8	-9.955	39.5222	-0.2039	G	28	B	N2	-11.881	37.813	1.461	3.0664
92	Ligand_4	1	4	SIMPLE	9	-10.5602	38.2599	-2.1089	G	28	B	N2	-11.881	37.813	1.461	3.8326
93	Ligand_4	1	4	SIMPLE	10	-11.7107	37.901	-1.523	G	28	B	N2	-11.881	37.813	1.461	2.9902
94	Ligand_4	1	4	SIMPLE	7	-9.6661	39.0847	-1.4371	G	28	B	N3	-10.328	39.257	2.359	3.8572
95	Ligand_4	1	4	SIMPLE	8	-9.955	39.5222	-0.2039	G	28	B	N3	-10.328	39.257	2.359	2.6034
96	Ligand_4	1	4	SIMPLE	8	-9.955	39.5222	-0.2039	G	28	B	C4	-9.701	39.573	3.517	3.7299
97	Ligand_4	1	4	SIMPLE	8	-9.955	39.5222	-0.2039	G	30	B	N9	-13.524	40.959	0.232	3.872
98	Ligand_4	1	4	SIMPLE	10	-11.7107	37.901	-1.523	G	30	B	N9	-13.524	40.959	0.232	3.9648
99	Ligand_4	1	4	SIMPLE	8	-9.955	39.5222	-0.2039	G	30	B	C8	-12.622	41.437	1.151	3.5518
100	Ligand_4	1	4	SIMPLE	7	-9.6661	39.0847	-1.4371	G	30	B	N7	-11.5	41.837	0.618	3.8938
101	Ligand_4	1	4	SIMPLE	8	-9.955	39.5222	-0.2039	G	30	B	N7	-11.5	41.837	0.618	2.9019
102	Ligand_4	1	4	SIMPLE	7	-9.6661	39.0847	-1.4371	G	30	B	C5	-11.671	41.613	-0.742	3.3008
103	Ligand_4	1	4	SIMPLE	8	-9.955	39.5222	-0.2039	G	30	B	C5	-11.671	41.613	-0.742	2.7578
104	Ligand_4	1	4	SIMPLE	9	-10.5602	38.2599	-2.1089	G	30	B	C5	-11.671	41.613	-0.742	3.7876
105	Ligand_4	1	4	SIMPLE	10	-11.7107	37.901	-1.523	G	30	B	C5	-11.671	41.613	-0.742	3.7935
106	Ligand_4	1	4	SIMPLE	5	-8.4722	39.4556	-2.0442	G	30	B	C6	-10.79	41.85	-1.824	3.3397
107	Ligand_4	1	4	SIMPLE	6	-7.6099	40.2506	-1.3962	G	30	B	C6	-10.79	41.85	-1.824	3.5853
108	Ligand_4	1	4	SIMPLE	7	-9.6661	39.0847	-1.4371	G	30	B	C6	-10.79	41.85	-1.824	3.0099
109	Ligand_4	1	4	SIMPLE	8	-9.955	39.5222	-0.2039	G	30	B	C6	-10.79	41.85	-1.824	2.9564
110	Ligand_4	1	4	SIMPLE	9	-10.5602	38.2599	-2.1089	G	30	B	C6	-10.79	41.85	-1.824	3.6087
111	Ligand_4	1	4	SIMPLE	3	-8.1727	39.0018	-3.3231	G	30	B	O6	-9.645	42.322	-1.789	3.9427
112	Ligand_4	1	4	SIMPLE	5	-8.4722	39.4556	-2.0442	G	30	B	O6	-9.645	42.322	-1.789	3.1075
113	Ligand_4	1	4	SIMPLE	6	-7.6099	40.2506	-1.3962	G	30	B	O6	-9.645	42.322	-1.789	2.9303
114	Ligand_4	1	4	SIMPLE	7	-9.6661	39.0847	-1.4371	G	30	B	O6	-9.645	42.322	-1.789	3.2564
115	Ligand_4	1	4	SIMPLE	8	-9.955	39.5222	-0.2039	G	30	B	O6	-9.645	42.322	-1.789	3.2323
116	Ligand_4	1	4	SIMPLE	5	-8.4722	39.4556	-2.0442	G	30	B	N1	-11.356	41.477	-3.043	3.6606
117	Ligand_4	1	4	SIMPLE	7	-9.6661	39.0847	-1.4371	G	30	B	N1	-11.356	41.477	-3.043	3.3403
118	Ligand_4	1	4	SIMPLE	8	-9.955	39.5222	-0.2039	G	30	B	N1	-11.356	41.477	-3.043	3.7208
119	Ligand_4	1	4	SIMPLE	9	-10.5602	38.2599	-2.1089	G	30	B	N1	-11.356	41.477	-3.043	3.4432
120	Ligand_4	1	4	SIMPLE	10	-11.7107	37.901	-1.523	G	30	B	N1	-11.356	41.477	-3.043	3.9018
121	Ligand_4	1	4	SIMPLE	11	-10.261	37.8066	-3.3882	G	30	B	N1	-11.356	41.477	-3.043	3.8458
122	Ligand_4	1	4	SIMPLE	7	-9.6661	39.0847	-1.4371	G	30	B	C2	-12.616	40.947	-3.196	3.9069
123	Ligand_4	1	4	SIMPLE	9	-10.5602	38.2599	-2.1089	G	30	B	C2	-12.616	40.947	-3.196	3.5537
124	Ligand_4	1	4	SIMPLE	10	-11.7107	37.901	-1.523	G	30	B	C2	-12.616	40.947	-3.196	3.5912
125	Ligand_4	1	4	SIMPLE	11	-10.261	37.8066	-3.3882	G	30	B	C2	-12.616	40.947	-3.196	3.93
126	Ligand_4	1	4	SIMPLE	9	-10.5602	38.2599	-2.1089	G	30	B	N3	-13.45	40.72	-2.189	3.796
127	Ligand_4	1	4	SIMPLE	10	-11.7107	37.901	-1.523	G	30	B	N3	-13.45	40.72	-2.189	3.3787
128	Ligand_4	1	4	SIMPLE	7	-9.6661	39.0847	-1.4371	G	30	B	C4	-12.913	41.075	-0.996	3.8338
129	Ligand_4	1	4	SIMPLE	8	-9.955	39.5222	-0.2039	G	30	B	C4	-12.913	41.075	-0.996	3.4334
130	Ligand_4	1	4	SIMPLE	9	-10.5602	38.2599	-2.1089	G	30	B	C4	-12.913	41.075	-0.996	3.8339
131	Ligand_4	1	4	SIMPLE	10	-11.7107	37.901	-1.523	G	30	B	C4	-12.913	41.075	-0.996	3.4348
132	Ligand_4	1	4	SIMPLE	10	-11.7107	37.901	-1.523	A	31	B	O4'	-12.653	35.059	-0.023	3.3489
133	Ligand_4	1	4	SIMPLE	10	-11.7107	37.901	-1.523	A	31	B	N9	-10.338	34.753	0.254	3.8668
134	Ligand_4	1	4	SIMPLE	7	-9.6661	39.0847	-1.4371	A	31	B	C5	-8.395	35.694	-0.155	3.8414
135	Ligand_4	1	4	SIMPLE	9	-10.5602	38.2599	-2.1089	A	31	B	C5	-8.395	35.694	-0.155	3.8845
136	Ligand_4	1	4	SIMPLE	2	-9.0671	38.1774	-3.9952	A	31	B	C6	-7.364	36.158	-0.998	3.9952
137	Ligand_4	1	4	SIMPLE	3	-8.1727	39.0018	-3.3231	A	31	B	C6	-7.364	36.158	-0.998	3.7613
138	Ligand_4	1	4	SIMPLE	5	-8.4722	39.4556	-2.0442	A	31	B	C6	-7.364	36.158	-0.998	3.6327
139	Ligand_4	1	4	SIMPLE	7	-9.6661	39.0847	-1.4371	A	31	B	C6	-7.364	36.158	-0.998	3.7494
140	Ligand_4	1	4	SIMPLE	9	-10.5602	38.2599	-2.1089	A	31	B	C6	-7.364	36.158	-0.998	3.9834
141	Ligand_4	1	4	SIMPLE	5	-8.4722	39.4556	-2.0442	A	31	B	N6	-6.245	36.734	-0.549	3.8214
142	Ligand_4	1	4	SIMPLE	6	-7.6099	40.2506	-1.3962	A	31	B	N6	-6.245	36.734	-0.549	3.8662
143	Ligand_4	1	4	SIMPLE	1	-8.7781	37.7394	-5.2282	A	31	B	N1	-7.53	36.004	-2.329	3.602
144	Ligand_4	1	4	SIMPLE	2	-9.0671	38.1774	-3.9952	A	31	B	N1	-7.53	36.004	-2.329	3.1405
145	Ligand_4	1	4	SIMPLE	3	-8.1727	39.0018	-3.3231	A	31	B	N1	-7.53	36.004	-2.329	3.2231
146	Ligand_4	1	4	SIMPLE	4	-7.0213	39.3589	-3.9082	A	31	B	N1	-7.53	36.004	-2.329	3.7427
147	Ligand_4	1	4	SIMPLE	5	-8.4722	39.4556	-2.0442	A	31	B	N1	-7.53	36.004	-2.329	3.5892
148	Ligand_4	1	4	SIMPLE	7	-9.6661	39.0847	-1.4371	A	31	B	N1	-7.53	36.004	-2.329	3.8535
149	Ligand_4	1	4	SIMPLE	9	-10.5602	38.2599	-2.1089	A	31	B	N1	-7.53	36.004	-2.329	3.7841
150	Ligand_4	1	4	SIMPLE	11	-10.261	37.8066	-3.3882	A	31	B	N1	-7.53	36.004	-2.329	3.4394
151	Ligand_4	1	4	SIMPLE	1	-8.7781	37.7394	-5.2282	A	31	B	C2	-8.65	35.424	-2.777	3.3743
152	Ligand_4	1	4	SIMPLE	2	-9.0671	38.1774	-3.9952	A	31	B	C2	-8.65	35.424	-2.777	3.0396
153	Ligand_4	1	4	SIMPLE	3	-8.1727	39.0018	-3.3231	A	31	B	C2	-8.65	35.424	-2.777	3.6506
154	Ligand_4	1	4	SIMPLE	9	-10.5602	38.2599	-2.1089	A	31	B	C2	-8.65	35.424	-2.777	3.4839
155	Ligand_4	1	4	SIMPLE	11	-10.261	37.8066	-3.3882	A	31	B	C2	-8.65	35.424	-2.777	2.9404
156	Ligand_4	1	4	SIMPLE	12	-11.1238	37.0121	-4.0363	A	31	B	C2	-8.65	35.424	-2.777	3.1981
157	Ligand_4	1	4	SIMPLE	2	-9.0671	38.1774	-3.9952	A	31	B	N3	-9.684	34.949	-2.084	3.8021
158	Ligand_4	1	4	SIMPLE	9	-10.5602	38.2599	-2.1089	A	31	B	N3	-9.684	34.949	-2.084	3.425
159	Ligand_4	1	4	SIMPLE	10	-11.7107	37.901	-1.523	A	31	B	N3	-9.684	34.949	-2.084	3.6244
160	Ligand_4	1	4	SIMPLE	11	-10.261	37.8066	-3.3882	A	31	B	N3	-9.684	34.949	-2.084	3.1937
161	Ligand_4	1	4	SIMPLE	12	-11.1238	37.0121	-4.0363	A	31	B	N3	-9.684	34.949	-2.084	3.1845
162	Ligand_4	1	4	SIMPLE	9	-10.5602	38.2599	-2.1089	A	31	B	C4	-9.491	35.116	-0.767	3.5816
163	Ligand_4	1	4	SIMPLE	10	-11.7107	37.901	-1.523	A	31	B	C4	-9.491	35.116	-0.767	3.6407
164	Ligand_4	1	4	SIMPLE	11	-10.261	37.8066	-3.3882	A	31	B	C4	-9.491	35.116	-0.767	3.8344
165	Ligand_4	1	4	SIMPLE	4	-7.0213	39.3589	-3.9082	C	61	B	OP2	-3.871	38.131	-1.995	3.8849
166	Ligand_5	1	5	SIMPLE	5	-12.9895	37.3613	-3.4189	G	11	B	C2'	-12.456	37.038	-6.961	3.5966
167	Ligand_5	1	5	SIMPLE	5	-12.9895	37.3613	-3.4189	G	11	B	O2'	-11.233	37.413	-6.357	3.4235
168	Ligand_5	1	5	SIMPLE	5	-12.9895	37.3613	-3.4189	G	11	B	C1'	-13.315	38.277	-7.196	3.9001
169	Ligand_5	1	5	SIMPLE	5	-12.9895	37.3613	-3.4189	G	11	B	C2	-16.246	38.853	-4.012	3.6307
170	Ligand_5	1	5	SIMPLE	5	-12.9895	37.3613	-3.4189	G	11	B	N2	-16.05	39.307	-2.767	3.6848
171	Ligand_5	1	5	SIMPLE	5	-12.9895	37.3613	-3.4189	G	11	B	N3	-15.215	38.748	-4.844	2.9844
172	Ligand_5	1	5	SIMPLE	5	-12.9895	37.3613	-3.4189	G	11	B	C4	-15.589	38.273	-6.057	3.8142
173	Ligand_5	1	5	SIMPLE	5	-12.9895	37.3613	-3.4189	U	12	B	O4'	-12.316	34.542	-4.697	3.1679
174	Ligand_5	1	5	SIMPLE	5	-12.9895	37.3613	-3.4189	U	12	B	C1'	-13.303	33.954	-3.878	3.4524
175	Ligand_5	1	5	SIMPLE	5	-12.9895	37.3613	-3.4189	U	12	B	N1	-14.634	34.219	-4.473	3.6999
176	Ligand_5	1	5	SIMPLE	5	-12.9895	37.3613	-3.4189	U	12	B	C2	-15.618	34.751	-3.671	3.713
177	Ligand_5	1	5	SIMPLE	5	-12.9895	37.3613	-3.4189	U	12	B	O2	-15.446	35.017	-2.495	3.519
178	Ligand_5	1	5	SIMPLE	2	-9.684	38.6175	-1.2553	G	28	B	N2	-11.881	37.813	1.461	3.585
179	Ligand_5	1	5	SIMPLE	4	-11.8719	37.5839	-1.9841	G	28	B	N2	-11.881	37.813	1.461	3.4527
180	Ligand_5	1	5	SIMPLE	2	-9.684	38.6175	-1.2553	G	28	B	N3	-10.328	39.257	2.359	3.7265
181	Ligand_5	1	5	SIMPLE	2	-9.684	38.6175	-1.2553	G	30	B	C5	-11.671	41.613	-0.742	3.6311
182	Ligand_5	1	5	SIMPLE	3	-10.5926	38.2953	-2.444	G	30	B	C5	-11.671	41.613	-0.742	3.8816
183	Ligand_5	1	5	SIMPLE	1	-8.4526	39.3925	-1.6976	G	30	B	C6	-10.79	41.85	-1.824	3.3939
184	Ligand_5	1	5	SIMPLE	2	-9.684	38.6175	-1.2553	G	30	B	C6	-10.79	41.85	-1.824	3.4635
185	Ligand_5	1	5	SIMPLE	3	-10.5926	38.2953	-2.444	G	30	B	C6	-10.79	41.85	-1.824	3.6138
186	Ligand_5	1	5	SIMPLE	1	-8.4526	39.3925	-1.6976	G	30	B	O6	-9.645	42.322	-1.789	3.1642
187	Ligand_5	1	5	SIMPLE	2	-9.684	38.6175	-1.2553	G	30	B	O6	-9.645	42.322	-1.789	3.743
188	Ligand_5	1	5	SIMPLE	1	-8.4526	39.3925	-1.6976	G	30	B	N1	-11.356	41.477	-3.043	3.819
189	Ligand_5	1	5	SIMPLE	2	-9.684	38.6175	-1.2553	G	30	B	N1	-11.356	41.477	-3.043	3.7641
190	Ligand_5	1	5	SIMPLE	3	-10.5926	38.2953	-2.444	G	30	B	N1	-11.356	41.477	-3.043	3.3264
191	Ligand_5	1	5	SIMPLE	3	-10.5926	38.2953	-2.444	G	30	B	C2	-12.616	40.947	-3.196	3.4192
192	Ligand_5	1	5	SIMPLE	4	-11.8719	37.5839	-1.9841	G	30	B	C2	-12.616	40.947	-3.196	3.6514
193	Ligand_5	1	5	SIMPLE	5	-12.9895	37.3613	-3.4189	G	30	B	C2	-12.616	40.947	-3.196	3.612
194	Ligand_5	1	5	SIMPLE	3	-10.5926	38.2953	-2.444	G	30	B	N2	-12.993	40.652	-4.448	3.9156
195	Ligand_5	1	5	SIMPLE	5	-12.9895	37.3613	-3.4189	G	30	B	N2	-12.993	40.652	-4.448	3.4479
196	Ligand_5	1	5	SIMPLE	3	-10.5926	38.2953	-2.444	G	30	B	N3	-13.45	40.72	-2.189	3.7562
197	Ligand_5	1	5	SIMPLE	4	-11.8719	37.5839	-1.9841	G	30	B	N3	-13.45	40.72	-2.189	3.5168
198	Ligand_5	1	5	SIMPLE	5	-12.9895	37.3613	-3.4189	G	30	B	N3	-13.45	40.72	-2.189	3.6063
199	Ligand_5	1	5	SIMPLE	3	-10.5926	38.2953	-2.444	G	30	B	C4	-12.913	41.075	-0.996	3.8997
200	Ligand_5	1	5	SIMPLE	4	-11.8719	37.5839	-1.9841	G	30	B	C4	-12.913	41.075	-0.996	3.7746
201	Ligand_5	1	5	SIMPLE	4	-11.8719	37.5839	-1.9841	A	31	B	O4'	-12.653	35.059	-0.023	3.2911
202	Ligand_5	1	5	SIMPLE	4	-11.8719	37.5839	-1.9841	A	31	B	N9	-10.338	34.753	0.254	3.9212
203	Ligand_5	1	5	SIMPLE	2	-9.684	38.6175	-1.2553	A	31	B	C5	-8.395	35.694	-0.155	3.3792
204	Ligand_5	1	5	SIMPLE	1	-8.4526	39.3925	-1.6976	A	31	B	C6	-7.364	36.158	-0.998	3.4838
205	Ligand_5	1	5	SIMPLE	2	-9.684	38.6175	-1.2553	A	31	B	C6	-7.364	36.158	-0.998	3.3908
206	Ligand_5	1	5	SIMPLE	1	-8.4526	39.3925	-1.6976	A	31	B	N6	-6.245	36.734	-0.549	3.6415
207	Ligand_5	1	5	SIMPLE	2	-9.684	38.6175	-1.2553	A	31	B	N6	-6.245	36.734	-0.549	3.9841
208	Ligand_5	1	5	SIMPLE	1	-8.4526	39.3925	-1.6976	A	31	B	N1	-7.53	36.004	-2.329	3.5682
209	Ligand_5	1	5	SIMPLE	2	-9.684	38.6175	-1.2553	A	31	B	N1	-7.53	36.004	-2.329	3.5529
210	Ligand_5	1	5	SIMPLE	3	-10.5926	38.2953	-2.444	A	31	B	N1	-7.53	36.004	-2.329	3.8266
211	Ligand_5	1	5	SIMPLE	2	-9.684	38.6175	-1.2553	A	31	B	C2	-8.65	35.424	-2.777	3.6855
212	Ligand_5	1	5	SIMPLE	3	-10.5926	38.2953	-2.444	A	31	B	C2	-8.65	35.424	-2.777	3.4827
213	Ligand_5	1	5	SIMPLE	4	-11.8719	37.5839	-1.9841	A	31	B	C2	-8.65	35.424	-2.777	3.9591
214	Ligand_5	1	5	SIMPLE	2	-9.684	38.6175	-1.2553	A	31	B	N3	-9.684	34.949	-2.084	3.7609
215	Ligand_5	1	5	SIMPLE	3	-10.5926	38.2953	-2.444	A	31	B	N3	-9.684	34.949	-2.084	3.4861
216	Ligand_5	1	5	SIMPLE	4	-11.8719	37.5839	-1.9841	A	31	B	N3	-9.684	34.949	-2.084	3.4263
217	Ligand_5	1	5	SIMPLE	2	-9.684	38.6175	-1.2553	A	31	B	C4	-9.491	35.116	-0.767	3.5406
218	Ligand_5	1	5	SIMPLE	3	-10.5926	38.2953	-2.444	A	31	B	C4	-9.491	35.116	-0.767	3.7595
219	Ligand_5	1	5	SIMPLE	4	-11.8719	37.5839	-1.9841	A	31	B	C4	-9.491	35.116	-0.767	3.6388
220	adenine	1	6	SIMPLE	9	-7.6116	41.4216	-3.4747	G	30	B	C6	-10.79	41.85	-1.824	3.607
221	adenine	1	6	SIMPLE	8	-6.9075	40.2706	-3.4896	G	30	B	O6	-9.645	42.322	-1.789	3.8202
222	adenine	1	6	SIMPLE	9	-7.6116	41.4216	-3.4747	G	30	B	O6	-9.645	42.322	-1.789	2.7905
223	adenine	1	6	SIMPLE	10	-7.6615	42.3898	-4.4169	G	30	B	O6	-9.645	42.322	-1.789	3.2931
224	adenine	1	6	SIMPLE	9	-7.6116	41.4216	-3.4747	G	30	B	N1	-11.356	41.477	-3.043	3.7696
225	adenine	1	6	SIMPLE	1	-6.9752	43.219	-6.4989	C	45	B	P	-10.725	43.452	-6.613	3.7588
226	adenine	1	6	SIMPLE	10	-7.6615	42.3898	-4.4169	C	45	B	P	-10.725	43.452	-6.613	3.9161
227	adenine	1	6	SIMPLE	2	-6.9235	42.2326	-5.5409	C	45	B	OP1	-10.81	42.686	-5.351	3.9175
228	adenine	1	6	SIMPLE	9	-7.6116	41.4216	-3.4747	C	45	B	OP1	-10.81	42.686	-5.351	3.9178
229	adenine	1	6	SIMPLE	10	-7.6615	42.3898	-4.4169	C	45	B	OP1	-10.81	42.686	-5.351	3.2975
230	adenine	1	6	SIMPLE	1	-6.9752	43.219	-6.4989	C	45	B	OP2	-9.469	44.138	-6.994	2.7035
231	adenine	1	6	SIMPLE	2	-6.9235	42.2326	-5.5409	C	45	B	OP2	-9.469	44.138	-6.994	3.4959
232	adenine	1	6	SIMPLE	10	-7.6615	42.3898	-4.4169	C	45	B	OP2	-9.469	44.138	-6.994	3.6006
233	adenine	1	6	SIMPLE	5	-4.8488	39.4574	-6.2136	G	60	B	C3'	-1.558	38.386	-4.526	3.8504
234	adenine	1	6	SIMPLE	6	-5.3721	39.1479	-4.9873	G	60	B	C3'	-1.558	38.386	-4.526	3.9167
235	adenine	1	6	SIMPLE	5	-4.8488	39.4574	-6.2136	G	60	B	C2'	-1.529	39.724	-5.261	3.464
236	adenine	1	6	SIMPLE	6	-5.3721	39.1479	-4.9873	G	60	B	C2'	-1.529	39.724	-5.261	3.8957
237	adenine	1	6	SIMPLE	5	-4.8488	39.4574	-6.2136	G	60	B	C2	-3.009	36.517	-8.17	3.9822
238	adenine	1	6	SIMPLE	5	-4.8488	39.4574	-6.2136	G	60	B	N3	-2.26	37.326	-7.427	3.5661
239	adenine	1	6	SIMPLE	5	-4.8488	39.4574	-6.2136	G	60	B	C4	-1.757	38.358	-8.148	3.8092
240	adenine	1	6	SIMPLE	6	-5.3721	39.1479	-4.9873	C	61	B	OP2	-3.871	38.131	-1.995	3.4988
241	ligand_6	1	7	SIMPLE	5	-4.1958	45.962	-10.5192	A	43	B	C2	-4.657	47.238	-13.992	3.7284
242	ligand_6	1	7	SIMPLE	5	-4.1958	45.962	-10.5192	A	43	B	N3	-5.351	47.668	-12.938	3.1773
243	ligand_6	1	7	SIMPLE	5	-4.1958	45.962	-10.5192	A	43	B	C4	-5.227	48.999	-12.794	3.9321
244	ligand_6	1	7	SIMPLE	1	-2.0154	44.3388	-10.5046	C	65	B	N3	1.334	45.186	-11.955	3.747
245	ligand_6	1	7	SIMPLE	1	-2.0154	44.3388	-10.5046	C	65	B	C4	1.227	46.301	-11.23	3.8587
246	ligand_6	1	7	SIMPLE	1	-2.0154	44.3388	-10.5046	C	65	B	N4	0.207	46.398	-10.368	3.0328
247	ligand_6	1	7	SIMPLE	1	-2.0154	44.3388	-10.5046	G	66	B	C6	-1.256	46.08	-13.49	3.5385
248	ligand_6	1	7	SIMPLE	1	-2.0154	44.3388	-10.5046	G	66	B	O6	-1.332	44.858	-13.661	3.271
249	ligand_6	1	7	SIMPLE	1	-2.0154	44.3388	-10.5046	G	66	B	N1	-1.938	46.708	-12.45	3.0665
250	ligand_6	1	7	SIMPLE	5	-4.1958	45.962	-10.5192	G	66	B	N1	-1.938	46.708	-12.45	3.063
251	ligand_6	1	7	SIMPLE	5	-4.1958	45.962	-10.5192	G	66	B	C2	-1.902	48.061	-12.199	3.534
252	ligand_6	1	7	SIMPLE	5	-4.1958	45.962	-10.5192	G	66	B	N2	-2.62	48.495	-11.151	3.0493
253	3D2V-native-protonated	1	8	SIMPLE	27	-8.3094	39.1929	-4.7058	G	11	B	O2'	-11.233	37.413	-6.357	3.8003
254	3D2V-native-protonated	1	8	SIMPLE	1	-8.7645	38.7776	1.0307	U	27	B	C2	-6.106	37.33	3.32	3.7953
255	3D2V-native-protonated	1	8	SIMPLE	1	-8.7645	38.7776	1.0307	U	27	B	O2	-5.835	37.627	2.171	3.3476
256	3D2V-native-protonated	1	8	SIMPLE	1	-8.7645	38.7776	1.0307	U	27	B	N3	-7.202	36.566	3.635	3.757
257	3D2V-native-protonated	1	8	SIMPLE	1	-8.7645	38.7776	1.0307	G	28	B	C1'	-8.281	41.479	2.65	3.1864
258	3D2V-native-protonated	1	8	SIMPLE	1	-8.7645	38.7776	1.0307	G	28	B	N9	-8.763	40.567	3.68	3.197
259	3D2V-native-protonated	1	8	SIMPLE	1	-8.7645	38.7776	1.0307	G	28	B	C5	-9.845	38.993	4.756	3.8848
260	3D2V-native-protonated	1	8	SIMPLE	1	-8.7645	38.7776	1.0307	G	28	B	N1	-11.39	37.606	3.709	3.9293
261	3D2V-native-protonated	1	8	SIMPLE	1	-8.7645	38.7776	1.0307	G	28	B	C2	-11.175	38.251	2.514	2.8789
262	3D2V-native-protonated	1	8	SIMPLE	13	-8.6351	38.8981	-0.4882	G	28	B	C2	-11.175	38.251	2.514	3.9854
263	3D2V-native-protonated	1	8	SIMPLE	1	-8.7645	38.7776	1.0307	G	28	B	N2	-11.881	37.813	1.461	3.2906
264	3D2V-native-protonated	1	8	SIMPLE	9	-9.3339	38.0779	-1.2884	G	28	B	N2	-11.881	37.813	1.461	3.7573
265	3D2V-native-protonated	1	8	SIMPLE	13	-8.6351	38.8981	-0.4882	G	28	B	N2	-11.881	37.813	1.461	3.9386
266	3D2V-native-protonated	1	8	SIMPLE	1	-8.7645	38.7776	1.0307	G	28	B	N3	-10.328	39.257	2.359	2.1068
267	3D2V-native-protonated	1	8	SIMPLE	9	-9.3339	38.0779	-1.2884	G	28	B	N3	-10.328	39.257	2.359	3.9601
268	3D2V-native-protonated	1	8	SIMPLE	13	-8.6351	38.8981	-0.4882	G	28	B	N3	-10.328	39.257	2.359	3.3319
269	3D2V-native-protonated	1	8	SIMPLE	1	-8.7645	38.7776	1.0307	G	28	B	C4	-9.701	39.573	3.517	2.7733
270	3D2V-native-protonated	1	8	SIMPLE	13	-8.6351	38.8981	-0.4882	G	30	B	C6	-10.79	41.85	-1.824	3.8912
271	3D2V-native-protonated	1	8	SIMPLE	17	-7.82	39.8277	-1.0057	G	30	B	C6	-10.79	41.85	-1.824	3.6851
272	3D2V-native-protonated	1	8	SIMPLE	21	-7.6897	39.954	-2.3314	G	30	B	C6	-10.79	41.85	-1.824	3.6694
273	3D2V-native-protonated	1	8	SIMPLE	24	-8.4004	39.1141	-3.1808	G	30	B	C6	-10.79	41.85	-1.824	3.8777
274	3D2V-native-protonated	1	8	SIMPLE	13	-8.6351	38.8981	-0.4882	G	30	B	O6	-9.645	42.322	-1.789	3.7994
275	3D2V-native-protonated	1	8	SIMPLE	17	-7.82	39.8277	-1.0057	G	30	B	O6	-9.645	42.322	-1.789	3.1884
276	3D2V-native-protonated	1	8	SIMPLE	21	-7.6897	39.954	-2.3314	G	30	B	O6	-9.645	42.322	-1.789	3.1185
277	3D2V-native-protonated	1	8	SIMPLE	22	-6.8759	40.8816	-2.8365	G	30	B	O6	-9.645	42.322	-1.789	3.2924
278	3D2V-native-protonated	1	8	SIMPLE	24	-8.4004	39.1141	-3.1808	G	30	B	O6	-9.645	42.322	-1.789	3.7117
279	3D2V-native-protonated	1	8	SIMPLE	24	-8.4004	39.1141	-3.1808	G	30	B	N1	-11.356	41.477	-3.043	3.7865
280	3D2V-native-protonated	1	8	SIMPLE	26	-9.236	38.1636	-2.6047	G	30	B	N1	-11.356	41.477	-3.043	3.9579
281	3D2V-native-protonated	1	8	SIMPLE	9	-9.3339	38.0779	-1.2884	A	31	B	N9	-10.338	34.753	0.254	3.8003
282	3D2V-native-protonated	1	8	SIMPLE	1	-8.7645	38.7776	1.0307	A	31	B	C8	-9.715	35.122	1.411	3.7962
283	3D2V-native-protonated	1	8	SIMPLE	1	-8.7645	38.7776	1.0307	A	31	B	N7	-8.547	35.689	1.223	3.1022
284	3D2V-native-protonated	1	8	SIMPLE	9	-9.3339	38.0779	-1.2884	A	31	B	N7	-8.547	35.689	1.223	3.5543
285	3D2V-native-protonated	1	8	SIMPLE	13	-8.6351	38.8981	-0.4882	A	31	B	N7	-8.547	35.689	1.223	3.6379
286	3D2V-native-protonated	1	8	SIMPLE	1	-8.7645	38.7776	1.0307	A	31	B	C5	-8.395	35.694	-0.155	3.3243
287	3D2V-native-protonated	1	8	SIMPLE	9	-9.3339	38.0779	-1.2884	A	31	B	C5	-8.395	35.694	-0.155	2.8016
288	3D2V-native-protonated	1	8	SIMPLE	13	-8.6351	38.8981	-0.4882	A	31	B	C5	-8.395	35.694	-0.155	3.2303
289	3D2V-native-protonated	1	8	SIMPLE	26	-9.236	38.1636	-2.6047	A	31	B	C5	-8.395	35.694	-0.155	3.5787
290	3D2V-native-protonated	1	8	SIMPLE	1	-8.7645	38.7776	1.0307	A	31	B	C6	-7.364	36.158	-0.998	3.5971
291	3D2V-native-protonated	1	8	SIMPLE	9	-9.3339	38.0779	-1.2884	A	31	B	C6	-7.364	36.158	-0.998	2.766
292	3D2V-native-protonated	1	8	SIMPLE	13	-8.6351	38.8981	-0.4882	A	31	B	C6	-7.364	36.158	-0.998	3.0633
293	3D2V-native-protonated	1	8	SIMPLE	17	-7.82	39.8277	-1.0057	A	31	B	C6	-7.364	36.158	-0.998	3.6979
294	3D2V-native-protonated	1	8	SIMPLE	24	-8.4004	39.1141	-3.1808	A	31	B	C6	-7.364	36.158	-0.998	3.818
295	3D2V-native-protonated	1	8	SIMPLE	26	-9.236	38.1636	-2.6047	A	31	B	C6	-7.364	36.158	-0.998	3.1794
296	3D2V-native-protonated	1	8	SIMPLE	1	-8.7645	38.7776	1.0307	A	31	B	N6	-6.245	36.734	-0.549	3.6083
297	3D2V-native-protonated	1	8	SIMPLE	9	-9.3339	38.0779	-1.2884	A	31	B	N6	-6.245	36.734	-0.549	3.4488
298	3D2V-native-protonated	1	8	SIMPLE	13	-8.6351	38.8981	-0.4882	A	31	B	N6	-6.245	36.734	-0.549	3.2248
299	3D2V-native-protonated	1	8	SIMPLE	17	-7.82	39.8277	-1.0057	A	31	B	N6	-6.245	36.734	-0.549	3.5014
300	3D2V-native-protonated	1	8	SIMPLE	21	-7.6897	39.954	-2.3314	A	31	B	N6	-6.245	36.734	-0.549	3.9538
301	3D2V-native-protonated	1	8	SIMPLE	26	-9.236	38.1636	-2.6047	A	31	B	N6	-6.245	36.734	-0.549	3.9007
302	3D2V-native-protonated	1	8	SIMPLE	9	-9.3339	38.0779	-1.2884	A	31	B	N1	-7.53	36.004	-2.329	2.939
303	3D2V-native-protonated	1	8	SIMPLE	12	-6.2976	37.785	-5.0886	A	31	B	N1	-7.53	36.004	-2.329	3.508
304	3D2V-native-protonated	1	8	SIMPLE	13	-8.6351	38.8981	-0.4882	A	31	B	N1	-7.53	36.004	-2.329	3.6036
305	3D2V-native-protonated	1	8	SIMPLE	21	-7.6897	39.954	-2.3314	A	31	B	N1	-7.53	36.004	-2.329	3.9532
306	3D2V-native-protonated	1	8	SIMPLE	24	-8.4004	39.1141	-3.1808	A	31	B	N1	-7.53	36.004	-2.329	3.34
307	3D2V-native-protonated	1	8	SIMPLE	26	-9.236	38.1636	-2.6047	A	31	B	N1	-7.53	36.004	-2.329	2.7659
308	3D2V-native-protonated	1	8	SIMPLE	9	-9.3339	38.0779	-1.2884	A	31	B	C2	-8.65	35.424	-2.777	3.1188
309	3D2V-native-protonated	1	8	SIMPLE	24	-8.4004	39.1141	-3.1808	A	31	B	C2	-8.65	35.424	-2.777	3.7205
310	3D2V-native-protonated	1	8	SIMPLE	26	-9.236	38.1636	-2.6047	A	31	B	C2	-8.65	35.424	-2.777	2.8069
311	3D2V-native-protonated	1	8	SIMPLE	9	-9.3339	38.0779	-1.2884	A	31	B	N3	-9.684	34.949	-2.084	3.2474
312	3D2V-native-protonated	1	8	SIMPLE	26	-9.236	38.1636	-2.6047	A	31	B	N3	-9.684	34.949	-2.084	3.2872
313	3D2V-native-protonated	1	8	SIMPLE	9	-9.3339	38.0779	-1.2884	A	31	B	C4	-9.491	35.116	-0.767	3.0115
314	3D2V-native-protonated	1	8	SIMPLE	13	-8.6351	38.8981	-0.4882	A	31	B	C4	-9.491	35.116	-0.767	3.8878
315	3D2V-native-protonated	1	8	SIMPLE	26	-9.236	38.1636	-2.6047	A	31	B	C4	-9.491	35.116	-0.767	3.5679
316	3D2V-native-protonated	1	8	SIMPLE	19	-3.799	46.4708	-9.8814	A	43	B	N3	-5.351	47.668	-12.938	3.6311
317	3D2V-native-protonated	1	8	SIMPLE	2	-6.8982	41.4905	-5.7701	C	45	B	OP2	-9.469	44.138	-6.994	3.888
318	3D2V-native-protonated	1	8	SIMPLE	10	-5.0416	41.7949	-10.7616	C	46	B	OP2	-7.916	40.521	-11.156	3.1687
319	3D2V-native-protonated	1	8	SIMPLE	8	-4.987	37.6339	-5.5212	G	60	B	C3'	-1.558	38.386	-4.526	3.6488
320	3D2V-native-protonated	1	8	SIMPLE	25	-4.2913	38.7219	-6.0316	G	60	B	C3'	-1.558	38.386	-4.526	3.1386
321	3D2V-native-protonated	1	8	SIMPLE	25	-4.2913	38.7219	-6.0316	G	60	B	O3'	-1.738	38.632	-3.143	3.8564
322	3D2V-native-protonated	1	8	SIMPLE	3	-4.042	41.1166	-6.6971	G	60	B	C2'	-1.529	39.724	-5.261	3.212
323	3D2V-native-protonated	1	8	SIMPLE	4	-3.5757	40.7232	-8.096	G	60	B	C2'	-1.529	39.724	-5.261	3.6366
324	3D2V-native-protonated	1	8	SIMPLE	23	-4.889	39.9737	-6.1255	G	60	B	C2'	-1.529	39.724	-5.261	3.4784
325	3D2V-native-protonated	1	8	SIMPLE	25	-4.2913	38.7219	-6.0316	G	60	B	C2'	-1.529	39.724	-5.261	3.0378
326	3D2V-native-protonated	1	8	SIMPLE	3	-4.042	41.1166	-6.6971	G	60	B	O2'	-1.157	40.772	-4.388	3.7113
327	3D2V-native-protonated	1	8	SIMPLE	3	-4.042	41.1166	-6.6971	G	60	B	C1'	-0.447	39.546	-6.32	3.9412
328	3D2V-native-protonated	1	8	SIMPLE	4	-3.5757	40.7232	-8.096	G	60	B	C1'	-0.447	39.546	-6.32	3.7853
329	3D2V-native-protonated	1	8	SIMPLE	25	-4.2913	38.7219	-6.0316	G	60	B	C1'	-0.447	39.546	-6.32	3.9422
330	3D2V-native-protonated	1	8	SIMPLE	3	-4.042	41.1166	-6.6971	G	60	B	N9	-0.949	39.373	-7.678	3.6836
331	3D2V-native-protonated	1	8	SIMPLE	4	-3.5757	40.7232	-8.096	G	60	B	N9	-0.949	39.373	-7.678	2.9828
332	3D2V-native-protonated	1	8	SIMPLE	5	-3.2037	41.8845	-8.8495	G	60	B	N9	-0.949	39.373	-7.678	3.5726
333	3D2V-native-protonated	1	8	SIMPLE	25	-4.2913	38.7219	-6.0316	G	60	B	N9	-0.949	39.373	-7.678	3.7823
334	3D2V-native-protonated	1	8	SIMPLE	4	-3.5757	40.7232	-8.096	G	60	B	C8	-0.689	40.19	-8.751	3.0077
335	3D2V-native-protonated	1	8	SIMPLE	5	-3.2037	41.8845	-8.8495	G	60	B	C8	-0.689	40.19	-8.751	3.0339
336	3D2V-native-protonated	1	8	SIMPLE	4	-3.5757	40.7232	-8.096	G	60	B	N7	-1.26	39.787	-9.85	3.0521
337	3D2V-native-protonated	1	8	SIMPLE	5	-3.2037	41.8845	-8.8495	G	60	B	N7	-1.26	39.787	-9.85	3.0296
338	3D2V-native-protonated	1	8	SIMPLE	4	-3.5757	40.7232	-8.096	G	60	B	C5	-1.941	38.632	-9.484	2.9953
339	3D2V-native-protonated	1	8	SIMPLE	5	-3.2037	41.8845	-8.8495	G	60	B	C5	-1.941	38.632	-9.484	3.5462
340	3D2V-native-protonated	1	8	SIMPLE	4	-3.5757	40.7232	-8.096	G	60	B	C6	-2.742	37.763	-10.261	3.761
341	3D2V-native-protonated	1	8	SIMPLE	8	-4.987	37.6339	-5.5212	G	60	B	C2	-3.009	36.517	-8.17	3.4894
342	3D2V-native-protonated	1	8	SIMPLE	25	-4.2913	38.7219	-6.0316	G	60	B	C2	-3.009	36.517	-8.17	3.3285
343	3D2V-native-protonated	1	8	SIMPLE	8	-4.987	37.6339	-5.5212	G	60	B	N2	-3.586	35.439	-7.62	3.3444
344	3D2V-native-protonated	1	8	SIMPLE	25	-4.2913	38.7219	-6.0316	G	60	B	N2	-3.586	35.439	-7.62	3.7146
345	3D2V-native-protonated	1	8	SIMPLE	4	-3.5757	40.7232	-8.096	G	60	B	N3	-2.26	37.326	-7.427	3.704
346	3D2V-native-protonated	1	8	SIMPLE	8	-4.987	37.6339	-5.5212	G	60	B	N3	-2.26	37.326	-7.427	3.3412
347	3D2V-native-protonated	1	8	SIMPLE	23	-4.889	39.9737	-6.1255	G	60	B	N3	-2.26	37.326	-7.427	3.9517
348	3D2V-native-protonated	1	8	SIMPLE	25	-4.2913	38.7219	-6.0316	G	60	B	N3	-2.26	37.326	-7.427	2.8323
349	3D2V-native-protonated	1	8	SIMPLE	3	-4.042	41.1166	-6.6971	G	60	B	C4	-1.757	38.358	-8.148	3.8647
350	3D2V-native-protonated	1	8	SIMPLE	4	-3.5757	40.7232	-8.096	G	60	B	C4	-1.757	38.358	-8.148	2.984
351	3D2V-native-protonated	1	8	SIMPLE	5	-3.2037	41.8845	-8.8495	G	60	B	C4	-1.757	38.358	-8.148	3.8757
352	3D2V-native-protonated	1	8	SIMPLE	25	-4.2913	38.7219	-6.0316	G	60	B	C4	-1.757	38.358	-8.148	3.3218
353	3D2V-native-protonated	1	8	SIMPLE	8	-4.987	37.6339	-5.5212	C	61	B	OP2	-3.871	38.131	-1.995	3.7318
354	3D2V-native-protonated	1	8	SIMPLE	12	-6.2976	37.785	-5.0886	C	61	B	OP2	-3.871	38.131	-1.995	3.947
355	3D2V-native-protonated	1	8	SIMPLE	11	-1.4896	45.5035	-9.9791	C	65	B	N3	1.334	45.186	-11.955	3.4609
356	3D2V-native-protonated	1	8	SIMPLE	11	-1.4896	45.5035	-9.9791	C	65	B	C4	1.227	46.301	-11.23	3.0953
357	3D2V-native-protonated	1	8	SIMPLE	7	-2.8957	45.2127	-9.6317	C	65	B	N4	0.207	46.398	-10.368	3.402
358	3D2V-native-protonated	1	8	SIMPLE	11	-1.4896	45.5035	-9.9791	C	65	B	N4	0.207	46.398	-10.368	1.957
359	3D2V-native-protonated	1	8	SIMPLE	11	-1.4896	45.5035	-9.9791	G	66	B	C6	-1.256	46.08	-13.49	3.5656
360	3D2V-native-protonated	1	8	SIMPLE	11	-1.4896	45.5035	-9.9791	G	66	B	O6	-1.332	44.858	-13.661	3.7414
361	3D2V-native-protonated	1	8	SIMPLE	7	-2.8957	45.2127	-9.6317	G	66	B	N1	-1.938	46.708	-12.45	3.331
362	3D2V-native-protonated	1	8	SIMPLE	11	-1.4896	45.5035	-9.9791	G	66	B	N1	-1.938	46.708	-12.45	2.7852
363	3D2V-native-protonated	1	8	SIMPLE	18	-3.5096	43.9442	-10.3975	G	66	B	N1	-1.938	46.708	-12.45	3.7844
364	3D2V-native-protonated	1	8	SIMPLE	19	-3.799	46.4708	-9.8814	G	66	B	N1	-1.938	46.708	-12.45	3.1808
365	3D2V-native-protonated	1	8	SIMPLE	7	-2.8957	45.2127	-9.6317	G	66	B	C2	-1.902	48.061	-12.199	3.9612
366	3D2V-native-protonated	1	8	SIMPLE	11	-1.4896	45.5035	-9.9791	G	66	B	C2	-1.902	48.061	-12.199	3.4116
367	3D2V-native-protonated	1	8	SIMPLE	19	-3.799	46.4708	-9.8814	G	66	B	C2	-1.902	48.061	-12.199	3.391
368	3D2V-native-protonated	1	8	SIMPLE	7	-2.8957	45.2127	-9.6317	G	66	B	N2	-2.62	48.495	-11.151	3.6274
369	3D2V-native-protonated	1	8	SIMPLE	11	-1.4896	45.5035	-9.9791	G	66	B	N2	-2.62	48.495	-11.151	3.4059
370	3D2V-native-protonated	1	8	SIMPLE	19	-3.799	46.4708	-9.8814	G	66	B	N2	-2.62	48.495	-11.151	2.6644
