	Ligand_name	Ligand_pose	Ligand_occurrence_in_sdf	Interaction	Ligand_Atom	Ligand_X	Ligand_Y	Ligand_Z	Receptor_Residue_Name	Receptor_Number	Receptor_Chain	Receptor_Atom	Receptor_X	Receptor_Y	Receptor_Z	Distance
0	molecule_00001	1	1	PBS	9	-5.7407	-3.9309	1.1854	A	22	A	P	-8.41	-1.388	1.72	3.7252
1	molecule_00001	1	1	PBS	9	-5.7407	-3.9309	1.1854	A	22	A	OP1	-9.327	-2.535	1.945	3.9226
2	molecule_00001	1	1	PBS	8	-4.2783	-3.5077	1.2037	A	22	A	OP2	-7.064	-1.394	2.347	3.679
3	molecule_00001	1	1	PBS	9	-5.7407	-3.9309	1.1854	A	22	A	OP2	-7.064	-1.394	2.347	3.0881
4	molecule_00001	1	1	PBS	11	-4.2014	-1.9875	1.2431	A	22	A	OP2	-7.064	-1.394	2.347	3.125
5	molecule_00001	1	1	PBS	9	-5.7407	-3.9309	1.1854	A	22	A	O5'	-8.226	-1.2	0.147	3.8357
6	molecule_00001	1	1	PBS	2	-5.1147	-4.1842	-1.9878	A	22	A	C3'	-7.945	-1.879	-2.84	3.7484
7	molecule_00001	1	1	PBS	3	-5.5062	-3.7968	-3.2699	A	22	A	C3'	-7.945	-1.879	-2.84	3.1322
8	molecule_00001	1	1	PBS	4	-4.8053	-2.7981	-3.9418	A	22	A	C3'	-7.945	-1.879	-2.84	3.452
9	molecule_00001	1	1	PBS	2	-5.1147	-4.1842	-1.9878	A	22	A	O3'	-8.56	-3.085	-3.339	3.8606
10	molecule_00001	1	1	PBS	3	-5.5062	-3.7968	-3.2699	A	22	A	O3'	-8.56	-3.085	-3.339	3.1364
11	molecule_00001	1	1	PBS	4	-4.8053	-2.7981	-3.9418	A	22	A	O3'	-8.56	-3.085	-3.339	3.8136
12	molecule_00001	1	1	PBS	3	-5.5062	-3.7968	-3.2699	A	22	A	C2'	-7.363	-0.965	-3.92	3.4481
13	molecule_00001	1	1	PBS	4	-4.8053	-2.7981	-3.9418	A	22	A	C2'	-7.363	-0.965	-3.92	3.1468
14	molecule_00001	1	1	PBS	5	-3.7291	-2.1665	-3.3232	A	22	A	C2'	-7.363	-0.965	-3.92	3.8736
15	molecule_00001	1	1	PBS	4	-4.8053	-2.7981	-3.9418	A	22	A	N9	-5.903	0.485	-2.48	3.7577
16	molecule_00001	1	1	PBS	5	-3.7291	-2.1665	-3.3232	A	22	A	N9	-5.903	0.485	-2.48	3.5309
17	molecule_00001	1	1	PBS	6	-3.3361	-2.5489	-2.0403	A	22	A	N9	-5.903	0.485	-2.48	3.9984
18	molecule_00001	1	1	PBS	5	-3.7291	-2.1665	-3.3232	A	22	A	C8	-5.6	0.436	-1.139	3.8787
19	molecule_00001	1	1	PBS	6	-3.3361	-2.5489	-2.0403	A	22	A	C8	-5.6	0.436	-1.139	3.8532
20	molecule_00001	1	1	PBS	11	-4.2014	-1.9875	1.2431	A	22	A	C8	-5.6	0.436	-1.139	3.6748
21	molecule_00001	1	1	PBS	5	-3.7291	-2.1665	-3.3232	A	22	A	N7	-4.333	0.639	-0.874	3.7728
22	molecule_00001	1	1	PBS	6	-3.3361	-2.5489	-2.0403	A	22	A	N7	-4.333	0.639	-0.874	3.5379
23	molecule_00001	1	1	PBS	11	-4.2014	-1.9875	1.2431	A	22	A	N7	-4.333	0.639	-0.874	3.3761
24	molecule_00001	1	1	PBS	5	-3.7291	-2.1665	-3.3232	A	22	A	C5	-3.755	0.815	-2.122	3.2145
25	molecule_00001	1	1	PBS	6	-3.3361	-2.5489	-2.0403	A	22	A	C5	-3.755	0.815	-2.122	3.3909
26	molecule_00001	1	1	PBS	5	-3.7291	-2.1665	-3.3232	A	22	A	C6	-2.428	1.06	-2.528	3.5687
27	molecule_00001	1	1	PBS	6	-3.3361	-2.5489	-2.0403	A	22	A	C6	-2.428	1.06	-2.528	3.7532
28	molecule_00001	1	1	PBS	5	-3.7291	-2.1665	-3.3232	A	22	A	N1	-2.182	1.177	-3.856	3.7224
29	molecule_00001	1	1	PBS	5	-3.7291	-2.1665	-3.3232	A	22	A	C2	-3.208	1.056	-4.714	3.5483
30	molecule_00001	1	1	PBS	4	-4.8053	-2.7981	-3.9418	A	22	A	N3	-4.5	0.834	-4.453	3.6806
31	molecule_00001	1	1	PBS	5	-3.7291	-2.1665	-3.3232	A	22	A	N3	-4.5	0.834	-4.453	3.2975
32	molecule_00001	1	1	PBS	4	-4.8053	-2.7981	-3.9418	A	22	A	C4	-4.709	0.72	-3.123	3.6134
33	molecule_00001	1	1	PBS	5	-3.7291	-2.1665	-3.3232	A	22	A	C4	-4.709	0.72	-3.123	3.0549
34	molecule_00001	1	1	PBS	6	-3.3361	-2.5489	-2.0403	A	22	A	C4	-4.709	0.72	-3.123	3.7071
35	molecule_00001	1	1	PBS	3	-5.5062	-3.7968	-3.2699	U	23	A	C5'	-7.449	-3.717	-5.917	3.2845
36	molecule_00001	1	1	PBS	4	-4.8053	-2.7981	-3.9418	U	23	A	C5'	-7.449	-3.717	-5.917	3.4256
37	molecule_00001	1	1	PBS	4	-4.8053	-2.7981	-3.9418	U	23	A	C4'	-6.755	-3.422	-7.226	3.87
38	molecule_00001	1	1	PBS	3	-5.5062	-3.7968	-3.2699	U	23	A	O4'	-5.318	-3.46	-7.005	3.755
39	molecule_00001	1	1	PBS	4	-4.8053	-2.7981	-3.9418	U	23	A	O4'	-5.318	-3.46	-7.005	3.1756
40	molecule_00001	1	1	PBS	3	-5.5062	-3.7968	-3.2699	U	23	A	C5	-2.807	-5.779	-4.874	3.7132
41	molecule_00001	1	1	PBS	4	-4.8053	-2.7981	-3.9418	U	23	A	C5	-2.807	-5.779	-4.874	3.7078
42	molecule_00001	1	1	PBS	3	-5.5062	-3.7968	-3.2699	U	23	A	C6	-3.749	-5.187	-5.621	3.2478
43	molecule_00001	1	1	PBS	4	-4.8053	-2.7981	-3.9418	U	23	A	C6	-3.749	-5.187	-5.621	3.1052
44	molecule_00001	1	1	PBS	5	-3.7291	-2.1665	-3.3232	U	23	A	C6	-3.749	-5.187	-5.621	3.7952
45	molecule_00001	1	1	PBS	4	-4.8053	-2.7981	-3.9418	G	26	A	N7	-3.07	-1.483	-6.814	3.6042
46	molecule_00001	1	1	PBS	5	-3.7291	-2.1665	-3.3232	G	26	A	N7	-3.07	-1.483	-6.814	3.6176
47	molecule_00001	1	1	PBS	5	-3.7291	-2.1665	-3.3232	G	26	A	C6	-0.835	-1.643	-5.591	3.7139
48	molecule_00001	1	1	PBS	4	-4.8053	-2.7981	-3.9418	G	26	A	O6	-1.153	-1.866	-4.417	3.7992
49	molecule_00001	1	1	PBS	5	-3.7291	-2.1665	-3.3232	G	26	A	O6	-1.153	-1.866	-4.417	2.8148
50	molecule_00001	1	1	PBS	6	-3.3361	-2.5489	-2.0403	G	26	A	O6	-1.153	-1.866	-4.417	3.2986
51	molecule_00001	2	2	PBS	7	-6.4133	-3.3747	-0.4535	A	22	A	P	-8.41	-1.388	1.72	3.5578
52	molecule_00001	2	2	PBS	7	-6.4133	-3.3747	-0.4535	A	22	A	OP1	-9.327	-2.535	1.945	3.8662
53	molecule_00001	2	2	PBS	10	-7.9972	-5.1973	0.1507	A	22	A	OP1	-9.327	-2.535	1.945	3.475
54	molecule_00001	2	2	PBS	7	-6.4133	-3.3747	-0.4535	A	22	A	OP2	-7.064	-1.394	2.347	3.4913
55	molecule_00001	2	2	PBS	1	-5.0959	-2.8995	-1.0111	A	22	A	O5'	-8.226	-1.2	0.147	3.7453
56	molecule_00001	2	2	PBS	7	-6.4133	-3.3747	-0.4535	A	22	A	O5'	-8.226	-1.2	0.147	2.8941
57	molecule_00001	2	2	PBS	7	-6.4133	-3.3747	-0.4535	A	22	A	C5'	-9.327	-1.357	-0.746	3.5562
58	molecule_00001	2	2	PBS	7	-6.4133	-3.3747	-0.4535	A	22	A	C4'	-8.929	-0.955	-2.149	3.8805
59	molecule_00001	2	2	PBS	1	-5.0959	-2.8995	-1.0111	A	22	A	C3'	-7.945	-1.879	-2.84	3.536
60	molecule_00001	2	2	PBS	2	-4.9063	-2.7818	-2.3975	A	22	A	C3'	-7.945	-1.879	-2.84	3.2007
61	molecule_00001	2	2	PBS	7	-6.4133	-3.3747	-0.4535	A	22	A	C3'	-7.945	-1.879	-2.84	3.206
62	molecule_00001	2	2	PBS	11	-6.6869	-5.4004	-1.9414	A	22	A	C3'	-7.945	-1.879	-2.84	3.8458
63	molecule_00001	2	2	PBS	2	-4.9063	-2.7818	-2.3975	A	22	A	O3'	-8.56	-3.085	-3.339	3.7852
64	molecule_00001	2	2	PBS	7	-6.4133	-3.3747	-0.4535	A	22	A	O3'	-8.56	-3.085	-3.339	3.6081
65	molecule_00001	2	2	PBS	8	-6.6524	-4.902	-0.5031	A	22	A	O3'	-8.56	-3.085	-3.339	3.8708
66	molecule_00001	2	2	PBS	11	-6.6869	-5.4004	-1.9414	A	22	A	O3'	-8.56	-3.085	-3.339	3.2898
67	molecule_00001	2	2	PBS	2	-4.9063	-2.7818	-2.3975	A	22	A	C2'	-7.363	-0.965	-3.92	3.4138
68	molecule_00001	2	2	PBS	2	-4.9063	-2.7818	-2.3975	A	22	A	C1'	-7.217	0.332	-3.117	3.9437
69	molecule_00001	2	2	PBS	1	-5.0959	-2.8995	-1.0111	A	22	A	N9	-5.903	0.485	-2.48	3.7768
70	molecule_00001	2	2	PBS	2	-4.9063	-2.7818	-2.3975	A	22	A	N9	-5.903	0.485	-2.48	3.4165
71	molecule_00001	2	2	PBS	3	-3.6594	-2.4294	-2.9153	A	22	A	N9	-5.903	0.485	-2.48	3.7036
72	molecule_00001	2	2	PBS	1	-5.0959	-2.8995	-1.0111	A	22	A	C8	-5.6	0.436	-1.139	3.3758
73	molecule_00001	2	2	PBS	2	-4.9063	-2.7818	-2.3975	A	22	A	C8	-5.6	0.436	-1.139	3.5241
74	molecule_00001	2	2	PBS	3	-3.6594	-2.4294	-2.9153	A	22	A	C8	-5.6	0.436	-1.139	3.89
75	molecule_00001	2	2	PBS	5	-2.7762	-2.2541	-0.6774	A	22	A	C8	-5.6	0.436	-1.139	3.9273
76	molecule_00001	2	2	PBS	6	-4.022	-2.6033	-0.1554	A	22	A	C8	-5.6	0.436	-1.139	3.563
77	molecule_00001	2	2	PBS	7	-6.4133	-3.3747	-0.4535	A	22	A	C8	-5.6	0.436	-1.139	3.9564
78	molecule_00001	2	2	PBS	1	-5.0959	-2.8995	-1.0111	A	22	A	N7	-4.333	0.639	-0.874	3.6224
79	molecule_00001	2	2	PBS	2	-4.9063	-2.7818	-2.3975	A	22	A	N7	-4.333	0.639	-0.874	3.7884
80	molecule_00001	2	2	PBS	3	-3.6594	-2.4294	-2.9153	A	22	A	N7	-4.333	0.639	-0.874	3.7464
81	molecule_00001	2	2	PBS	4	-2.5922	-2.179	-2.056	A	22	A	N7	-4.333	0.639	-0.874	3.5169
82	molecule_00001	2	2	PBS	5	-2.7762	-2.2541	-0.6774	A	22	A	N7	-4.333	0.639	-0.874	3.2912
83	molecule_00001	2	2	PBS	6	-4.022	-2.6033	-0.1554	A	22	A	N7	-4.333	0.639	-0.874	3.3355
84	molecule_00001	2	2	PBS	2	-4.9063	-2.7818	-2.3975	A	22	A	C5	-3.755	0.815	-2.122	3.7866
85	molecule_00001	2	2	PBS	3	-3.6594	-2.4294	-2.9153	A	22	A	C5	-3.755	0.815	-2.122	3.3414
86	molecule_00001	2	2	PBS	4	-2.5922	-2.179	-2.056	A	22	A	C5	-3.755	0.815	-2.122	3.2125
87	molecule_00001	2	2	PBS	5	-2.7762	-2.2541	-0.6774	A	22	A	C5	-3.755	0.815	-2.122	3.5305
88	molecule_00001	2	2	PBS	6	-4.022	-2.6033	-0.1554	A	22	A	C5	-3.755	0.815	-2.122	3.9527
89	molecule_00001	2	2	PBS	3	-3.6594	-2.4294	-2.9153	A	22	A	C6	-2.428	1.06	-2.528	3.7205
90	molecule_00001	2	2	PBS	4	-2.5922	-2.179	-2.056	A	22	A	C6	-2.428	1.06	-2.528	3.2773
91	molecule_00001	2	2	PBS	5	-2.7762	-2.2541	-0.6774	A	22	A	C6	-2.428	1.06	-2.528	3.8117
92	molecule_00001	2	2	PBS	4	-2.5922	-2.179	-2.056	A	22	A	N6	-1.406	1.184	-1.677	3.5862
93	molecule_00001	2	2	PBS	5	-2.7762	-2.2541	-0.6774	A	22	A	N6	-1.406	1.184	-1.677	3.8337
94	molecule_00001	2	2	PBS	4	-2.5922	-2.179	-2.056	A	22	A	N1	-2.182	1.177	-3.856	3.8303
95	molecule_00001	2	2	PBS	3	-3.6594	-2.4294	-2.9153	A	22	A	C2	-3.208	1.056	-4.714	3.948
96	molecule_00001	2	2	PBS	3	-3.6594	-2.4294	-2.9153	A	22	A	N3	-4.5	0.834	-4.453	3.7042
97	molecule_00001	2	2	PBS	2	-4.9063	-2.7818	-2.3975	A	22	A	C4	-4.709	0.72	-3.123	3.5816
98	molecule_00001	2	2	PBS	3	-3.6594	-2.4294	-2.9153	A	22	A	C4	-4.709	0.72	-3.123	3.3262
99	molecule_00001	2	2	PBS	4	-2.5922	-2.179	-2.056	A	22	A	C4	-4.709	0.72	-3.123	3.7448
100	molecule_00001	2	2	PBS	3	-3.6594	-2.4294	-2.9153	U	23	A	C5	-2.807	-5.779	-4.874	3.9728
101	molecule_00001	2	2	PBS	3	-3.6594	-2.4294	-2.9153	U	23	A	C6	-3.749	-5.187	-5.621	3.8644
102	molecule_00001	2	2	PBS	3	-3.6594	-2.4294	-2.9153	G	26	A	C6	-0.835	-1.643	-5.591	3.9693
103	molecule_00001	2	2	PBS	4	-2.5922	-2.179	-2.056	G	26	A	C6	-0.835	-1.643	-5.591	3.9839
104	molecule_00001	2	2	PBS	3	-3.6594	-2.4294	-2.9153	G	26	A	O6	-1.153	-1.866	-4.417	2.9757
105	molecule_00001	2	2	PBS	4	-2.5922	-2.179	-2.056	G	26	A	O6	-1.153	-1.866	-4.417	2.7827
106	molecule_00002	1	3	PBS	1	-4.7627	-3.4775	-1.52	A	22	A	C3'	-7.945	-1.879	-2.84	3.798
107	molecule_00002	1	3	PBS	2	-5.4766	-3.6996	-2.6937	A	22	A	C3'	-7.945	-1.879	-2.84	3.0707
108	molecule_00002	1	3	PBS	3	-5.0505	-3.0931	-3.8683	A	22	A	C3'	-7.945	-1.879	-2.84	3.303
109	molecule_00002	1	3	PBS	2	-5.4766	-3.6996	-2.6937	A	22	A	O3'	-8.56	-3.085	-3.339	3.2096
110	molecule_00002	1	3	PBS	3	-5.0505	-3.0931	-3.8683	A	22	A	O3'	-8.56	-3.085	-3.339	3.5492
111	molecule_00002	1	3	PBS	2	-5.4766	-3.6996	-2.6937	A	22	A	C2'	-7.363	-0.965	-3.92	3.5412
112	molecule_00002	1	3	PBS	3	-5.0505	-3.0931	-3.8683	A	22	A	C2'	-7.363	-0.965	-3.92	3.1431
113	molecule_00002	1	3	PBS	4	-3.9626	-2.3051	-3.8579	A	22	A	C2'	-7.363	-0.965	-3.92	3.6555
114	molecule_00002	1	3	PBS	3	-5.0505	-3.0931	-3.8683	A	22	A	N9	-5.903	0.485	-2.48	3.9315
115	molecule_00002	1	3	PBS	4	-3.9626	-2.3051	-3.8579	A	22	A	N9	-5.903	0.485	-2.48	3.6672
116	molecule_00002	1	3	PBS	5	-3.2534	-2.0719	-2.7413	A	22	A	N9	-5.903	0.485	-2.48	3.6914
117	molecule_00002	1	3	PBS	6	-3.6397	-2.6559	-1.5417	A	22	A	N9	-5.903	0.485	-2.48	3.9835
118	molecule_00002	1	3	PBS	5	-3.2534	-2.0719	-2.7413	A	22	A	C8	-5.6	0.436	-1.139	3.7899
119	molecule_00002	1	3	PBS	6	-3.6397	-2.6559	-1.5417	A	22	A	C8	-5.6	0.436	-1.139	3.683
120	molecule_00002	1	3	PBS	5	-3.2534	-2.0719	-2.7413	A	22	A	N7	-4.333	0.639	-0.874	3.4643
121	molecule_00002	1	3	PBS	6	-3.6397	-2.6559	-1.5417	A	22	A	N7	-4.333	0.639	-0.874	3.4326
122	molecule_00002	1	3	PBS	4	-3.9626	-2.3051	-3.8579	A	22	A	C5	-3.755	0.815	-2.122	3.5765
123	molecule_00002	1	3	PBS	5	-3.2534	-2.0719	-2.7413	A	22	A	C5	-3.755	0.815	-2.122	2.9949
124	molecule_00002	1	3	PBS	6	-3.6397	-2.6559	-1.5417	A	22	A	C5	-3.755	0.815	-2.122	3.521
125	molecule_00002	1	3	PBS	4	-3.9626	-2.3051	-3.8579	A	22	A	C6	-2.428	1.06	-2.528	3.9303
126	molecule_00002	1	3	PBS	5	-3.2534	-2.0719	-2.7413	A	22	A	C6	-2.428	1.06	-2.528	3.2459
127	molecule_00002	1	3	PBS	5	-3.2534	-2.0719	-2.7413	A	22	A	N6	-1.406	1.184	-1.677	3.8918
128	molecule_00002	1	3	PBS	4	-3.9626	-2.3051	-3.8579	A	22	A	N1	-2.182	1.177	-3.856	3.911
129	molecule_00002	1	3	PBS	5	-3.2534	-2.0719	-2.7413	A	22	A	N1	-2.182	1.177	-3.856	3.598
130	molecule_00002	1	3	PBS	4	-3.9626	-2.3051	-3.8579	A	22	A	C2	-3.208	1.056	-4.714	3.5496
131	molecule_00002	1	3	PBS	5	-3.2534	-2.0719	-2.7413	A	22	A	C2	-3.208	1.056	-4.714	3.6983
132	molecule_00002	1	3	PBS	4	-3.9626	-2.3051	-3.8579	A	22	A	N3	-4.5	0.834	-4.453	3.2399
133	molecule_00002	1	3	PBS	5	-3.2534	-2.0719	-2.7413	A	22	A	N3	-4.5	0.834	-4.453	3.5956
134	molecule_00002	1	3	PBS	3	-5.0505	-3.0931	-3.8683	A	22	A	C4	-4.709	0.72	-3.123	3.9002
135	molecule_00002	1	3	PBS	4	-3.9626	-2.3051	-3.8579	A	22	A	C4	-4.709	0.72	-3.123	3.2013
136	molecule_00002	1	3	PBS	5	-3.2534	-2.0719	-2.7413	A	22	A	C4	-4.709	0.72	-3.123	3.1716
137	molecule_00002	1	3	PBS	6	-3.6397	-2.6559	-1.5417	A	22	A	C4	-4.709	0.72	-3.123	3.8782
138	molecule_00002	1	3	PBS	2	-5.4766	-3.6996	-2.6937	U	23	A	C5'	-7.449	-3.717	-5.917	3.7789
139	molecule_00002	1	3	PBS	3	-5.0505	-3.0931	-3.8683	U	23	A	C5'	-7.449	-3.717	-5.917	3.2155
140	molecule_00002	1	3	PBS	3	-5.0505	-3.0931	-3.8683	U	23	A	C4'	-6.755	-3.422	-7.226	3.7799
141	molecule_00002	1	3	PBS	3	-5.0505	-3.0931	-3.8683	U	23	A	O4'	-5.318	-3.46	-7.005	3.1694
142	molecule_00002	1	3	PBS	4	-3.9626	-2.3051	-3.8579	U	23	A	O4'	-5.318	-3.46	-7.005	3.616
143	molecule_00002	1	3	PBS	3	-5.0505	-3.0931	-3.8683	U	23	A	N1	-3.681	-5.142	-7.001	3.9859
144	molecule_00002	1	3	PBS	3	-5.0505	-3.0931	-3.8683	U	23	A	C5	-2.807	-5.779	-4.874	3.6413
145	molecule_00002	1	3	PBS	4	-3.9626	-2.3051	-3.8579	U	23	A	C5	-2.807	-5.779	-4.874	3.7994
146	molecule_00002	1	3	PBS	2	-5.4766	-3.6996	-2.6937	U	23	A	C6	-3.749	-5.187	-5.621	3.7103
147	molecule_00002	1	3	PBS	3	-5.0505	-3.0931	-3.8683	U	23	A	C6	-3.749	-5.187	-5.621	3.0249
148	molecule_00002	1	3	PBS	4	-3.9626	-2.3051	-3.8579	U	23	A	C6	-3.749	-5.187	-5.621	3.3852
149	molecule_00002	1	3	PBS	3	-5.0505	-3.0931	-3.8683	G	26	A	N7	-3.07	-1.483	-6.814	3.8977
150	molecule_00002	1	3	PBS	4	-3.9626	-2.3051	-3.8579	G	26	A	N7	-3.07	-1.483	-6.814	3.1955
151	molecule_00002	1	3	PBS	4	-3.9626	-2.3051	-3.8579	G	26	A	C5	-1.686	-1.461	-6.717	3.751
152	molecule_00002	1	3	PBS	4	-3.9626	-2.3051	-3.8579	G	26	A	C6	-0.835	-1.643	-5.591	3.6365
153	molecule_00002	1	3	PBS	5	-3.2534	-2.0719	-2.7413	G	26	A	C6	-0.835	-1.643	-5.591	3.7621
154	molecule_00002	1	3	PBS	4	-3.9626	-2.3051	-3.8579	G	26	A	O6	-1.153	-1.866	-4.417	2.8981
155	molecule_00002	1	3	PBS	5	-3.2534	-2.0719	-2.7413	G	26	A	O6	-1.153	-1.866	-4.417	2.6948
156	molecule_00002	1	3	PBS	6	-3.6397	-2.6559	-1.5417	G	26	A	O6	-1.153	-1.866	-4.417	3.8826
157	molecule_00006	1	4	PBS	3	-4.4146	-2.7043	-3.8265	A	22	A	C3'	-7.945	-1.879	-2.84	3.7574
158	molecule_00006	1	4	PBS	4	-5.4087	-3.5639	-3.3587	A	22	A	C3'	-7.945	-1.879	-2.84	3.0888
159	molecule_00006	1	4	PBS	5	-5.4561	-3.9078	-2.0075	A	22	A	C3'	-7.945	-1.879	-2.84	3.3172
160	molecule_00006	1	4	PBS	4	-5.4087	-3.5639	-3.3587	A	22	A	O3'	-8.56	-3.085	-3.339	3.1875
161	molecule_00006	1	4	PBS	5	-5.4561	-3.9078	-2.0075	A	22	A	O3'	-8.56	-3.085	-3.339	3.4762
162	molecule_00006	1	4	PBS	3	-4.4146	-2.7043	-3.8265	A	22	A	C2'	-7.363	-0.965	-3.92	3.4245
163	molecule_00006	1	4	PBS	4	-5.4087	-3.5639	-3.3587	A	22	A	C2'	-7.363	-0.965	-3.92	3.2998
164	molecule_00006	1	4	PBS	5	-5.4561	-3.9078	-2.0075	A	22	A	C2'	-7.363	-0.965	-3.92	3.9942
165	molecule_00006	1	4	PBS	1	-3.5161	-2.533	-1.5929	A	22	A	N9	-5.903	0.485	-2.48	3.9487
166	molecule_00006	1	4	PBS	2	-3.4652	-2.1867	-2.9435	A	22	A	N9	-5.903	0.485	-2.48	3.6463
167	molecule_00006	1	4	PBS	3	-4.4146	-2.7043	-3.8265	A	22	A	N9	-5.903	0.485	-2.48	3.7683
168	molecule_00006	1	4	PBS	1	-3.5161	-2.533	-1.5929	A	22	A	C8	-5.6	0.436	-1.139	3.6556
169	molecule_00006	1	4	PBS	2	-3.4652	-2.1867	-2.9435	A	22	A	C8	-5.6	0.436	-1.139	3.833
170	molecule_00006	1	4	PBS	6	-4.5087	-3.3924	-1.1211	A	22	A	C8	-5.6	0.436	-1.139	3.9809
171	molecule_00006	1	4	PBS	1	-3.5161	-2.533	-1.5929	A	22	A	N7	-4.333	0.639	-0.874	3.3535
172	molecule_00006	1	4	PBS	2	-3.4652	-2.1867	-2.9435	A	22	A	N7	-4.333	0.639	-0.874	3.6084
173	molecule_00006	1	4	PBS	7	-2.1039	-1.7637	-0.2754	A	22	A	N7	-4.333	0.639	-0.874	3.3317
174	molecule_00006	1	4	PBS	1	-3.5161	-2.533	-1.5929	A	22	A	C5	-3.755	0.815	-2.122	3.398
175	molecule_00006	1	4	PBS	2	-3.4652	-2.1867	-2.9435	A	22	A	C5	-3.755	0.815	-2.122	3.1256
176	molecule_00006	1	4	PBS	3	-4.4146	-2.7043	-3.8265	A	22	A	C5	-3.755	0.815	-2.122	3.9656
177	molecule_00006	1	4	PBS	7	-2.1039	-1.7637	-0.2754	A	22	A	C5	-3.755	0.815	-2.122	3.5757
178	molecule_00006	1	4	PBS	1	-3.5161	-2.533	-1.5929	A	22	A	C6	-2.428	1.06	-2.528	3.8688
179	molecule_00006	1	4	PBS	2	-3.4652	-2.1867	-2.9435	A	22	A	C6	-2.428	1.06	-2.528	3.4336
180	molecule_00006	1	4	PBS	7	-2.1039	-1.7637	-0.2754	A	22	A	C6	-2.428	1.06	-2.528	3.6266
181	molecule_00006	1	4	PBS	7	-2.1039	-1.7637	-0.2754	A	22	A	N6	-1.406	1.184	-1.677	3.3377
182	molecule_00006	1	4	PBS	2	-3.4652	-2.1867	-2.9435	A	22	A	N1	-2.182	1.177	-3.856	3.714
183	molecule_00006	1	4	PBS	2	-3.4652	-2.1867	-2.9435	A	22	A	C2	-3.208	1.056	-4.714	3.7035
184	molecule_00006	1	4	PBS	2	-3.4652	-2.1867	-2.9435	A	22	A	N3	-4.5	0.834	-4.453	3.5319
185	molecule_00006	1	4	PBS	3	-4.4146	-2.7043	-3.8265	A	22	A	N3	-4.5	0.834	-4.453	3.5944
186	molecule_00006	1	4	PBS	1	-3.5161	-2.533	-1.5929	A	22	A	C4	-4.709	0.72	-3.123	3.7876
187	molecule_00006	1	4	PBS	2	-3.4652	-2.1867	-2.9435	A	22	A	C4	-4.709	0.72	-3.123	3.1667
188	molecule_00006	1	4	PBS	3	-4.4146	-2.7043	-3.8265	A	22	A	C4	-4.709	0.72	-3.123	3.5082
189	molecule_00006	1	4	PBS	3	-4.4146	-2.7043	-3.8265	U	23	A	C5'	-7.449	-3.717	-5.917	3.8214
190	molecule_00006	1	4	PBS	4	-5.4087	-3.5639	-3.3587	U	23	A	C5'	-7.449	-3.717	-5.917	3.2758
191	molecule_00006	1	4	PBS	3	-4.4146	-2.7043	-3.8265	U	23	A	O4'	-5.318	-3.46	-7.005	3.3897
192	molecule_00006	1	4	PBS	4	-5.4087	-3.5639	-3.3587	U	23	A	O4'	-5.318	-3.46	-7.005	3.6489
193	molecule_00006	1	4	PBS	3	-4.4146	-2.7043	-3.8265	U	23	A	C5	-2.807	-5.779	-4.874	3.6243
194	molecule_00006	1	4	PBS	4	-5.4087	-3.5639	-3.3587	U	23	A	C5	-2.807	-5.779	-4.874	3.7379
195	molecule_00006	1	4	PBS	3	-4.4146	-2.7043	-3.8265	U	23	A	C6	-3.749	-5.187	-5.621	3.1348
196	molecule_00006	1	4	PBS	4	-5.4087	-3.5639	-3.3587	U	23	A	C6	-3.749	-5.187	-5.621	3.2415
197	molecule_00006	1	4	PBS	2	-3.4652	-2.1867	-2.9435	G	26	A	N7	-3.07	-1.483	-6.814	3.9538
198	molecule_00006	1	4	PBS	3	-4.4146	-2.7043	-3.8265	G	26	A	N7	-3.07	-1.483	-6.814	3.4964
199	molecule_00006	1	4	PBS	2	-3.4652	-2.1867	-2.9435	G	26	A	C6	-0.835	-1.643	-5.591	3.7713
200	molecule_00006	1	4	PBS	1	-3.5161	-2.533	-1.5929	G	26	A	O6	-1.153	-1.866	-4.417	3.7423
201	molecule_00006	1	4	PBS	2	-3.4652	-2.1867	-2.9435	G	26	A	O6	-1.153	-1.866	-4.417	2.7605
202	molecule_00006	1	4	PBS	3	-4.4146	-2.7043	-3.8265	G	26	A	O6	-1.153	-1.866	-4.417	3.419
